Command line invocation:
    /Applications/Xcode.app/Contents/Developer/usr/bin/xcodebuild -project "Embrace Ecommerce.xcodeproj" -scheme "Embrace Ecommerce" -destination "generic/platform=iOS Simulator" build

Resolve Package Graph


Resolved source packages:
  swift-log: https://github.com/apple/swift-log.git @ 1.6.4
  swift-nio-extras: https://github.com/apple/swift-nio-extras.git @ 1.29.0
  abseil: https://github.com/google/abseil-cpp-binary.git @ 1.2024072200.0
  Promises: https://github.com/google/promises.git @ 2.4.0
  opentelemetry-swift: https://github.com/open-telemetry/opentelemetry-swift @ 2.0.0
  swift-http-types: https://github.com/apple/swift-http-types.git @ 1.4.0
  AppAuth: https://github.com/openid/AppAuth-iOS.git @ 2.0.0
  swift-nio-transport-services: https://github.com/apple/swift-nio-transport-services.git @ 1.25.1
  GoogleDataTransport: https://github.com/google/GoogleDataTransport.git @ 10.1.0
  swift-crypto: https://github.com/apple/swift-crypto.git @ 3.14.0
  nanopb: https://github.com/firebase/nanopb.git @ 2.30910.0
  GoogleSignIn: https://github.com/google/GoogleSignIn-iOS @ 9.0.0
  swift-algorithms: https://github.com/apple/swift-algorithms.git @ 1.2.1
  GTMSessionFetcher: https://github.com/google/gtm-session-fetcher.git @ 3.5.0
  Thrift: https://github.com/undefinedlabs/Thrift-Swift @ 1.1.2
  Opentracing: https://github.com/undefinedlabs/opentracing-objc @ 0.5.2
  GoogleAppMeasurement: https://github.com/google/GoogleAppMeasurement.git @ 12.1.0
  swift-syntax: https://github.com/swiftlang/swift-syntax.git @ 509.1.1
  swift-numerics: https://github.com/apple/swift-numerics.git @ 1.0.3
  leveldb: https://github.com/firebase/leveldb.git @ 1.22.5
  swift-nio-http2: https://github.com/apple/swift-nio-http2.git @ 1.38.0
  GoogleAdsOnDeviceConversion: https://github.com/googleads/google-ads-on-device-conversion-ios-sdk @ 2.2.0
  swift-metrics: https://github.com/apple/swift-metrics.git @ 2.7.0
  gRPC: https://github.com/google/grpc-binary.git @ 1.69.0
  Mixpanel: https://github.com/mixpanel/mixpanel-swift @ master (e8c8783)
  swift-nio-ssl: https://github.com/apple/swift-nio-ssl.git @ 2.33.0
  GoogleUtilities: https://github.com/google/GoogleUtilities.git @ 8.1.0
  grpc-swift: https://github.com/grpc/grpc-swift.git @ 1.26.1
  InteropForGoogle: https://github.com/google/interop-ios-for-google-sdks.git @ 101.0.0
  Stripe: https://github.com/stripe/stripe-ios @ 24.19.0
  swift-atomics: https://github.com/apple/swift-atomics.git @ 1.3.0
  EmbraceIO: https://github.com/embrace-io/embrace-apple-sdk/ @ 6.13.0
  GTMAppAuth: https://github.com/google/GTMAppAuth.git @ 5.0.0
  swift-certificates: https://github.com/apple/swift-certificates.git @ 1.12.0
  SwiftProtobuf: https://github.com/apple/swift-protobuf.git @ 1.30.0
  swift-asn1: https://github.com/apple/swift-asn1.git @ 1.4.0
  swift-collections: https://github.com/apple/swift-collections.git @ 1.2.1
  swift-http-structured-headers: https://github.com/apple/swift-http-structured-headers.git @ 1.4.0
  DataCompression: https://github.com/mw99/DataCompression @ 3.9.0
  swift-nio: https://github.com/apple/swift-nio.git @ 2.86.0
  swift-service-lifecycle: https://github.com/swift-server/swift-service-lifecycle.git @ 2.8.0
  Firebase: https://github.com/firebase/firebase-ios-sdk @ 12.1.0
  AppCheck: https://github.com/google/app-check.git @ 11.2.0
  KSCrash: https://github.com/kstenerud/KSCrash @ 2.2.0
  swift-async-algorithms: https://github.com/apple/swift-async-algorithms.git @ 1.0.4
  swift-system: https://github.com/apple/swift-system.git @ 1.6.2

ComputePackagePrebuildTargetDependencyGraph

Prepare packages

CreateBuildRequest

SendProjectDescription

CreateBuildOperation

ComputeTargetDependencyGraph
note: Building targets in dependency order
note: Target dependency graph (145 targets)
    Target 'Embrace Ecommerce' in project 'Embrace Ecommerce'
        ➜ Explicit dependency on target 'FirebaseAnalytics' in project 'Firebase'
        ➜ Explicit dependency on target 'EmbraceIO' in project 'EmbraceIO'
        ➜ Explicit dependency on target 'FirebaseAnalyticsIdentitySupport' in project 'Firebase'
        ➜ Explicit dependency on target 'GoogleSignIn' in project 'GoogleSignIn'
        ➜ Explicit dependency on target 'EmbraceMacros' in project 'EmbraceIO'
        ➜ Explicit dependency on target 'EmbraceCrash' in project 'EmbraceIO'
        ➜ Explicit dependency on target 'Stripe' in project 'Stripe'
        ➜ Explicit dependency on target 'EmbraceCore' in project 'EmbraceIO'
        ➜ Explicit dependency on target 'EmbraceCrashlyticsSupport' in project 'EmbraceIO'
        ➜ Explicit dependency on target 'GoogleSignInSwift' in project 'GoogleSignIn'
        ➜ Explicit dependency on target 'FirebaseAI' in project 'Firebase'
        ➜ Explicit dependency on target 'FirebaseAppCheck' in project 'Firebase'
        ➜ Explicit dependency on target 'FirebaseAnalyticsCore' in project 'Firebase'
        ➜ Explicit dependency on target 'Mixpanel' in project 'Mixpanel'
    Target 'Mixpanel' in project 'Mixpanel'
        ➜ Explicit dependency on target 'Mixpanel' in project 'Mixpanel'
        ➜ Explicit dependency on target 'Mixpanel_Mixpanel' in project 'Mixpanel'
    Target 'Mixpanel' in project 'Mixpanel'
        ➜ Explicit dependency on target 'Mixpanel_Mixpanel' in project 'Mixpanel'
    Target 'Mixpanel_Mixpanel' in project 'Mixpanel' (no dependencies)
    Target 'FirebaseAnalyticsCore' in project 'Firebase'
        ➜ Explicit dependency on target 'FirebaseAnalyticsCoreTarget' in project 'Firebase'
        ➜ Explicit dependency on target 'Firebase' in project 'Firebase'
        ➜ Explicit dependency on target 'FirebaseCoreInternal' in project 'Firebase'
        ➜ Explicit dependency on target 'FirebaseCore' in project 'Firebase'
        ➜ Explicit dependency on target 'FirebaseInstallations' in project 'Firebase'
        ➜ Explicit dependency on target 'FirebaseAnalyticsCoreWrapper' in project 'Firebase'
        ➜ Explicit dependency on target 'GULNSData' in project 'GoogleUtilities'
        ➜ Explicit dependency on target 'GULEnvironment' in project 'GoogleUtilities'
        ➜ Explicit dependency on target 'GULLogger' in project 'GoogleUtilities'
        ➜ Explicit dependency on target 'FBLPromises' in project 'Promises'
        ➜ Explicit dependency on target 'GULUserDefaults' in project 'GoogleUtilities'
        ➜ Explicit dependency on target 'GoogleAppMeasurementCore' in project 'GoogleAppMeasurement'
        ➜ Explicit dependency on target 'GULAppDelegateSwizzler' in project 'GoogleUtilities'
        ➜ Explicit dependency on target 'GULMethodSwizzler' in project 'GoogleUtilities'
        ➜ Explicit dependency on target 'GULNetwork' in project 'GoogleUtilities'
        ➜ Explicit dependency on target 'nanopb' in project 'nanopb'
    Target 'FirebaseAnalyticsCoreTarget' in project 'Firebase'
        ➜ Explicit dependency on target 'Firebase' in project 'Firebase'
        ➜ Explicit dependency on target 'FirebaseCoreInternal' in project 'Firebase'
        ➜ Explicit dependency on target 'FirebaseCore' in project 'Firebase'
        ➜ Explicit dependency on target 'FirebaseInstallations' in project 'Firebase'
        ➜ Explicit dependency on target 'FirebaseAnalyticsCoreWrapper' in project 'Firebase'
        ➜ Explicit dependency on target 'GULNSData' in project 'GoogleUtilities'
        ➜ Explicit dependency on target 'GULEnvironment' in project 'GoogleUtilities'
        ➜ Explicit dependency on target 'GULLogger' in project 'GoogleUtilities'
        ➜ Explicit dependency on target 'FBLPromises' in project 'Promises'
        ➜ Explicit dependency on target 'GULUserDefaults' in project 'GoogleUtilities'
        ➜ Explicit dependency on target 'GoogleAppMeasurementCore' in project 'GoogleAppMeasurement'
        ➜ Explicit dependency on target 'GULAppDelegateSwizzler' in project 'GoogleUtilities'
        ➜ Explicit dependency on target 'GULMethodSwizzler' in project 'GoogleUtilities'
        ➜ Explicit dependency on target 'GULNetwork' in project 'GoogleUtilities'
        ➜ Explicit dependency on target 'nanopb' in project 'nanopb'
    Target 'FirebaseAnalyticsCoreWrapper' in project 'Firebase'
        ➜ Explicit dependency on target 'Firebase' in project 'Firebase'
        ➜ Explicit dependency on target 'FirebaseCoreInternal' in project 'Firebase'
        ➜ Explicit dependency on target 'FirebaseCore' in project 'Firebase'
        ➜ Explicit dependency on target 'FirebaseInstallations' in project 'Firebase'
        ➜ Explicit dependency on target 'GULNSData' in project 'GoogleUtilities'
        ➜ Explicit dependency on target 'GULEnvironment' in project 'GoogleUtilities'
        ➜ Explicit dependency on target 'GULLogger' in project 'GoogleUtilities'
        ➜ Explicit dependency on target 'FBLPromises' in project 'Promises'
        ➜ Explicit dependency on target 'GULUserDefaults' in project 'GoogleUtilities'
        ➜ Explicit dependency on target 'GoogleAppMeasurementCore' in project 'GoogleAppMeasurement'
        ➜ Explicit dependency on target 'GULAppDelegateSwizzler' in project 'GoogleUtilities'
        ➜ Explicit dependency on target 'GULMethodSwizzler' in project 'GoogleUtilities'
        ➜ Explicit dependency on target 'GULNetwork' in project 'GoogleUtilities'
        ➜ Explicit dependency on target 'nanopb' in project 'nanopb'
    Target 'GoogleAppMeasurementCore' in project 'GoogleAppMeasurement'
        ➜ Explicit dependency on target 'GoogleAppMeasurementCoreTarget' in project 'GoogleAppMeasurement'
        ➜ Explicit dependency on target 'GULAppDelegateSwizzler' in project 'GoogleUtilities'
        ➜ Explicit dependency on target 'GULMethodSwizzler' in project 'GoogleUtilities'
        ➜ Explicit dependency on target 'GULNSData' in project 'GoogleUtilities'
        ➜ Explicit dependency on target 'GULNetwork' in project 'GoogleUtilities'
        ➜ Explicit dependency on target 'nanopb' in project 'nanopb'
    Target 'GoogleAppMeasurementCoreTarget' in project 'GoogleAppMeasurement'
        ➜ Explicit dependency on target 'GULAppDelegateSwizzler' in project 'GoogleUtilities'
        ➜ Explicit dependency on target 'GULMethodSwizzler' in project 'GoogleUtilities'
        ➜ Explicit dependency on target 'GULNSData' in project 'GoogleUtilities'
        ➜ Explicit dependency on target 'GULNetwork' in project 'GoogleUtilities'
        ➜ Explicit dependency on target 'nanopb' in project 'nanopb'
    Target 'FirebaseAppCheck' in project 'Firebase'
        ➜ Explicit dependency on target 'FirebaseAppCheck' in project 'Firebase'
        ➜ Explicit dependency on target 'FirebaseAppCheckInterop' in project 'Firebase'
        ➜ Explicit dependency on target 'Firebase' in project 'Firebase'
        ➜ Explicit dependency on target 'FirebaseCoreInternal' in project 'Firebase'
        ➜ Explicit dependency on target 'FirebaseCore' in project 'Firebase'
        ➜ Explicit dependency on target 'GULNSData' in project 'GoogleUtilities'
        ➜ Explicit dependency on target 'GULEnvironment' in project 'GoogleUtilities'
        ➜ Explicit dependency on target 'GULLogger' in project 'GoogleUtilities'
        ➜ Explicit dependency on target 'AppCheckCore' in project 'AppCheck'
        ➜ Explicit dependency on target 'GULUserDefaults' in project 'GoogleUtilities'
    Target 'FirebaseAppCheck' in project 'Firebase'
        ➜ Explicit dependency on target 'FirebaseAppCheckInterop' in project 'Firebase'
        ➜ Explicit dependency on target 'Firebase' in project 'Firebase'
        ➜ Explicit dependency on target 'FirebaseCoreInternal' in project 'Firebase'
        ➜ Explicit dependency on target 'FirebaseCore' in project 'Firebase'
        ➜ Explicit dependency on target 'GULNSData' in project 'GoogleUtilities'
        ➜ Explicit dependency on target 'GULEnvironment' in project 'GoogleUtilities'
        ➜ Explicit dependency on target 'GULLogger' in project 'GoogleUtilities'
        ➜ Explicit dependency on target 'AppCheckCore' in project 'AppCheck'
        ➜ Explicit dependency on target 'GULUserDefaults' in project 'GoogleUtilities'
    Target 'FirebaseAI' in project 'Firebase'
        ➜ Explicit dependency on target 'FirebaseAI' in project 'Firebase'
        ➜ Explicit dependency on target 'FirebaseAppCheckInterop' in project 'Firebase'
        ➜ Explicit dependency on target 'FirebaseAuthInterop' in project 'Firebase'
        ➜ Explicit dependency on target 'Firebase' in project 'Firebase'
        ➜ Explicit dependency on target 'FirebaseCoreInternal' in project 'Firebase'
        ➜ Explicit dependency on target 'FirebaseCore' in project 'Firebase'
        ➜ Explicit dependency on target 'FirebaseCoreExtension' in project 'Firebase'
        ➜ Explicit dependency on target 'GULNSData' in project 'GoogleUtilities'
        ➜ Explicit dependency on target 'GULEnvironment' in project 'GoogleUtilities'
        ➜ Explicit dependency on target 'GULLogger' in project 'GoogleUtilities'
    Target 'FirebaseAI' in project 'Firebase'
        ➜ Explicit dependency on target 'FirebaseAppCheckInterop' in project 'Firebase'
        ➜ Explicit dependency on target 'FirebaseAuthInterop' in project 'Firebase'
        ➜ Explicit dependency on target 'Firebase' in project 'Firebase'
        ➜ Explicit dependency on target 'FirebaseCoreInternal' in project 'Firebase'
        ➜ Explicit dependency on target 'FirebaseCore' in project 'Firebase'
        ➜ Explicit dependency on target 'FirebaseCoreExtension' in project 'Firebase'
        ➜ Explicit dependency on target 'GULNSData' in project 'GoogleUtilities'
        ➜ Explicit dependency on target 'GULEnvironment' in project 'GoogleUtilities'
        ➜ Explicit dependency on target 'GULLogger' in project 'GoogleUtilities'
    Target 'FirebaseCoreExtension' in project 'Firebase'
        ➜ Explicit dependency on target 'Firebase_FirebaseCoreExtension' in project 'Firebase'
    Target 'Firebase_FirebaseCoreExtension' in project 'Firebase' (no dependencies)
    Target 'FirebaseAuthInterop' in project 'Firebase' (no dependencies)
    Target 'FirebaseAppCheckInterop' in project 'Firebase' (no dependencies)
    Target 'GoogleSignInSwift' in project 'GoogleSignIn'
        ➜ Explicit dependency on target 'GoogleSignInSwift' in project 'GoogleSignIn'
        ➜ Explicit dependency on target 'GoogleSignIn_GoogleSignInSwift' in project 'GoogleSignIn'
        ➜ Explicit dependency on target 'GoogleSignIn' in project 'GoogleSignIn'
        ➜ Explicit dependency on target 'AppAuth' in project 'AppAuth'
        ➜ Explicit dependency on target 'AppAuthCore' in project 'AppAuth'
        ➜ Explicit dependency on target 'AppCheckCore' in project 'AppCheck'
        ➜ Explicit dependency on target 'GTMAppAuth' in project 'GTMAppAuth'
        ➜ Explicit dependency on target 'GTMSessionFetcherCore' in project 'GTMSessionFetcher'
    Target 'GoogleSignInSwift' in project 'GoogleSignIn'
        ➜ Explicit dependency on target 'GoogleSignIn_GoogleSignInSwift' in project 'GoogleSignIn'
        ➜ Explicit dependency on target 'GoogleSignIn' in project 'GoogleSignIn'
        ➜ Explicit dependency on target 'AppAuth' in project 'AppAuth'
        ➜ Explicit dependency on target 'AppAuthCore' in project 'AppAuth'
        ➜ Explicit dependency on target 'AppCheckCore' in project 'AppCheck'
        ➜ Explicit dependency on target 'GTMAppAuth' in project 'GTMAppAuth'
        ➜ Explicit dependency on target 'GTMSessionFetcherCore' in project 'GTMSessionFetcher'
    Target 'GoogleSignIn_GoogleSignInSwift' in project 'GoogleSignIn' (no dependencies)
    Target 'EmbraceCrashlyticsSupport' in project 'EmbraceIO'
        ➜ Explicit dependency on target 'EmbraceCrashlyticsSupport' in project 'EmbraceIO'
        ➜ Explicit dependency on target 'EmbraceCommonInternal' in project 'EmbraceIO'
        ➜ Explicit dependency on target 'OpenTelemetrySdk' in project 'opentelemetry-swift'
    Target 'EmbraceCrashlyticsSupport' in project 'EmbraceIO'
        ➜ Explicit dependency on target 'EmbraceCommonInternal' in project 'EmbraceIO'
        ➜ Explicit dependency on target 'OpenTelemetrySdk' in project 'opentelemetry-swift'
    Target 'EmbraceCore' in project 'EmbraceIO'
        ➜ Explicit dependency on target 'EmbraceCore' in project 'EmbraceIO'
        ➜ Explicit dependency on target 'EmbraceConfiguration' in project 'EmbraceIO'
        ➜ Explicit dependency on target 'EmbraceIO_EmbraceCore' in project 'EmbraceIO'
        ➜ Explicit dependency on target 'EmbraceCommonInternal' in project 'EmbraceIO'
        ➜ Explicit dependency on target 'EmbraceSemantics' in project 'EmbraceIO'
        ➜ Explicit dependency on target 'EmbraceOTelInternal' in project 'EmbraceIO'
        ➜ Explicit dependency on target 'EmbraceCaptureService' in project 'EmbraceIO'
        ➜ Explicit dependency on target 'EmbraceConfigInternal' in project 'EmbraceIO'
        ➜ Explicit dependency on target 'EmbraceCoreDataInternal' in project 'EmbraceIO'
        ➜ Explicit dependency on target 'EmbraceStorageInternal' in project 'EmbraceIO'
        ➜ Explicit dependency on target 'EmbraceUploadInternal' in project 'EmbraceIO'
        ➜ Explicit dependency on target 'EmbraceObjCUtilsInternal' in project 'EmbraceIO'
        ➜ Explicit dependency on target 'OpenTelemetrySdk' in project 'opentelemetry-swift'
    Target 'Stripe' in project 'Stripe'
        ➜ Explicit dependency on target 'Stripe' in project 'Stripe'
        ➜ Explicit dependency on target 'Stripe_Stripe' in project 'Stripe'
        ➜ Explicit dependency on target 'Stripe3DS2' in project 'Stripe'
        ➜ Explicit dependency on target 'StripeCore' in project 'Stripe'
        ➜ Explicit dependency on target 'StripeApplePay' in project 'Stripe'
        ➜ Explicit dependency on target 'StripeUICore' in project 'Stripe'
        ➜ Explicit dependency on target 'StripePayments' in project 'Stripe'
        ➜ Explicit dependency on target 'StripePaymentsUI' in project 'Stripe'
    Target 'Stripe' in project 'Stripe'
        ➜ Explicit dependency on target 'Stripe_Stripe' in project 'Stripe'
        ➜ Explicit dependency on target 'Stripe3DS2' in project 'Stripe'
        ➜ Explicit dependency on target 'StripeCore' in project 'Stripe'
        ➜ Explicit dependency on target 'StripeApplePay' in project 'Stripe'
        ➜ Explicit dependency on target 'StripeUICore' in project 'Stripe'
        ➜ Explicit dependency on target 'StripePayments' in project 'Stripe'
        ➜ Explicit dependency on target 'StripePaymentsUI' in project 'Stripe'
    Target 'StripePaymentsUI' in project 'Stripe'
        ➜ Explicit dependency on target 'Stripe_StripePaymentsUI' in project 'Stripe'
        ➜ Explicit dependency on target 'StripeCore' in project 'Stripe'
        ➜ Explicit dependency on target 'Stripe3DS2' in project 'Stripe'
        ➜ Explicit dependency on target 'StripePayments' in project 'Stripe'
        ➜ Explicit dependency on target 'StripeUICore' in project 'Stripe'
    Target 'Stripe_StripePaymentsUI' in project 'Stripe' (no dependencies)
    Target 'StripePayments' in project 'Stripe'
        ➜ Explicit dependency on target 'Stripe_StripePayments' in project 'Stripe'
        ➜ Explicit dependency on target 'StripeCore' in project 'Stripe'
        ➜ Explicit dependency on target 'Stripe3DS2' in project 'Stripe'
    Target 'Stripe_StripePayments' in project 'Stripe' (no dependencies)
    Target 'StripeUICore' in project 'Stripe'
        ➜ Explicit dependency on target 'Stripe_StripeUICore' in project 'Stripe'
        ➜ Explicit dependency on target 'StripeCore' in project 'Stripe'
    Target 'Stripe_StripeUICore' in project 'Stripe' (no dependencies)
    Target 'StripeApplePay' in project 'Stripe'
        ➜ Explicit dependency on target 'StripeCore' in project 'Stripe'
    Target 'StripeCore' in project 'Stripe'
        ➜ Explicit dependency on target 'Stripe_StripeCore' in project 'Stripe'
    Target 'Stripe_StripeCore' in project 'Stripe' (no dependencies)
    Target 'Stripe3DS2' in project 'Stripe'
        ➜ Explicit dependency on target 'Stripe_Stripe3DS2' in project 'Stripe'
    Target 'Stripe_Stripe3DS2' in project 'Stripe' (no dependencies)
    Target 'Stripe_Stripe' in project 'Stripe' (no dependencies)
    Target 'EmbraceCrash' in project 'EmbraceIO'
        ➜ Explicit dependency on target 'EmbraceCrash' in project 'EmbraceIO'
        ➜ Explicit dependency on target 'EmbraceCommonInternal' in project 'EmbraceIO'
        ➜ Explicit dependency on target 'EmbraceSemantics' in project 'EmbraceIO'
        ➜ Explicit dependency on target 'OpenTelemetrySdk' in project 'opentelemetry-swift'
        ➜ Explicit dependency on target 'Recording' in project 'KSCrash'
    Target 'EmbraceMacros' in project 'EmbraceIO'
        ➜ Explicit dependency on target 'EmbraceMacros' in project 'EmbraceIO'
        ➜ Explicit dependency on target 'EmbraceCore' in project 'EmbraceIO'
        ➜ Explicit dependency on target 'EmbraceIO_EmbraceCore' in project 'EmbraceIO'
        ➜ Explicit dependency on target 'EmbraceMacroPlugin' in project 'EmbraceIO'
        ➜ Explicit dependency on target 'EmbraceCommonInternal' in project 'EmbraceIO'
        ➜ Explicit dependency on target 'EmbraceSemantics' in project 'EmbraceIO'
        ➜ Explicit dependency on target 'EmbraceOTelInternal' in project 'EmbraceIO'
        ➜ Explicit dependency on target 'EmbraceCaptureService' in project 'EmbraceIO'
        ➜ Explicit dependency on target 'EmbraceConfiguration' in project 'EmbraceIO'
        ➜ Explicit dependency on target 'EmbraceConfigInternal' in project 'EmbraceIO'
        ➜ Explicit dependency on target 'EmbraceCoreDataInternal' in project 'EmbraceIO'
        ➜ Explicit dependency on target 'EmbraceStorageInternal' in project 'EmbraceIO'
        ➜ Explicit dependency on target 'EmbraceUploadInternal' in project 'EmbraceIO'
        ➜ Explicit dependency on target 'EmbraceObjCUtilsInternal' in project 'EmbraceIO'
        ➜ Explicit dependency on target 'OpenTelemetrySdk' in project 'opentelemetry-swift'
    Target 'EmbraceMacros' in project 'EmbraceIO'
        ➜ Explicit dependency on target 'EmbraceMacroPlugin' in project 'EmbraceIO'
        ➜ Explicit dependency on target 'EmbraceCommonInternal' in project 'EmbraceIO'
        ➜ Explicit dependency on target 'EmbraceSemantics' in project 'EmbraceIO'
        ➜ Explicit dependency on target 'EmbraceOTelInternal' in project 'EmbraceIO'
        ➜ Explicit dependency on target 'EmbraceCaptureService' in project 'EmbraceIO'
        ➜ Explicit dependency on target 'EmbraceConfiguration' in project 'EmbraceIO'
        ➜ Explicit dependency on target 'EmbraceConfigInternal' in project 'EmbraceIO'
        ➜ Explicit dependency on target 'EmbraceCoreDataInternal' in project 'EmbraceIO'
        ➜ Explicit dependency on target 'EmbraceStorageInternal' in project 'EmbraceIO'
        ➜ Explicit dependency on target 'EmbraceUploadInternal' in project 'EmbraceIO'
        ➜ Explicit dependency on target 'EmbraceObjCUtilsInternal' in project 'EmbraceIO'
        ➜ Explicit dependency on target 'EmbraceCore' in project 'EmbraceIO'
        ➜ Explicit dependency on target 'OpenTelemetrySdk' in project 'opentelemetry-swift'
    Target 'EmbraceMacroPlugin' in project 'EmbraceIO'
        ➜ Explicit dependency on target 'SwiftSyntaxMacros' in project 'swift-syntax'
        ➜ Explicit dependency on target 'SwiftCompilerPlugin' in project 'swift-syntax'
    Target 'SwiftCompilerPlugin' in project 'swift-syntax'
        ➜ Explicit dependency on target 'SwiftCompilerPlugin' in project 'swift-syntax'
        ➜ Explicit dependency on target 'SwiftSyntax509' in project 'swift-syntax'
        ➜ Explicit dependency on target 'SwiftSyntax' in project 'swift-syntax'
        ➜ Explicit dependency on target 'SwiftDiagnostics' in project 'swift-syntax'
        ➜ Explicit dependency on target 'SwiftParser' in project 'swift-syntax'
        ➜ Explicit dependency on target 'SwiftOperators' in project 'swift-syntax'
        ➜ Explicit dependency on target 'SwiftBasicFormat' in project 'swift-syntax'
        ➜ Explicit dependency on target 'SwiftParserDiagnostics' in project 'swift-syntax'
        ➜ Explicit dependency on target 'SwiftSyntaxBuilder' in project 'swift-syntax'
        ➜ Explicit dependency on target 'SwiftSyntaxMacros' in project 'swift-syntax'
        ➜ Explicit dependency on target 'SwiftSyntaxMacroExpansion' in project 'swift-syntax'
        ➜ Explicit dependency on target 'SwiftCompilerPluginMessageHandling' in project 'swift-syntax'
    Target 'SwiftCompilerPlugin' in project 'swift-syntax'
        ➜ Explicit dependency on target 'SwiftSyntax509' in project 'swift-syntax'
        ➜ Explicit dependency on target 'SwiftSyntax' in project 'swift-syntax'
        ➜ Explicit dependency on target 'SwiftDiagnostics' in project 'swift-syntax'
        ➜ Explicit dependency on target 'SwiftParser' in project 'swift-syntax'
        ➜ Explicit dependency on target 'SwiftOperators' in project 'swift-syntax'
        ➜ Explicit dependency on target 'SwiftBasicFormat' in project 'swift-syntax'
        ➜ Explicit dependency on target 'SwiftParserDiagnostics' in project 'swift-syntax'
        ➜ Explicit dependency on target 'SwiftSyntaxBuilder' in project 'swift-syntax'
        ➜ Explicit dependency on target 'SwiftSyntaxMacros' in project 'swift-syntax'
        ➜ Explicit dependency on target 'SwiftSyntaxMacroExpansion' in project 'swift-syntax'
        ➜ Explicit dependency on target 'SwiftCompilerPluginMessageHandling' in project 'swift-syntax'
    Target 'SwiftCompilerPluginMessageHandling' in project 'swift-syntax'
        ➜ Explicit dependency on target 'SwiftSyntax509' in project 'swift-syntax'
        ➜ Explicit dependency on target 'SwiftSyntax' in project 'swift-syntax'
        ➜ Explicit dependency on target 'SwiftDiagnostics' in project 'swift-syntax'
        ➜ Explicit dependency on target 'SwiftParser' in project 'swift-syntax'
        ➜ Explicit dependency on target 'SwiftOperators' in project 'swift-syntax'
        ➜ Explicit dependency on target 'SwiftBasicFormat' in project 'swift-syntax'
        ➜ Explicit dependency on target 'SwiftParserDiagnostics' in project 'swift-syntax'
        ➜ Explicit dependency on target 'SwiftSyntaxBuilder' in project 'swift-syntax'
        ➜ Explicit dependency on target 'SwiftSyntaxMacros' in project 'swift-syntax'
        ➜ Explicit dependency on target 'SwiftSyntaxMacroExpansion' in project 'swift-syntax'
    Target 'SwiftSyntaxMacroExpansion' in project 'swift-syntax'
        ➜ Explicit dependency on target 'SwiftSyntax509' in project 'swift-syntax'
        ➜ Explicit dependency on target 'SwiftSyntax' in project 'swift-syntax'
        ➜ Explicit dependency on target 'SwiftBasicFormat' in project 'swift-syntax'
        ➜ Explicit dependency on target 'SwiftParser' in project 'swift-syntax'
        ➜ Explicit dependency on target 'SwiftDiagnostics' in project 'swift-syntax'
        ➜ Explicit dependency on target 'SwiftParserDiagnostics' in project 'swift-syntax'
        ➜ Explicit dependency on target 'SwiftSyntaxBuilder' in project 'swift-syntax'
        ➜ Explicit dependency on target 'SwiftSyntaxMacros' in project 'swift-syntax'
        ➜ Explicit dependency on target 'SwiftOperators' in project 'swift-syntax'
    Target 'SwiftOperators' in project 'swift-syntax'
        ➜ Explicit dependency on target 'SwiftSyntax509' in project 'swift-syntax'
        ➜ Explicit dependency on target 'SwiftSyntax' in project 'swift-syntax'
        ➜ Explicit dependency on target 'SwiftDiagnostics' in project 'swift-syntax'
        ➜ Explicit dependency on target 'SwiftParser' in project 'swift-syntax'
    Target 'SwiftSyntaxMacros' in project 'swift-syntax'
        ➜ Explicit dependency on target 'SwiftSyntaxMacros' in project 'swift-syntax'
        ➜ Explicit dependency on target 'SwiftSyntax509' in project 'swift-syntax'
        ➜ Explicit dependency on target 'SwiftSyntax' in project 'swift-syntax'
        ➜ Explicit dependency on target 'SwiftDiagnostics' in project 'swift-syntax'
        ➜ Explicit dependency on target 'SwiftParser' in project 'swift-syntax'
        ➜ Explicit dependency on target 'SwiftBasicFormat' in project 'swift-syntax'
        ➜ Explicit dependency on target 'SwiftParserDiagnostics' in project 'swift-syntax'
        ➜ Explicit dependency on target 'SwiftSyntaxBuilder' in project 'swift-syntax'
    Target 'SwiftSyntaxMacros' in project 'swift-syntax'
        ➜ Explicit dependency on target 'SwiftSyntax509' in project 'swift-syntax'
        ➜ Explicit dependency on target 'SwiftSyntax' in project 'swift-syntax'
        ➜ Explicit dependency on target 'SwiftDiagnostics' in project 'swift-syntax'
        ➜ Explicit dependency on target 'SwiftParser' in project 'swift-syntax'
        ➜ Explicit dependency on target 'SwiftBasicFormat' in project 'swift-syntax'
        ➜ Explicit dependency on target 'SwiftParserDiagnostics' in project 'swift-syntax'
        ➜ Explicit dependency on target 'SwiftSyntaxBuilder' in project 'swift-syntax'
    Target 'SwiftSyntaxBuilder' in project 'swift-syntax'
        ➜ Explicit dependency on target 'SwiftSyntax509' in project 'swift-syntax'
        ➜ Explicit dependency on target 'SwiftSyntax' in project 'swift-syntax'
        ➜ Explicit dependency on target 'SwiftBasicFormat' in project 'swift-syntax'
        ➜ Explicit dependency on target 'SwiftParser' in project 'swift-syntax'
        ➜ Explicit dependency on target 'SwiftDiagnostics' in project 'swift-syntax'
        ➜ Explicit dependency on target 'SwiftParserDiagnostics' in project 'swift-syntax'
    Target 'SwiftParserDiagnostics' in project 'swift-syntax'
        ➜ Explicit dependency on target 'SwiftSyntax509' in project 'swift-syntax'
        ➜ Explicit dependency on target 'SwiftSyntax' in project 'swift-syntax'
        ➜ Explicit dependency on target 'SwiftBasicFormat' in project 'swift-syntax'
        ➜ Explicit dependency on target 'SwiftDiagnostics' in project 'swift-syntax'
        ➜ Explicit dependency on target 'SwiftParser' in project 'swift-syntax'
    Target 'SwiftBasicFormat' in project 'swift-syntax'
        ➜ Explicit dependency on target 'SwiftSyntax509' in project 'swift-syntax'
        ➜ Explicit dependency on target 'SwiftSyntax' in project 'swift-syntax'
    Target 'SwiftParser' in project 'swift-syntax'
        ➜ Explicit dependency on target 'SwiftSyntax509' in project 'swift-syntax'
        ➜ Explicit dependency on target 'SwiftSyntax' in project 'swift-syntax'
    Target 'SwiftDiagnostics' in project 'swift-syntax'
        ➜ Explicit dependency on target 'SwiftSyntax509' in project 'swift-syntax'
        ➜ Explicit dependency on target 'SwiftSyntax' in project 'swift-syntax'
    Target 'SwiftSyntax' in project 'swift-syntax'
        ➜ Explicit dependency on target 'SwiftSyntax509' in project 'swift-syntax'
    Target 'SwiftSyntax509' in project 'swift-syntax' (no dependencies)
    Target 'GoogleSignIn' in project 'GoogleSignIn'
        ➜ Explicit dependency on target 'GoogleSignIn' in project 'GoogleSignIn'
        ➜ Explicit dependency on target 'GoogleSignIn_GoogleSignIn' in project 'GoogleSignIn'
        ➜ Explicit dependency on target 'AppAuth' in project 'AppAuth'
        ➜ Explicit dependency on target 'AppAuthCore' in project 'AppAuth'
        ➜ Explicit dependency on target 'AppCheckCore' in project 'AppCheck'
        ➜ Explicit dependency on target 'GTMAppAuth' in project 'GTMAppAuth'
        ➜ Explicit dependency on target 'GTMSessionFetcherCore' in project 'GTMSessionFetcher'
    Target 'GoogleSignIn' in project 'GoogleSignIn'
        ➜ Explicit dependency on target 'GoogleSignIn_GoogleSignIn' in project 'GoogleSignIn'
        ➜ Explicit dependency on target 'AppAuth' in project 'AppAuth'
        ➜ Explicit dependency on target 'AppAuthCore' in project 'AppAuth'
        ➜ Explicit dependency on target 'AppCheckCore' in project 'AppCheck'
        ➜ Explicit dependency on target 'GTMAppAuth' in project 'GTMAppAuth'
        ➜ Explicit dependency on target 'GTMSessionFetcherCore' in project 'GTMSessionFetcher'
    Target 'GTMAppAuth' in project 'GTMAppAuth'
        ➜ Explicit dependency on target 'GTMAppAuth' in project 'GTMAppAuth'
        ➜ Explicit dependency on target 'GTMAppAuth_GTMAppAuth' in project 'GTMAppAuth'
        ➜ Explicit dependency on target 'GTMSessionFetcherCore' in project 'GTMSessionFetcher'
        ➜ Explicit dependency on target 'AppAuthCore' in project 'AppAuth'
    Target 'GTMAppAuth' in project 'GTMAppAuth'
        ➜ Explicit dependency on target 'GTMAppAuth_GTMAppAuth' in project 'GTMAppAuth'
        ➜ Explicit dependency on target 'GTMSessionFetcherCore' in project 'GTMSessionFetcher'
        ➜ Explicit dependency on target 'AppAuthCore' in project 'AppAuth'
    Target 'GTMSessionFetcherCore' in project 'GTMSessionFetcher'
        ➜ Explicit dependency on target 'GTMSessionFetcherCore' in project 'GTMSessionFetcher'
        ➜ Explicit dependency on target 'GTMSessionFetcher_GTMSessionFetcherCore' in project 'GTMSessionFetcher'
    Target 'GTMSessionFetcherCore' in project 'GTMSessionFetcher'
        ➜ Explicit dependency on target 'GTMSessionFetcher_GTMSessionFetcherCore' in project 'GTMSessionFetcher'
    Target 'GTMSessionFetcher_GTMSessionFetcherCore' in project 'GTMSessionFetcher' (no dependencies)
    Target 'GTMAppAuth_GTMAppAuth' in project 'GTMAppAuth' (no dependencies)
    Target 'AppCheckCore' in project 'AppCheck'
        ➜ Explicit dependency on target 'AppCheckCore' in project 'AppCheck'
        ➜ Explicit dependency on target 'FBLPromises' in project 'Promises'
        ➜ Explicit dependency on target 'GULEnvironment' in project 'GoogleUtilities'
        ➜ Explicit dependency on target 'GULUserDefaults' in project 'GoogleUtilities'
    Target 'AppCheckCore' in project 'AppCheck'
        ➜ Explicit dependency on target 'FBLPromises' in project 'Promises'
        ➜ Explicit dependency on target 'GULEnvironment' in project 'GoogleUtilities'
        ➜ Explicit dependency on target 'GULUserDefaults' in project 'GoogleUtilities'
    Target 'AppAuthCore' in project 'AppAuth'
        ➜ Explicit dependency on target 'AppAuthCore' in project 'AppAuth'
        ➜ Explicit dependency on target 'AppAuth_AppAuthCore' in project 'AppAuth'
    Target 'AppAuth' in project 'AppAuth'
        ➜ Explicit dependency on target 'AppAuth' in project 'AppAuth'
        ➜ Explicit dependency on target 'AppAuth_AppAuth' in project 'AppAuth'
        ➜ Explicit dependency on target 'AppAuthCore' in project 'AppAuth'
    Target 'AppAuth' in project 'AppAuth'
        ➜ Explicit dependency on target 'AppAuth_AppAuth' in project 'AppAuth'
        ➜ Explicit dependency on target 'AppAuthCore' in project 'AppAuth'
    Target 'AppAuthCore' in project 'AppAuth'
        ➜ Explicit dependency on target 'AppAuth_AppAuthCore' in project 'AppAuth'
    Target 'AppAuth_AppAuthCore' in project 'AppAuth' (no dependencies)
    Target 'AppAuth_AppAuth' in project 'AppAuth' (no dependencies)
    Target 'GoogleSignIn_GoogleSignIn' in project 'GoogleSignIn' (no dependencies)
    Target 'FirebaseAnalyticsIdentitySupport' in project 'Firebase'
        ➜ Explicit dependency on target 'FirebaseAnalyticsIdentitySupportTarget' in project 'Firebase'
        ➜ Explicit dependency on target 'Firebase' in project 'Firebase'
        ➜ Explicit dependency on target 'FirebaseCoreInternal' in project 'Firebase'
        ➜ Explicit dependency on target 'FirebaseCore' in project 'Firebase'
        ➜ Explicit dependency on target 'FirebaseInstallations' in project 'Firebase'
        ➜ Explicit dependency on target 'GULNSData' in project 'GoogleUtilities'
        ➜ Explicit dependency on target 'GULEnvironment' in project 'GoogleUtilities'
        ➜ Explicit dependency on target 'GULLogger' in project 'GoogleUtilities'
        ➜ Explicit dependency on target 'FBLPromises' in project 'Promises'
        ➜ Explicit dependency on target 'GULUserDefaults' in project 'GoogleUtilities'
        ➜ Explicit dependency on target 'GoogleAppMeasurementIdentitySupport' in project 'GoogleAppMeasurement'
        ➜ Explicit dependency on target 'GULAppDelegateSwizzler' in project 'GoogleUtilities'
        ➜ Explicit dependency on target 'GULMethodSwizzler' in project 'GoogleUtilities'
        ➜ Explicit dependency on target 'GULNetwork' in project 'GoogleUtilities'
        ➜ Explicit dependency on target 'nanopb' in project 'nanopb'
    Target 'FirebaseAnalyticsIdentitySupportTarget' in project 'Firebase'
        ➜ Explicit dependency on target 'Firebase' in project 'Firebase'
        ➜ Explicit dependency on target 'FirebaseCoreInternal' in project 'Firebase'
        ➜ Explicit dependency on target 'FirebaseCore' in project 'Firebase'
        ➜ Explicit dependency on target 'FirebaseInstallations' in project 'Firebase'
        ➜ Explicit dependency on target 'GULNSData' in project 'GoogleUtilities'
        ➜ Explicit dependency on target 'GULEnvironment' in project 'GoogleUtilities'
        ➜ Explicit dependency on target 'GULLogger' in project 'GoogleUtilities'
        ➜ Explicit dependency on target 'FBLPromises' in project 'Promises'
        ➜ Explicit dependency on target 'GULUserDefaults' in project 'GoogleUtilities'
        ➜ Explicit dependency on target 'GoogleAppMeasurementIdentitySupport' in project 'GoogleAppMeasurement'
        ➜ Explicit dependency on target 'GULAppDelegateSwizzler' in project 'GoogleUtilities'
        ➜ Explicit dependency on target 'GULMethodSwizzler' in project 'GoogleUtilities'
        ➜ Explicit dependency on target 'GULNetwork' in project 'GoogleUtilities'
        ➜ Explicit dependency on target 'nanopb' in project 'nanopb'
    Target 'GoogleAppMeasurementIdentitySupport' in project 'GoogleAppMeasurement'
        ➜ Explicit dependency on target 'GoogleAppMeasurementIdentitySupportTarget' in project 'GoogleAppMeasurement'
        ➜ Explicit dependency on target 'GULAppDelegateSwizzler' in project 'GoogleUtilities'
        ➜ Explicit dependency on target 'GULMethodSwizzler' in project 'GoogleUtilities'
        ➜ Explicit dependency on target 'GULNSData' in project 'GoogleUtilities'
        ➜ Explicit dependency on target 'GULNetwork' in project 'GoogleUtilities'
        ➜ Explicit dependency on target 'nanopb' in project 'nanopb'
    Target 'GoogleAppMeasurementIdentitySupportTarget' in project 'GoogleAppMeasurement'
        ➜ Explicit dependency on target 'GULAppDelegateSwizzler' in project 'GoogleUtilities'
        ➜ Explicit dependency on target 'GULMethodSwizzler' in project 'GoogleUtilities'
        ➜ Explicit dependency on target 'GULNSData' in project 'GoogleUtilities'
        ➜ Explicit dependency on target 'GULNetwork' in project 'GoogleUtilities'
        ➜ Explicit dependency on target 'nanopb' in project 'nanopb'
    Target 'EmbraceIO' in project 'EmbraceIO'
        ➜ Explicit dependency on target 'EmbraceIO' in project 'EmbraceIO'
        ➜ Explicit dependency on target 'EmbraceCommonInternal' in project 'EmbraceIO'
        ➜ Explicit dependency on target 'EmbraceSemantics' in project 'EmbraceIO'
        ➜ Explicit dependency on target 'EmbraceOTelInternal' in project 'EmbraceIO'
        ➜ Explicit dependency on target 'EmbraceCaptureService' in project 'EmbraceIO'
        ➜ Explicit dependency on target 'EmbraceConfiguration' in project 'EmbraceIO'
        ➜ Explicit dependency on target 'EmbraceConfigInternal' in project 'EmbraceIO'
        ➜ Explicit dependency on target 'EmbraceCoreDataInternal' in project 'EmbraceIO'
        ➜ Explicit dependency on target 'EmbraceStorageInternal' in project 'EmbraceIO'
        ➜ Explicit dependency on target 'EmbraceUploadInternal' in project 'EmbraceIO'
        ➜ Explicit dependency on target 'EmbraceObjCUtilsInternal' in project 'EmbraceIO'
        ➜ Explicit dependency on target 'EmbraceCore' in project 'EmbraceIO'
        ➜ Explicit dependency on target 'EmbraceCrash' in project 'EmbraceIO'
        ➜ Explicit dependency on target 'OpenTelemetrySdk' in project 'opentelemetry-swift'
        ➜ Explicit dependency on target 'Recording' in project 'KSCrash'
    Target 'EmbraceIO' in project 'EmbraceIO'
        ➜ Explicit dependency on target 'EmbraceCommonInternal' in project 'EmbraceIO'
        ➜ Explicit dependency on target 'EmbraceSemantics' in project 'EmbraceIO'
        ➜ Explicit dependency on target 'EmbraceOTelInternal' in project 'EmbraceIO'
        ➜ Explicit dependency on target 'EmbraceCaptureService' in project 'EmbraceIO'
        ➜ Explicit dependency on target 'EmbraceConfiguration' in project 'EmbraceIO'
        ➜ Explicit dependency on target 'EmbraceConfigInternal' in project 'EmbraceIO'
        ➜ Explicit dependency on target 'EmbraceCoreDataInternal' in project 'EmbraceIO'
        ➜ Explicit dependency on target 'EmbraceStorageInternal' in project 'EmbraceIO'
        ➜ Explicit dependency on target 'EmbraceUploadInternal' in project 'EmbraceIO'
        ➜ Explicit dependency on target 'EmbraceObjCUtilsInternal' in project 'EmbraceIO'
        ➜ Explicit dependency on target 'EmbraceCore' in project 'EmbraceIO'
        ➜ Explicit dependency on target 'EmbraceCrash' in project 'EmbraceIO'
        ➜ Explicit dependency on target 'OpenTelemetrySdk' in project 'opentelemetry-swift'
        ➜ Explicit dependency on target 'Recording' in project 'KSCrash'
    Target 'EmbraceCrash' in project 'EmbraceIO'
        ➜ Explicit dependency on target 'EmbraceCommonInternal' in project 'EmbraceIO'
        ➜ Explicit dependency on target 'EmbraceSemantics' in project 'EmbraceIO'
        ➜ Explicit dependency on target 'OpenTelemetrySdk' in project 'opentelemetry-swift'
        ➜ Explicit dependency on target 'Recording' in project 'KSCrash'
    Target 'Recording' in project 'KSCrash'
        ➜ Explicit dependency on target 'KSCrashRecording' in project 'KSCrash'
        ➜ Explicit dependency on target 'KSCrash_KSCrashRecording' in project 'KSCrash'
        ➜ Explicit dependency on target 'KSCrashCore' in project 'KSCrash'
        ➜ Explicit dependency on target 'KSCrashRecordingCore' in project 'KSCrash'
    Target 'KSCrashRecording' in project 'KSCrash'
        ➜ Explicit dependency on target 'KSCrash_KSCrashRecording' in project 'KSCrash'
        ➜ Explicit dependency on target 'KSCrashCore' in project 'KSCrash'
        ➜ Explicit dependency on target 'KSCrashRecordingCore' in project 'KSCrash'
    Target 'KSCrashRecordingCore' in project 'KSCrash'
        ➜ Explicit dependency on target 'KSCrash_KSCrashRecordingCore' in project 'KSCrash'
        ➜ Explicit dependency on target 'KSCrashCore' in project 'KSCrash'
    Target 'KSCrash_KSCrashRecordingCore' in project 'KSCrash' (no dependencies)
    Target 'KSCrashCore' in project 'KSCrash'
        ➜ Explicit dependency on target 'KSCrash_KSCrashCore' in project 'KSCrash'
    Target 'KSCrash_KSCrashCore' in project 'KSCrash' (no dependencies)
    Target 'KSCrash_KSCrashRecording' in project 'KSCrash' (no dependencies)
    Target 'EmbraceCore' in project 'EmbraceIO'
        ➜ Explicit dependency on target 'EmbraceIO_EmbraceCore' in project 'EmbraceIO'
        ➜ Explicit dependency on target 'EmbraceCommonInternal' in project 'EmbraceIO'
        ➜ Explicit dependency on target 'EmbraceSemantics' in project 'EmbraceIO'
        ➜ Explicit dependency on target 'EmbraceOTelInternal' in project 'EmbraceIO'
        ➜ Explicit dependency on target 'EmbraceCaptureService' in project 'EmbraceIO'
        ➜ Explicit dependency on target 'EmbraceConfiguration' in project 'EmbraceIO'
        ➜ Explicit dependency on target 'EmbraceConfigInternal' in project 'EmbraceIO'
        ➜ Explicit dependency on target 'EmbraceCoreDataInternal' in project 'EmbraceIO'
        ➜ Explicit dependency on target 'EmbraceStorageInternal' in project 'EmbraceIO'
        ➜ Explicit dependency on target 'EmbraceUploadInternal' in project 'EmbraceIO'
        ➜ Explicit dependency on target 'EmbraceObjCUtilsInternal' in project 'EmbraceIO'
        ➜ Explicit dependency on target 'OpenTelemetrySdk' in project 'opentelemetry-swift'
    Target 'EmbraceIO_EmbraceCore' in project 'EmbraceIO' (no dependencies)
    Target 'EmbraceObjCUtilsInternal' in project 'EmbraceIO' (no dependencies)
    Target 'EmbraceUploadInternal' in project 'EmbraceIO'
        ➜ Explicit dependency on target 'EmbraceCommonInternal' in project 'EmbraceIO'
        ➜ Explicit dependency on target 'EmbraceSemantics' in project 'EmbraceIO'
        ➜ Explicit dependency on target 'EmbraceOTelInternal' in project 'EmbraceIO'
        ➜ Explicit dependency on target 'EmbraceCoreDataInternal' in project 'EmbraceIO'
        ➜ Explicit dependency on target 'OpenTelemetrySdk' in project 'opentelemetry-swift'
    Target 'EmbraceStorageInternal' in project 'EmbraceIO'
        ➜ Explicit dependency on target 'EmbraceCommonInternal' in project 'EmbraceIO'
        ➜ Explicit dependency on target 'EmbraceCoreDataInternal' in project 'EmbraceIO'
        ➜ Explicit dependency on target 'EmbraceSemantics' in project 'EmbraceIO'
        ➜ Explicit dependency on target 'OpenTelemetrySdk' in project 'opentelemetry-swift'
    Target 'EmbraceCoreDataInternal' in project 'EmbraceIO'
        ➜ Explicit dependency on target 'EmbraceCommonInternal' in project 'EmbraceIO'
        ➜ Explicit dependency on target 'OpenTelemetrySdk' in project 'opentelemetry-swift'
    Target 'EmbraceConfigInternal' in project 'EmbraceIO'
        ➜ Explicit dependency on target 'EmbraceCommonInternal' in project 'EmbraceIO'
        ➜ Explicit dependency on target 'EmbraceConfiguration' in project 'EmbraceIO'
        ➜ Explicit dependency on target 'OpenTelemetrySdk' in project 'opentelemetry-swift'
    Target 'EmbraceConfiguration' in project 'EmbraceIO' (no dependencies)
    Target 'EmbraceCaptureService' in project 'EmbraceIO'
        ➜ Explicit dependency on target 'EmbraceCommonInternal' in project 'EmbraceIO'
        ➜ Explicit dependency on target 'EmbraceSemantics' in project 'EmbraceIO'
        ➜ Explicit dependency on target 'EmbraceOTelInternal' in project 'EmbraceIO'
        ➜ Explicit dependency on target 'OpenTelemetrySdk' in project 'opentelemetry-swift'
    Target 'EmbraceOTelInternal' in project 'EmbraceIO'
        ➜ Explicit dependency on target 'EmbraceCommonInternal' in project 'EmbraceIO'
        ➜ Explicit dependency on target 'EmbraceSemantics' in project 'EmbraceIO'
        ➜ Explicit dependency on target 'OpenTelemetrySdk' in project 'opentelemetry-swift'
    Target 'EmbraceSemantics' in project 'EmbraceIO'
        ➜ Explicit dependency on target 'EmbraceCommonInternal' in project 'EmbraceIO'
        ➜ Explicit dependency on target 'OpenTelemetrySdk' in project 'opentelemetry-swift'
    Target 'EmbraceCommonInternal' in project 'EmbraceIO'
        ➜ Explicit dependency on target 'OpenTelemetrySdk' in project 'opentelemetry-swift'
    Target 'OpenTelemetrySdk' in project 'opentelemetry-swift'
        ➜ Explicit dependency on target 'OpenTelemetrySdk' in project 'opentelemetry-swift'
        ➜ Explicit dependency on target 'OpenTelemetryApi' in project 'opentelemetry-swift'
    Target 'OpenTelemetrySdk' in project 'opentelemetry-swift'
        ➜ Explicit dependency on target 'OpenTelemetryApi' in project 'opentelemetry-swift'
    Target 'OpenTelemetryApi' in project 'opentelemetry-swift' (no dependencies)
    Target 'FirebaseAnalytics' in project 'Firebase'
        ➜ Explicit dependency on target 'FirebaseAnalyticsTarget' in project 'Firebase'
        ➜ Explicit dependency on target 'Firebase' in project 'Firebase'
        ➜ Explicit dependency on target 'FirebaseCoreInternal' in project 'Firebase'
        ➜ Explicit dependency on target 'FirebaseCore' in project 'Firebase'
        ➜ Explicit dependency on target 'FirebaseInstallations' in project 'Firebase'
        ➜ Explicit dependency on target 'FirebaseAnalyticsWrapper' in project 'Firebase'
        ➜ Explicit dependency on target 'GULNSData' in project 'GoogleUtilities'
        ➜ Explicit dependency on target 'GULEnvironment' in project 'GoogleUtilities'
        ➜ Explicit dependency on target 'GULLogger' in project 'GoogleUtilities'
        ➜ Explicit dependency on target 'FBLPromises' in project 'Promises'
        ➜ Explicit dependency on target 'GULUserDefaults' in project 'GoogleUtilities'
        ➜ Explicit dependency on target 'GoogleAppMeasurement' in project 'GoogleAppMeasurement'
        ➜ Explicit dependency on target 'GULAppDelegateSwizzler' in project 'GoogleUtilities'
        ➜ Explicit dependency on target 'GULMethodSwizzler' in project 'GoogleUtilities'
        ➜ Explicit dependency on target 'GULNetwork' in project 'GoogleUtilities'
        ➜ Explicit dependency on target 'nanopb' in project 'nanopb'
    Target 'FirebaseAnalyticsTarget' in project 'Firebase'
        ➜ Explicit dependency on target 'Firebase' in project 'Firebase'
        ➜ Explicit dependency on target 'FirebaseCoreInternal' in project 'Firebase'
        ➜ Explicit dependency on target 'FirebaseCore' in project 'Firebase'
        ➜ Explicit dependency on target 'FirebaseInstallations' in project 'Firebase'
        ➜ Explicit dependency on target 'FirebaseAnalyticsWrapper' in project 'Firebase'
        ➜ Explicit dependency on target 'GULNSData' in project 'GoogleUtilities'
        ➜ Explicit dependency on target 'GULEnvironment' in project 'GoogleUtilities'
        ➜ Explicit dependency on target 'GULLogger' in project 'GoogleUtilities'
        ➜ Explicit dependency on target 'FBLPromises' in project 'Promises'
        ➜ Explicit dependency on target 'GULUserDefaults' in project 'GoogleUtilities'
        ➜ Explicit dependency on target 'GoogleAppMeasurement' in project 'GoogleAppMeasurement'
        ➜ Explicit dependency on target 'GULAppDelegateSwizzler' in project 'GoogleUtilities'
        ➜ Explicit dependency on target 'GULMethodSwizzler' in project 'GoogleUtilities'
        ➜ Explicit dependency on target 'GULNetwork' in project 'GoogleUtilities'
        ➜ Explicit dependency on target 'nanopb' in project 'nanopb'
    Target 'FirebaseAnalyticsWrapper' in project 'Firebase'
        ➜ Explicit dependency on target 'Firebase' in project 'Firebase'
        ➜ Explicit dependency on target 'FirebaseCoreInternal' in project 'Firebase'
        ➜ Explicit dependency on target 'FirebaseCore' in project 'Firebase'
        ➜ Explicit dependency on target 'FirebaseInstallations' in project 'Firebase'
        ➜ Explicit dependency on target 'GULNSData' in project 'GoogleUtilities'
        ➜ Explicit dependency on target 'GULEnvironment' in project 'GoogleUtilities'
        ➜ Explicit dependency on target 'GULLogger' in project 'GoogleUtilities'
        ➜ Explicit dependency on target 'FBLPromises' in project 'Promises'
        ➜ Explicit dependency on target 'GULUserDefaults' in project 'GoogleUtilities'
        ➜ Explicit dependency on target 'GoogleAppMeasurement' in project 'GoogleAppMeasurement'
        ➜ Explicit dependency on target 'GULAppDelegateSwizzler' in project 'GoogleUtilities'
        ➜ Explicit dependency on target 'GULMethodSwizzler' in project 'GoogleUtilities'
        ➜ Explicit dependency on target 'GULNetwork' in project 'GoogleUtilities'
        ➜ Explicit dependency on target 'nanopb' in project 'nanopb'
    Target 'GoogleAppMeasurement' in project 'GoogleAppMeasurement'
        ➜ Explicit dependency on target 'GoogleAppMeasurementTarget' in project 'GoogleAppMeasurement'
        ➜ Explicit dependency on target 'GULAppDelegateSwizzler' in project 'GoogleUtilities'
        ➜ Explicit dependency on target 'GULMethodSwizzler' in project 'GoogleUtilities'
        ➜ Explicit dependency on target 'GULNSData' in project 'GoogleUtilities'
        ➜ Explicit dependency on target 'GULNetwork' in project 'GoogleUtilities'
        ➜ Explicit dependency on target 'nanopb' in project 'nanopb'
        ➜ Explicit dependency on target 'GoogleAdsOnDeviceConversion' in project 'GoogleAdsOnDeviceConversion'
    Target 'GoogleAppMeasurementTarget' in project 'GoogleAppMeasurement'
        ➜ Explicit dependency on target 'GULAppDelegateSwizzler' in project 'GoogleUtilities'
        ➜ Explicit dependency on target 'GULMethodSwizzler' in project 'GoogleUtilities'
        ➜ Explicit dependency on target 'GULNSData' in project 'GoogleUtilities'
        ➜ Explicit dependency on target 'GULNetwork' in project 'GoogleUtilities'
        ➜ Explicit dependency on target 'nanopb' in project 'nanopb'
        ➜ Explicit dependency on target 'GoogleAdsOnDeviceConversion' in project 'GoogleAdsOnDeviceConversion'
    Target 'GoogleAdsOnDeviceConversion' in project 'GoogleAdsOnDeviceConversion'
        ➜ Explicit dependency on target 'GoogleAdsOnDeviceConversionTarget' in project 'GoogleAdsOnDeviceConversion'
        ➜ Explicit dependency on target 'GULLogger' in project 'GoogleUtilities'
        ➜ Explicit dependency on target 'GULNetwork' in project 'GoogleUtilities'
        ➜ Explicit dependency on target 'nanopb' in project 'nanopb'
    Target 'GoogleAdsOnDeviceConversionTarget' in project 'GoogleAdsOnDeviceConversion'
        ➜ Explicit dependency on target 'GULLogger' in project 'GoogleUtilities'
        ➜ Explicit dependency on target 'GULNetwork' in project 'GoogleUtilities'
        ➜ Explicit dependency on target 'nanopb' in project 'nanopb'
    Target 'nanopb' in project 'nanopb'
        ➜ Explicit dependency on target 'nanopb' in project 'nanopb'
        ➜ Explicit dependency on target 'nanopb_nanopb' in project 'nanopb'
    Target 'nanopb' in project 'nanopb'
        ➜ Explicit dependency on target 'nanopb_nanopb' in project 'nanopb'
    Target 'nanopb_nanopb' in project 'nanopb' (no dependencies)
    Target 'GULNetwork' in project 'GoogleUtilities'
        ➜ Explicit dependency on target 'GoogleUtilities-Network' in project 'GoogleUtilities'
        ➜ Explicit dependency on target 'GoogleUtilities_GoogleUtilities-Network' in project 'GoogleUtilities'
        ➜ Explicit dependency on target 'third-party-IsAppEncrypted' in project 'GoogleUtilities'
        ➜ Explicit dependency on target 'GoogleUtilities-Environment' in project 'GoogleUtilities'
        ➜ Explicit dependency on target 'GoogleUtilities-Logger' in project 'GoogleUtilities'
        ➜ Explicit dependency on target 'GoogleUtilities-NSData' in project 'GoogleUtilities'
        ➜ Explicit dependency on target 'GoogleUtilities-Reachability' in project 'GoogleUtilities'
    Target 'GULMethodSwizzler' in project 'GoogleUtilities'
        ➜ Explicit dependency on target 'GoogleUtilities-MethodSwizzler' in project 'GoogleUtilities'
        ➜ Explicit dependency on target 'GoogleUtilities_GoogleUtilities-MethodSwizzler' in project 'GoogleUtilities'
        ➜ Explicit dependency on target 'third-party-IsAppEncrypted' in project 'GoogleUtilities'
        ➜ Explicit dependency on target 'GoogleUtilities-Environment' in project 'GoogleUtilities'
        ➜ Explicit dependency on target 'GoogleUtilities-Logger' in project 'GoogleUtilities'
    Target 'GoogleUtilities-MethodSwizzler' in project 'GoogleUtilities'
        ➜ Explicit dependency on target 'GoogleUtilities_GoogleUtilities-MethodSwizzler' in project 'GoogleUtilities'
        ➜ Explicit dependency on target 'third-party-IsAppEncrypted' in project 'GoogleUtilities'
        ➜ Explicit dependency on target 'GoogleUtilities-Environment' in project 'GoogleUtilities'
        ➜ Explicit dependency on target 'GoogleUtilities-Logger' in project 'GoogleUtilities'
    Target 'GoogleUtilities_GoogleUtilities-MethodSwizzler' in project 'GoogleUtilities' (no dependencies)
    Target 'GULAppDelegateSwizzler' in project 'GoogleUtilities'
        ➜ Explicit dependency on target 'GoogleUtilities-AppDelegateSwizzler' in project 'GoogleUtilities'
        ➜ Explicit dependency on target 'GoogleUtilities_GoogleUtilities-AppDelegateSwizzler' in project 'GoogleUtilities'
        ➜ Explicit dependency on target 'third-party-IsAppEncrypted' in project 'GoogleUtilities'
        ➜ Explicit dependency on target 'GoogleUtilities-Environment' in project 'GoogleUtilities'
        ➜ Explicit dependency on target 'GoogleUtilities-Logger' in project 'GoogleUtilities'
        ➜ Explicit dependency on target 'GoogleUtilities-NSData' in project 'GoogleUtilities'
        ➜ Explicit dependency on target 'GoogleUtilities-Reachability' in project 'GoogleUtilities'
        ➜ Explicit dependency on target 'GoogleUtilities-Network' in project 'GoogleUtilities'
    Target 'GoogleUtilities-AppDelegateSwizzler' in project 'GoogleUtilities'
        ➜ Explicit dependency on target 'GoogleUtilities_GoogleUtilities-AppDelegateSwizzler' in project 'GoogleUtilities'
        ➜ Explicit dependency on target 'third-party-IsAppEncrypted' in project 'GoogleUtilities'
        ➜ Explicit dependency on target 'GoogleUtilities-Environment' in project 'GoogleUtilities'
        ➜ Explicit dependency on target 'GoogleUtilities-Logger' in project 'GoogleUtilities'
        ➜ Explicit dependency on target 'GoogleUtilities-NSData' in project 'GoogleUtilities'
        ➜ Explicit dependency on target 'GoogleUtilities-Reachability' in project 'GoogleUtilities'
        ➜ Explicit dependency on target 'GoogleUtilities-Network' in project 'GoogleUtilities'
    Target 'GoogleUtilities-Network' in project 'GoogleUtilities'
        ➜ Explicit dependency on target 'GoogleUtilities_GoogleUtilities-Network' in project 'GoogleUtilities'
        ➜ Explicit dependency on target 'third-party-IsAppEncrypted' in project 'GoogleUtilities'
        ➜ Explicit dependency on target 'GoogleUtilities-Environment' in project 'GoogleUtilities'
        ➜ Explicit dependency on target 'GoogleUtilities-Logger' in project 'GoogleUtilities'
        ➜ Explicit dependency on target 'GoogleUtilities-NSData' in project 'GoogleUtilities'
        ➜ Explicit dependency on target 'GoogleUtilities-Reachability' in project 'GoogleUtilities'
    Target 'GoogleUtilities_GoogleUtilities-Network' in project 'GoogleUtilities' (no dependencies)
    Target 'GoogleUtilities-Reachability' in project 'GoogleUtilities'
        ➜ Explicit dependency on target 'GoogleUtilities_GoogleUtilities-Reachability' in project 'GoogleUtilities'
        ➜ Explicit dependency on target 'third-party-IsAppEncrypted' in project 'GoogleUtilities'
        ➜ Explicit dependency on target 'GoogleUtilities-Environment' in project 'GoogleUtilities'
        ➜ Explicit dependency on target 'GoogleUtilities-Logger' in project 'GoogleUtilities'
    Target 'GoogleUtilities_GoogleUtilities-Reachability' in project 'GoogleUtilities' (no dependencies)
    Target 'GoogleUtilities_GoogleUtilities-AppDelegateSwizzler' in project 'GoogleUtilities' (no dependencies)
    Target 'FirebaseInstallations' in project 'Firebase'
        ➜ Explicit dependency on target 'Firebase_FirebaseInstallations' in project 'Firebase'
        ➜ Explicit dependency on target 'Firebase' in project 'Firebase'
        ➜ Explicit dependency on target 'FirebaseCoreInternal' in project 'Firebase'
        ➜ Explicit dependency on target 'FirebaseCore' in project 'Firebase'
        ➜ Explicit dependency on target 'GULNSData' in project 'GoogleUtilities'
        ➜ Explicit dependency on target 'GULEnvironment' in project 'GoogleUtilities'
        ➜ Explicit dependency on target 'GULLogger' in project 'GoogleUtilities'
        ➜ Explicit dependency on target 'FBLPromises' in project 'Promises'
        ➜ Explicit dependency on target 'GULUserDefaults' in project 'GoogleUtilities'
    Target 'GULUserDefaults' in project 'GoogleUtilities'
        ➜ Explicit dependency on target 'GoogleUtilities-UserDefaults' in project 'GoogleUtilities'
        ➜ Explicit dependency on target 'GoogleUtilities_GoogleUtilities-UserDefaults' in project 'GoogleUtilities'
        ➜ Explicit dependency on target 'third-party-IsAppEncrypted' in project 'GoogleUtilities'
        ➜ Explicit dependency on target 'GoogleUtilities-Environment' in project 'GoogleUtilities'
        ➜ Explicit dependency on target 'GoogleUtilities-Logger' in project 'GoogleUtilities'
    Target 'GoogleUtilities-UserDefaults' in project 'GoogleUtilities'
        ➜ Explicit dependency on target 'GoogleUtilities_GoogleUtilities-UserDefaults' in project 'GoogleUtilities'
        ➜ Explicit dependency on target 'third-party-IsAppEncrypted' in project 'GoogleUtilities'
        ➜ Explicit dependency on target 'GoogleUtilities-Environment' in project 'GoogleUtilities'
        ➜ Explicit dependency on target 'GoogleUtilities-Logger' in project 'GoogleUtilities'
    Target 'GoogleUtilities_GoogleUtilities-UserDefaults' in project 'GoogleUtilities' (no dependencies)
    Target 'FBLPromises' in project 'Promises'
        ➜ Explicit dependency on target 'FBLPromises' in project 'Promises'
        ➜ Explicit dependency on target 'Promises_FBLPromises' in project 'Promises'
    Target 'FBLPromises' in project 'Promises'
        ➜ Explicit dependency on target 'Promises_FBLPromises' in project 'Promises'
    Target 'Promises_FBLPromises' in project 'Promises' (no dependencies)
    Target 'Firebase_FirebaseInstallations' in project 'Firebase' (no dependencies)
    Target 'FirebaseCore' in project 'Firebase'
        ➜ Explicit dependency on target 'Firebase_FirebaseCore' in project 'Firebase'
        ➜ Explicit dependency on target 'Firebase' in project 'Firebase'
        ➜ Explicit dependency on target 'FirebaseCoreInternal' in project 'Firebase'
        ➜ Explicit dependency on target 'GULNSData' in project 'GoogleUtilities'
        ➜ Explicit dependency on target 'GULEnvironment' in project 'GoogleUtilities'
        ➜ Explicit dependency on target 'GULLogger' in project 'GoogleUtilities'
    Target 'GULLogger' in project 'GoogleUtilities'
        ➜ Explicit dependency on target 'GoogleUtilities-Logger' in project 'GoogleUtilities'
        ➜ Explicit dependency on target 'GoogleUtilities_GoogleUtilities-Logger' in project 'GoogleUtilities'
        ➜ Explicit dependency on target 'third-party-IsAppEncrypted' in project 'GoogleUtilities'
        ➜ Explicit dependency on target 'GoogleUtilities-Environment' in project 'GoogleUtilities'
    Target 'GoogleUtilities-Logger' in project 'GoogleUtilities'
        ➜ Explicit dependency on target 'GoogleUtilities_GoogleUtilities-Logger' in project 'GoogleUtilities'
        ➜ Explicit dependency on target 'third-party-IsAppEncrypted' in project 'GoogleUtilities'
        ➜ Explicit dependency on target 'GoogleUtilities-Environment' in project 'GoogleUtilities'
    Target 'GoogleUtilities_GoogleUtilities-Logger' in project 'GoogleUtilities' (no dependencies)
    Target 'GULEnvironment' in project 'GoogleUtilities'
        ➜ Explicit dependency on target 'GoogleUtilities-Environment' in project 'GoogleUtilities'
        ➜ Explicit dependency on target 'GoogleUtilities_GoogleUtilities-Environment' in project 'GoogleUtilities'
        ➜ Explicit dependency on target 'third-party-IsAppEncrypted' in project 'GoogleUtilities'
    Target 'GoogleUtilities-Environment' in project 'GoogleUtilities'
        ➜ Explicit dependency on target 'GoogleUtilities_GoogleUtilities-Environment' in project 'GoogleUtilities'
        ➜ Explicit dependency on target 'third-party-IsAppEncrypted' in project 'GoogleUtilities'
    Target 'third-party-IsAppEncrypted' in project 'GoogleUtilities' (no dependencies)
    Target 'GoogleUtilities_GoogleUtilities-Environment' in project 'GoogleUtilities' (no dependencies)
    Target 'Firebase_FirebaseCore' in project 'Firebase' (no dependencies)
    Target 'FirebaseCoreInternal' in project 'Firebase'
        ➜ Explicit dependency on target 'Firebase_FirebaseCoreInternal' in project 'Firebase'
        ➜ Explicit dependency on target 'GULNSData' in project 'GoogleUtilities'
    Target 'GULNSData' in project 'GoogleUtilities'
        ➜ Explicit dependency on target 'GoogleUtilities-NSData' in project 'GoogleUtilities'
        ➜ Explicit dependency on target 'GoogleUtilities_GoogleUtilities-NSData' in project 'GoogleUtilities'
    Target 'GoogleUtilities-NSData' in project 'GoogleUtilities'
        ➜ Explicit dependency on target 'GoogleUtilities_GoogleUtilities-NSData' in project 'GoogleUtilities'
    Target 'GoogleUtilities_GoogleUtilities-NSData' in project 'GoogleUtilities' (no dependencies)
    Target 'Firebase_FirebaseCoreInternal' in project 'Firebase' (no dependencies)
    Target 'Firebase' in project 'Firebase' (no dependencies)

GatherProvisioningInputs

CreateBuildDescription

ExecuteExternalTool /Applications/Xcode.app/Contents/Developer/Toolchains/XcodeDefault.xctoolchain/usr/bin/clang -v -E -dM -arch arm64 -isysroot /Applications/Xcode.app/Contents/Developer/Platforms/iPhoneSimulator.platform/Developer/SDKs/iPhoneSimulator18.5.sdk -x objective-c -c /dev/null

ExecuteExternalTool /Applications/Xcode.app/Contents/Developer/Toolchains/XcodeDefault.xctoolchain/usr/bin/swiftc --version

ExecuteExternalTool /Applications/Xcode.app/Contents/Developer/usr/bin/actool --version --output-format xml1

ExecuteExternalTool /Applications/Xcode.app/Contents/Developer/usr/bin/actool --print-asset-tag-combinations --output-format xml1 /Users/sergiorodriguez/Documents/test apps/Embrace Ecommerce/Embrace Ecommerce/Assets.xcassets

ExecuteExternalTool /Applications/Xcode.app/Contents/Developer/Toolchains/XcodeDefault.xctoolchain/usr/bin/clang -v -E -dM -isysroot /Applications/Xcode.app/Contents/Developer/Platforms/iPhoneSimulator.platform/Developer/SDKs/iPhoneSimulator18.5.sdk -x c -c /dev/null

ExecuteExternalTool /Applications/Xcode.app/Contents/Developer/Toolchains/XcodeDefault.xctoolchain/usr/bin/ld -version_details

ExecuteExternalTool /Applications/Xcode.app/Contents/Developer/Toolchains/XcodeDefault.xctoolchain/usr/bin/clang -v -E -dM -arch arm64 -isysroot /Applications/Xcode.app/Contents/Developer/Platforms/iPhoneSimulator.platform/Developer/SDKs/iPhoneSimulator18.5.sdk -x c -c /dev/null

ExecuteExternalTool /Applications/Xcode.app/Contents/Developer/Toolchains/XcodeDefault.xctoolchain/usr/bin/clang -v -E -dM -isysroot /Applications/Xcode.app/Contents/Developer/Platforms/MacOSX.platform/Developer/SDKs/MacOSX15.5.sdk -x c -c /dev/null

ReadFileContents /Applications/Xcode.app/Contents/Developer/Toolchains/XcodeDefault.xctoolchain/usr/share/docc/features.json

ExecuteExternalTool /Applications/Xcode.app/Contents/Developer/Toolchains/XcodeDefault.xctoolchain/usr/bin/clang -v -E -dM -arch x86_64 -isysroot /Applications/Xcode.app/Contents/Developer/Platforms/iPhoneSimulator.platform/Developer/SDKs/iPhoneSimulator18.5.sdk -x objective-c -c /dev/null

ExecuteExternalTool /Applications/Xcode.app/Contents/Developer/Toolchains/XcodeDefault.xctoolchain/usr/bin/clang -v -E -dM -arch arm64 -isysroot /Applications/Xcode.app/Contents/Developer/Platforms/iPhoneSimulator.platform/Developer/SDKs/iPhoneSimulator18.5.sdk -x c++ -c /dev/null

ExecuteExternalTool /Applications/Xcode.app/Contents/Developer/Toolchains/XcodeDefault.xctoolchain/usr/bin/clang -v -E -dM -arch x86_64 -isysroot /Applications/Xcode.app/Contents/Developer/Platforms/iPhoneSimulator.platform/Developer/SDKs/iPhoneSimulator18.5.sdk -x c -c /dev/null

ExecuteExternalTool /Applications/Xcode.app/Contents/Developer/Toolchains/XcodeDefault.xctoolchain/usr/bin/clang -v -E -dM -arch x86_64 -isysroot /Applications/Xcode.app/Contents/Developer/Platforms/iPhoneSimulator.platform/Developer/SDKs/iPhoneSimulator18.5.sdk -x c++ -c /dev/null

Build description signature: e6a3d8749d4141b1b5359b1ea38ba1e1
Build description path: /Users/sergiorodriguez/Library/Developer/Xcode/DerivedData/Embrace_Ecommerce-bluiupfvipvoshftpieasgwapago/Build/Intermediates.noindex/XCBuildData/e6a3d8749d4141b1b5359b1ea38ba1e1.xcbuilddata
ClangStatCache /Applications/Xcode.app/Contents/Developer/Toolchains/XcodeDefault.xctoolchain/usr/bin/clang-stat-cache /Applications/Xcode.app/Contents/Developer/Platforms/MacOSX.platform/Developer/SDKs/MacOSX15.5.sdk /Users/sergiorodriguez/Library/Developer/Xcode/DerivedData/SDKStatCaches.noindex/macosx15.5-24F74-8254517eb8b97d462ccbc072ba9094c9.sdkstatcache
    cd /Users/sergiorodriguez/Documents/test\ apps/Embrace\ Ecommerce/Embrace\ Ecommerce.xcodeproj
    /Applications/Xcode.app/Contents/Developer/Toolchains/XcodeDefault.xctoolchain/usr/bin/clang-stat-cache /Applications/Xcode.app/Contents/Developer/Platforms/MacOSX.platform/Developer/SDKs/MacOSX15.5.sdk -o /Users/sergiorodriguez/Library/Developer/Xcode/DerivedData/SDKStatCaches.noindex/macosx15.5-24F74-8254517eb8b97d462ccbc072ba9094c9.sdkstatcache

ClangStatCache /Applications/Xcode.app/Contents/Developer/Toolchains/XcodeDefault.xctoolchain/usr/bin/clang-stat-cache /Applications/Xcode.app/Contents/Developer/Platforms/iPhoneSimulator.platform/Developer/SDKs/iPhoneSimulator18.5.sdk /Users/sergiorodriguez/Library/Developer/Xcode/DerivedData/SDKStatCaches.noindex/iphonesimulator18.5-22F76-d5fc8ad4295d2ef488fb7d0f804ce0c4.sdkstatcache
    cd /Users/sergiorodriguez/Documents/test\ apps/Embrace\ Ecommerce/Embrace\ Ecommerce.xcodeproj
    /Applications/Xcode.app/Contents/Developer/Toolchains/XcodeDefault.xctoolchain/usr/bin/clang-stat-cache /Applications/Xcode.app/Contents/Developer/Platforms/iPhoneSimulator.platform/Developer/SDKs/iPhoneSimulator18.5.sdk -o /Users/sergiorodriguez/Library/Developer/Xcode/DerivedData/SDKStatCaches.noindex/iphonesimulator18.5-22F76-d5fc8ad4295d2ef488fb7d0f804ce0c4.sdkstatcache

ProcessInfoPlistFile /Users/sergiorodriguez/Library/Developer/Xcode/DerivedData/Embrace_Ecommerce-bluiupfvipvoshftpieasgwapago/Build/Products/Debug-iphonesimulator/Stripe_StripeCore.bundle/Info.plist /Users/sergiorodriguez/Library/Developer/Xcode/DerivedData/Embrace_Ecommerce-bluiupfvipvoshftpieasgwapago/Build/Intermediates.noindex/Stripe.build/Debug-iphonesimulator/Stripe_StripeCore.build/empty-Stripe_StripeCore.plist (in target 'Stripe_StripeCore' from project 'Stripe')
    cd /Users/sergiorodriguez/Library/Developer/Xcode/DerivedData/Embrace_Ecommerce-bluiupfvipvoshftpieasgwapago/SourcePackages/checkouts/stripe-ios
    builtin-infoPlistUtility /Users/sergiorodriguez/Library/Developer/Xcode/DerivedData/Embrace_Ecommerce-bluiupfvipvoshftpieasgwapago/Build/Intermediates.noindex/Stripe.build/Debug-iphonesimulator/Stripe_StripeCore.build/empty-Stripe_StripeCore.plist -producttype com.apple.product-type.bundle -expandbuildsettings -format binary -platform iphonesimulator -o /Users/sergiorodriguez/Library/Developer/Xcode/DerivedData/Embrace_Ecommerce-bluiupfvipvoshftpieasgwapago/Build/Products/Debug-iphonesimulator/Stripe_StripeCore.bundle/Info.plist

ProcessInfoPlistFile /Users/sergiorodriguez/Library/Developer/Xcode/DerivedData/Embrace_Ecommerce-bluiupfvipvoshftpieasgwapago/Build/Products/Debug-iphonesimulator/KSCrash_KSCrashRecordingCore.bundle/Info.plist /Users/sergiorodriguez/Library/Developer/Xcode/DerivedData/Embrace_Ecommerce-bluiupfvipvoshftpieasgwapago/Build/Intermediates.noindex/KSCrash.build/Debug-iphonesimulator/KSCrash_KSCrashRecordingCore.build/empty-KSCrash_KSCrashRecordingCore.plist (in target 'KSCrash_KSCrashRecordingCore' from project 'KSCrash')
    cd /Users/sergiorodriguez/Library/Developer/Xcode/DerivedData/Embrace_Ecommerce-bluiupfvipvoshftpieasgwapago/SourcePackages/checkouts/KSCrash
    builtin-infoPlistUtility /Users/sergiorodriguez/Library/Developer/Xcode/DerivedData/Embrace_Ecommerce-bluiupfvipvoshftpieasgwapago/Build/Intermediates.noindex/KSCrash.build/Debug-iphonesimulator/KSCrash_KSCrashRecordingCore.build/empty-KSCrash_KSCrashRecordingCore.plist -producttype com.apple.product-type.bundle -expandbuildsettings -format binary -platform iphonesimulator -o /Users/sergiorodriguez/Library/Developer/Xcode/DerivedData/Embrace_Ecommerce-bluiupfvipvoshftpieasgwapago/Build/Products/Debug-iphonesimulator/KSCrash_KSCrashRecordingCore.bundle/Info.plist

ProcessInfoPlistFile /Users/sergiorodriguez/Library/Developer/Xcode/DerivedData/Embrace_Ecommerce-bluiupfvipvoshftpieasgwapago/Build/Products/Debug-iphonesimulator/KSCrash_KSCrashRecording.bundle/Info.plist /Users/sergiorodriguez/Library/Developer/Xcode/DerivedData/Embrace_Ecommerce-bluiupfvipvoshftpieasgwapago/Build/Intermediates.noindex/KSCrash.build/Debug-iphonesimulator/KSCrash_KSCrashRecording.build/empty-KSCrash_KSCrashRecording.plist (in target 'KSCrash_KSCrashRecording' from project 'KSCrash')
    cd /Users/sergiorodriguez/Library/Developer/Xcode/DerivedData/Embrace_Ecommerce-bluiupfvipvoshftpieasgwapago/SourcePackages/checkouts/KSCrash
    builtin-infoPlistUtility /Users/sergiorodriguez/Library/Developer/Xcode/DerivedData/Embrace_Ecommerce-bluiupfvipvoshftpieasgwapago/Build/Intermediates.noindex/KSCrash.build/Debug-iphonesimulator/KSCrash_KSCrashRecording.build/empty-KSCrash_KSCrashRecording.plist -producttype com.apple.product-type.bundle -expandbuildsettings -format binary -platform iphonesimulator -o /Users/sergiorodriguez/Library/Developer/Xcode/DerivedData/Embrace_Ecommerce-bluiupfvipvoshftpieasgwapago/Build/Products/Debug-iphonesimulator/KSCrash_KSCrashRecording.bundle/Info.plist

ProcessInfoPlistFile /Users/sergiorodriguez/Library/Developer/Xcode/DerivedData/Embrace_Ecommerce-bluiupfvipvoshftpieasgwapago/Build/Products/Debug-iphonesimulator/Promises_FBLPromises.bundle/Info.plist /Users/sergiorodriguez/Library/Developer/Xcode/DerivedData/Embrace_Ecommerce-bluiupfvipvoshftpieasgwapago/Build/Intermediates.noindex/Promises.build/Debug-iphonesimulator/Promises_FBLPromises.build/empty-Promises_FBLPromises.plist (in target 'Promises_FBLPromises' from project 'Promises')
    cd /Users/sergiorodriguez/Library/Developer/Xcode/DerivedData/Embrace_Ecommerce-bluiupfvipvoshftpieasgwapago/SourcePackages/checkouts/promises
    builtin-infoPlistUtility /Users/sergiorodriguez/Library/Developer/Xcode/DerivedData/Embrace_Ecommerce-bluiupfvipvoshftpieasgwapago/Build/Intermediates.noindex/Promises.build/Debug-iphonesimulator/Promises_FBLPromises.build/empty-Promises_FBLPromises.plist -producttype com.apple.product-type.bundle -expandbuildsettings -format binary -platform iphonesimulator -o /Users/sergiorodriguez/Library/Developer/Xcode/DerivedData/Embrace_Ecommerce-bluiupfvipvoshftpieasgwapago/Build/Products/Debug-iphonesimulator/Promises_FBLPromises.bundle/Info.plist

ProcessInfoPlistFile /Users/sergiorodriguez/Library/Developer/Xcode/DerivedData/Embrace_Ecommerce-bluiupfvipvoshftpieasgwapago/Build/Products/Debug-iphonesimulator/nanopb_nanopb.bundle/Info.plist /Users/sergiorodriguez/Library/Developer/Xcode/DerivedData/Embrace_Ecommerce-bluiupfvipvoshftpieasgwapago/Build/Intermediates.noindex/nanopb.build/Debug-iphonesimulator/nanopb_nanopb.build/empty-nanopb_nanopb.plist (in target 'nanopb_nanopb' from project 'nanopb')
    cd /Users/sergiorodriguez/Library/Developer/Xcode/DerivedData/Embrace_Ecommerce-bluiupfvipvoshftpieasgwapago/SourcePackages/checkouts/nanopb
    builtin-infoPlistUtility /Users/sergiorodriguez/Library/Developer/Xcode/DerivedData/Embrace_Ecommerce-bluiupfvipvoshftpieasgwapago/Build/Intermediates.noindex/nanopb.build/Debug-iphonesimulator/nanopb_nanopb.build/empty-nanopb_nanopb.plist -producttype com.apple.product-type.bundle -expandbuildsettings -format binary -platform iphonesimulator -o /Users/sergiorodriguez/Library/Developer/Xcode/DerivedData/Embrace_Ecommerce-bluiupfvipvoshftpieasgwapago/Build/Products/Debug-iphonesimulator/nanopb_nanopb.bundle/Info.plist

ProcessInfoPlistFile /Users/sergiorodriguez/Library/Developer/Xcode/DerivedData/Embrace_Ecommerce-bluiupfvipvoshftpieasgwapago/Build/Products/Debug-iphonesimulator/KSCrash_KSCrashCore.bundle/Info.plist /Users/sergiorodriguez/Library/Developer/Xcode/DerivedData/Embrace_Ecommerce-bluiupfvipvoshftpieasgwapago/Build/Intermediates.noindex/KSCrash.build/Debug-iphonesimulator/KSCrash_KSCrashCore.build/empty-KSCrash_KSCrashCore.plist (in target 'KSCrash_KSCrashCore' from project 'KSCrash')
    cd /Users/sergiorodriguez/Library/Developer/Xcode/DerivedData/Embrace_Ecommerce-bluiupfvipvoshftpieasgwapago/SourcePackages/checkouts/KSCrash
    builtin-infoPlistUtility /Users/sergiorodriguez/Library/Developer/Xcode/DerivedData/Embrace_Ecommerce-bluiupfvipvoshftpieasgwapago/Build/Intermediates.noindex/KSCrash.build/Debug-iphonesimulator/KSCrash_KSCrashCore.build/empty-KSCrash_KSCrashCore.plist -producttype com.apple.product-type.bundle -expandbuildsettings -format binary -platform iphonesimulator -o /Users/sergiorodriguez/Library/Developer/Xcode/DerivedData/Embrace_Ecommerce-bluiupfvipvoshftpieasgwapago/Build/Products/Debug-iphonesimulator/KSCrash_KSCrashCore.bundle/Info.plist

ProcessInfoPlistFile /Users/sergiorodriguez/Library/Developer/Xcode/DerivedData/Embrace_Ecommerce-bluiupfvipvoshftpieasgwapago/Build/Products/Debug-iphonesimulator/Stripe_StripePayments.bundle/Info.plist /Users/sergiorodriguez/Library/Developer/Xcode/DerivedData/Embrace_Ecommerce-bluiupfvipvoshftpieasgwapago/Build/Intermediates.noindex/Stripe.build/Debug-iphonesimulator/Stripe_StripePayments.build/empty-Stripe_StripePayments.plist (in target 'Stripe_StripePayments' from project 'Stripe')
    cd /Users/sergiorodriguez/Library/Developer/Xcode/DerivedData/Embrace_Ecommerce-bluiupfvipvoshftpieasgwapago/SourcePackages/checkouts/stripe-ios
    builtin-infoPlistUtility /Users/sergiorodriguez/Library/Developer/Xcode/DerivedData/Embrace_Ecommerce-bluiupfvipvoshftpieasgwapago/Build/Intermediates.noindex/Stripe.build/Debug-iphonesimulator/Stripe_StripePayments.build/empty-Stripe_StripePayments.plist -producttype com.apple.product-type.bundle -expandbuildsettings -format binary -platform iphonesimulator -o /Users/sergiorodriguez/Library/Developer/Xcode/DerivedData/Embrace_Ecommerce-bluiupfvipvoshftpieasgwapago/Build/Products/Debug-iphonesimulator/Stripe_StripePayments.bundle/Info.plist

ProcessInfoPlistFile /Users/sergiorodriguez/Library/Developer/Xcode/DerivedData/Embrace_Ecommerce-bluiupfvipvoshftpieasgwapago/Build/Products/Debug-iphonesimulator/Mixpanel_Mixpanel.bundle/Info.plist /Users/sergiorodriguez/Library/Developer/Xcode/DerivedData/Embrace_Ecommerce-bluiupfvipvoshftpieasgwapago/Build/Intermediates.noindex/Mixpanel.build/Debug-iphonesimulator/Mixpanel_Mixpanel.build/empty-Mixpanel_Mixpanel.plist (in target 'Mixpanel_Mixpanel' from project 'Mixpanel')
    cd /Users/sergiorodriguez/Library/Developer/Xcode/DerivedData/Embrace_Ecommerce-bluiupfvipvoshftpieasgwapago/SourcePackages/checkouts/mixpanel-swift
    builtin-infoPlistUtility /Users/sergiorodriguez/Library/Developer/Xcode/DerivedData/Embrace_Ecommerce-bluiupfvipvoshftpieasgwapago/Build/Intermediates.noindex/Mixpanel.build/Debug-iphonesimulator/Mixpanel_Mixpanel.build/empty-Mixpanel_Mixpanel.plist -producttype com.apple.product-type.bundle -expandbuildsettings -format binary -platform iphonesimulator -o /Users/sergiorodriguez/Library/Developer/Xcode/DerivedData/Embrace_Ecommerce-bluiupfvipvoshftpieasgwapago/Build/Products/Debug-iphonesimulator/Mixpanel_Mixpanel.bundle/Info.plist

ProcessInfoPlistFile /Users/sergiorodriguez/Library/Developer/Xcode/DerivedData/Embrace_Ecommerce-bluiupfvipvoshftpieasgwapago/Build/Products/Debug-iphonesimulator/GoogleUtilities_GoogleUtilities-UserDefaults.bundle/Info.plist /Users/sergiorodriguez/Library/Developer/Xcode/DerivedData/Embrace_Ecommerce-bluiupfvipvoshftpieasgwapago/Build/Intermediates.noindex/GoogleUtilities.build/Debug-iphonesimulator/GoogleUtilities_GoogleUtilities-UserDefaults.build/empty-GoogleUtilities_GoogleUtilities-UserDefaults.plist (in target 'GoogleUtilities_GoogleUtilities-UserDefaults' from project 'GoogleUtilities')
    cd /Users/sergiorodriguez/Library/Developer/Xcode/DerivedData/Embrace_Ecommerce-bluiupfvipvoshftpieasgwapago/SourcePackages/checkouts/GoogleUtilities
    builtin-infoPlistUtility /Users/sergiorodriguez/Library/Developer/Xcode/DerivedData/Embrace_Ecommerce-bluiupfvipvoshftpieasgwapago/Build/Intermediates.noindex/GoogleUtilities.build/Debug-iphonesimulator/GoogleUtilities_GoogleUtilities-UserDefaults.build/empty-GoogleUtilities_GoogleUtilities-UserDefaults.plist -producttype com.apple.product-type.bundle -expandbuildsettings -format binary -platform iphonesimulator -o /Users/sergiorodriguez/Library/Developer/Xcode/DerivedData/Embrace_Ecommerce-bluiupfvipvoshftpieasgwapago/Build/Products/Debug-iphonesimulator/GoogleUtilities_GoogleUtilities-UserDefaults.bundle/Info.plist

ProcessInfoPlistFile /Users/sergiorodriguez/Library/Developer/Xcode/DerivedData/Embrace_Ecommerce-bluiupfvipvoshftpieasgwapago/Build/Products/Debug-iphonesimulator/GoogleUtilities_GoogleUtilities-Reachability.bundle/Info.plist /Users/sergiorodriguez/Library/Developer/Xcode/DerivedData/Embrace_Ecommerce-bluiupfvipvoshftpieasgwapago/Build/Intermediates.noindex/GoogleUtilities.build/Debug-iphonesimulator/GoogleUtilities_GoogleUtilities-Reachability.build/empty-GoogleUtilities_GoogleUtilities-Reachability.plist (in target 'GoogleUtilities_GoogleUtilities-Reachability' from project 'GoogleUtilities')
    cd /Users/sergiorodriguez/Library/Developer/Xcode/DerivedData/Embrace_Ecommerce-bluiupfvipvoshftpieasgwapago/SourcePackages/checkouts/GoogleUtilities
    builtin-infoPlistUtility /Users/sergiorodriguez/Library/Developer/Xcode/DerivedData/Embrace_Ecommerce-bluiupfvipvoshftpieasgwapago/Build/Intermediates.noindex/GoogleUtilities.build/Debug-iphonesimulator/GoogleUtilities_GoogleUtilities-Reachability.build/empty-GoogleUtilities_GoogleUtilities-Reachability.plist -producttype com.apple.product-type.bundle -expandbuildsettings -format binary -platform iphonesimulator -o /Users/sergiorodriguez/Library/Developer/Xcode/DerivedData/Embrace_Ecommerce-bluiupfvipvoshftpieasgwapago/Build/Products/Debug-iphonesimulator/GoogleUtilities_GoogleUtilities-Reachability.bundle/Info.plist

ProcessInfoPlistFile /Users/sergiorodriguez/Library/Developer/Xcode/DerivedData/Embrace_Ecommerce-bluiupfvipvoshftpieasgwapago/Build/Products/Debug-iphonesimulator/GoogleUtilities_GoogleUtilities-Network.bundle/Info.plist /Users/sergiorodriguez/Library/Developer/Xcode/DerivedData/Embrace_Ecommerce-bluiupfvipvoshftpieasgwapago/Build/Intermediates.noindex/GoogleUtilities.build/Debug-iphonesimulator/GoogleUtilities_GoogleUtilities-Network.build/empty-GoogleUtilities_GoogleUtilities-Network.plist (in target 'GoogleUtilities_GoogleUtilities-Network' from project 'GoogleUtilities')
    cd /Users/sergiorodriguez/Library/Developer/Xcode/DerivedData/Embrace_Ecommerce-bluiupfvipvoshftpieasgwapago/SourcePackages/checkouts/GoogleUtilities
    builtin-infoPlistUtility /Users/sergiorodriguez/Library/Developer/Xcode/DerivedData/Embrace_Ecommerce-bluiupfvipvoshftpieasgwapago/Build/Intermediates.noindex/GoogleUtilities.build/Debug-iphonesimulator/GoogleUtilities_GoogleUtilities-Network.build/empty-GoogleUtilities_GoogleUtilities-Network.plist -producttype com.apple.product-type.bundle -expandbuildsettings -format binary -platform iphonesimulator -o /Users/sergiorodriguez/Library/Developer/Xcode/DerivedData/Embrace_Ecommerce-bluiupfvipvoshftpieasgwapago/Build/Products/Debug-iphonesimulator/GoogleUtilities_GoogleUtilities-Network.bundle/Info.plist

ProcessInfoPlistFile /Users/sergiorodriguez/Library/Developer/Xcode/DerivedData/Embrace_Ecommerce-bluiupfvipvoshftpieasgwapago/Build/Products/Debug-iphonesimulator/GoogleUtilities_GoogleUtilities-NSData.bundle/Info.plist /Users/sergiorodriguez/Library/Developer/Xcode/DerivedData/Embrace_Ecommerce-bluiupfvipvoshftpieasgwapago/Build/Intermediates.noindex/GoogleUtilities.build/Debug-iphonesimulator/GoogleUtilities_GoogleUtilities-NSData.build/empty-GoogleUtilities_GoogleUtilities-NSData.plist (in target 'GoogleUtilities_GoogleUtilities-NSData' from project 'GoogleUtilities')
    cd /Users/sergiorodriguez/Library/Developer/Xcode/DerivedData/Embrace_Ecommerce-bluiupfvipvoshftpieasgwapago/SourcePackages/checkouts/GoogleUtilities
    builtin-infoPlistUtility /Users/sergiorodriguez/Library/Developer/Xcode/DerivedData/Embrace_Ecommerce-bluiupfvipvoshftpieasgwapago/Build/Intermediates.noindex/GoogleUtilities.build/Debug-iphonesimulator/GoogleUtilities_GoogleUtilities-NSData.build/empty-GoogleUtilities_GoogleUtilities-NSData.plist -producttype com.apple.product-type.bundle -expandbuildsettings -format binary -platform iphonesimulator -o /Users/sergiorodriguez/Library/Developer/Xcode/DerivedData/Embrace_Ecommerce-bluiupfvipvoshftpieasgwapago/Build/Products/Debug-iphonesimulator/GoogleUtilities_GoogleUtilities-NSData.bundle/Info.plist

ProcessInfoPlistFile /Users/sergiorodriguez/Library/Developer/Xcode/DerivedData/Embrace_Ecommerce-bluiupfvipvoshftpieasgwapago/Build/Products/Debug-iphonesimulator/Stripe_Stripe.bundle/Info.plist /Users/sergiorodriguez/Library/Developer/Xcode/DerivedData/Embrace_Ecommerce-bluiupfvipvoshftpieasgwapago/Build/Intermediates.noindex/Stripe.build/Debug-iphonesimulator/Stripe_Stripe.build/empty-Stripe_Stripe.plist (in target 'Stripe_Stripe' from project 'Stripe')
    cd /Users/sergiorodriguez/Library/Developer/Xcode/DerivedData/Embrace_Ecommerce-bluiupfvipvoshftpieasgwapago/SourcePackages/checkouts/stripe-ios
    builtin-infoPlistUtility /Users/sergiorodriguez/Library/Developer/Xcode/DerivedData/Embrace_Ecommerce-bluiupfvipvoshftpieasgwapago/Build/Intermediates.noindex/Stripe.build/Debug-iphonesimulator/Stripe_Stripe.build/empty-Stripe_Stripe.plist -producttype com.apple.product-type.bundle -expandbuildsettings -format binary -platform iphonesimulator -additionalcontentfile /Users/sergiorodriguez/Library/Developer/Xcode/DerivedData/Embrace_Ecommerce-bluiupfvipvoshftpieasgwapago/Build/Intermediates.noindex/Stripe.build/Debug-iphonesimulator/Stripe_Stripe.build/assetcatalog_generated_info.plist -o /Users/sergiorodriguez/Library/Developer/Xcode/DerivedData/Embrace_Ecommerce-bluiupfvipvoshftpieasgwapago/Build/Products/Debug-iphonesimulator/Stripe_Stripe.bundle/Info.plist

ProcessInfoPlistFile /Users/sergiorodriguez/Library/Developer/Xcode/DerivedData/Embrace_Ecommerce-bluiupfvipvoshftpieasgwapago/Build/Products/Debug-iphonesimulator/GoogleUtilities_GoogleUtilities-MethodSwizzler.bundle/Info.plist /Users/sergiorodriguez/Library/Developer/Xcode/DerivedData/Embrace_Ecommerce-bluiupfvipvoshftpieasgwapago/Build/Intermediates.noindex/GoogleUtilities.build/Debug-iphonesimulator/GoogleUtilities_GoogleUtilities-MethodSwizzler.build/empty-GoogleUtilities_GoogleUtilities-MethodSwizzler.plist (in target 'GoogleUtilities_GoogleUtilities-MethodSwizzler' from project 'GoogleUtilities')
    cd /Users/sergiorodriguez/Library/Developer/Xcode/DerivedData/Embrace_Ecommerce-bluiupfvipvoshftpieasgwapago/SourcePackages/checkouts/GoogleUtilities
    builtin-infoPlistUtility /Users/sergiorodriguez/Library/Developer/Xcode/DerivedData/Embrace_Ecommerce-bluiupfvipvoshftpieasgwapago/Build/Intermediates.noindex/GoogleUtilities.build/Debug-iphonesimulator/GoogleUtilities_GoogleUtilities-MethodSwizzler.build/empty-GoogleUtilities_GoogleUtilities-MethodSwizzler.plist -producttype com.apple.product-type.bundle -expandbuildsettings -format binary -platform iphonesimulator -o /Users/sergiorodriguez/Library/Developer/Xcode/DerivedData/Embrace_Ecommerce-bluiupfvipvoshftpieasgwapago/Build/Products/Debug-iphonesimulator/GoogleUtilities_GoogleUtilities-MethodSwizzler.bundle/Info.plist

ProcessInfoPlistFile /Users/sergiorodriguez/Library/Developer/Xcode/DerivedData/Embrace_Ecommerce-bluiupfvipvoshftpieasgwapago/Build/Products/Debug-iphonesimulator/GoogleUtilities_GoogleUtilities-Logger.bundle/Info.plist /Users/sergiorodriguez/Library/Developer/Xcode/DerivedData/Embrace_Ecommerce-bluiupfvipvoshftpieasgwapago/Build/Intermediates.noindex/GoogleUtilities.build/Debug-iphonesimulator/GoogleUtilities_GoogleUtilities-Logger.build/empty-GoogleUtilities_GoogleUtilities-Logger.plist (in target 'GoogleUtilities_GoogleUtilities-Logger' from project 'GoogleUtilities')
    cd /Users/sergiorodriguez/Library/Developer/Xcode/DerivedData/Embrace_Ecommerce-bluiupfvipvoshftpieasgwapago/SourcePackages/checkouts/GoogleUtilities
    builtin-infoPlistUtility /Users/sergiorodriguez/Library/Developer/Xcode/DerivedData/Embrace_Ecommerce-bluiupfvipvoshftpieasgwapago/Build/Intermediates.noindex/GoogleUtilities.build/Debug-iphonesimulator/GoogleUtilities_GoogleUtilities-Logger.build/empty-GoogleUtilities_GoogleUtilities-Logger.plist -producttype com.apple.product-type.bundle -expandbuildsettings -format binary -platform iphonesimulator -o /Users/sergiorodriguez/Library/Developer/Xcode/DerivedData/Embrace_Ecommerce-bluiupfvipvoshftpieasgwapago/Build/Products/Debug-iphonesimulator/GoogleUtilities_GoogleUtilities-Logger.bundle/Info.plist

ProcessInfoPlistFile /Users/sergiorodriguez/Library/Developer/Xcode/DerivedData/Embrace_Ecommerce-bluiupfvipvoshftpieasgwapago/Build/Products/Debug-iphonesimulator/GoogleUtilities_GoogleUtilities-Environment.bundle/Info.plist /Users/sergiorodriguez/Library/Developer/Xcode/DerivedData/Embrace_Ecommerce-bluiupfvipvoshftpieasgwapago/Build/Intermediates.noindex/GoogleUtilities.build/Debug-iphonesimulator/GoogleUtilities_GoogleUtilities-Environment.build/empty-GoogleUtilities_GoogleUtilities-Environment.plist (in target 'GoogleUtilities_GoogleUtilities-Environment' from project 'GoogleUtilities')
    cd /Users/sergiorodriguez/Library/Developer/Xcode/DerivedData/Embrace_Ecommerce-bluiupfvipvoshftpieasgwapago/SourcePackages/checkouts/GoogleUtilities
    builtin-infoPlistUtility /Users/sergiorodriguez/Library/Developer/Xcode/DerivedData/Embrace_Ecommerce-bluiupfvipvoshftpieasgwapago/Build/Intermediates.noindex/GoogleUtilities.build/Debug-iphonesimulator/GoogleUtilities_GoogleUtilities-Environment.build/empty-GoogleUtilities_GoogleUtilities-Environment.plist -producttype com.apple.product-type.bundle -expandbuildsettings -format binary -platform iphonesimulator -o /Users/sergiorodriguez/Library/Developer/Xcode/DerivedData/Embrace_Ecommerce-bluiupfvipvoshftpieasgwapago/Build/Products/Debug-iphonesimulator/GoogleUtilities_GoogleUtilities-Environment.bundle/Info.plist

ProcessInfoPlistFile /Users/sergiorodriguez/Library/Developer/Xcode/DerivedData/Embrace_Ecommerce-bluiupfvipvoshftpieasgwapago/Build/Products/Debug-iphonesimulator/GoogleUtilities_GoogleUtilities-AppDelegateSwizzler.bundle/Info.plist /Users/sergiorodriguez/Library/Developer/Xcode/DerivedData/Embrace_Ecommerce-bluiupfvipvoshftpieasgwapago/Build/Intermediates.noindex/GoogleUtilities.build/Debug-iphonesimulator/GoogleUtilities_GoogleUtilities-AppDelegateSwizzler.build/empty-GoogleUtilities_GoogleUtilities-AppDelegateSwizzler.plist (in target 'GoogleUtilities_GoogleUtilities-AppDelegateSwizzler' from project 'GoogleUtilities')
    cd /Users/sergiorodriguez/Library/Developer/Xcode/DerivedData/Embrace_Ecommerce-bluiupfvipvoshftpieasgwapago/SourcePackages/checkouts/GoogleUtilities
    builtin-infoPlistUtility /Users/sergiorodriguez/Library/Developer/Xcode/DerivedData/Embrace_Ecommerce-bluiupfvipvoshftpieasgwapago/Build/Intermediates.noindex/GoogleUtilities.build/Debug-iphonesimulator/GoogleUtilities_GoogleUtilities-AppDelegateSwizzler.build/empty-GoogleUtilities_GoogleUtilities-AppDelegateSwizzler.plist -producttype com.apple.product-type.bundle -expandbuildsettings -format binary -platform iphonesimulator -o /Users/sergiorodriguez/Library/Developer/Xcode/DerivedData/Embrace_Ecommerce-bluiupfvipvoshftpieasgwapago/Build/Products/Debug-iphonesimulator/GoogleUtilities_GoogleUtilities-AppDelegateSwizzler.bundle/Info.plist

ProcessInfoPlistFile /Users/sergiorodriguez/Library/Developer/Xcode/DerivedData/Embrace_Ecommerce-bluiupfvipvoshftpieasgwapago/Build/Products/Debug-iphonesimulator/GoogleSignIn_GoogleSignInSwift.bundle/Info.plist /Users/sergiorodriguez/Library/Developer/Xcode/DerivedData/Embrace_Ecommerce-bluiupfvipvoshftpieasgwapago/Build/Intermediates.noindex/GoogleSignIn.build/Debug-iphonesimulator/GoogleSignIn_GoogleSignInSwift.build/empty-GoogleSignIn_GoogleSignInSwift.plist (in target 'GoogleSignIn_GoogleSignInSwift' from project 'GoogleSignIn')
    cd /Users/sergiorodriguez/Library/Developer/Xcode/DerivedData/Embrace_Ecommerce-bluiupfvipvoshftpieasgwapago/SourcePackages/checkouts/GoogleSignIn-iOS
    builtin-infoPlistUtility /Users/sergiorodriguez/Library/Developer/Xcode/DerivedData/Embrace_Ecommerce-bluiupfvipvoshftpieasgwapago/Build/Intermediates.noindex/GoogleSignIn.build/Debug-iphonesimulator/GoogleSignIn_GoogleSignInSwift.build/empty-GoogleSignIn_GoogleSignInSwift.plist -producttype com.apple.product-type.bundle -expandbuildsettings -format binary -platform iphonesimulator -o /Users/sergiorodriguez/Library/Developer/Xcode/DerivedData/Embrace_Ecommerce-bluiupfvipvoshftpieasgwapago/Build/Products/Debug-iphonesimulator/GoogleSignIn_GoogleSignInSwift.bundle/Info.plist

ProcessInfoPlistFile /Users/sergiorodriguez/Library/Developer/Xcode/DerivedData/Embrace_Ecommerce-bluiupfvipvoshftpieasgwapago/Build/Products/Debug-iphonesimulator/Stripe_StripeUICore.bundle/Info.plist /Users/sergiorodriguez/Library/Developer/Xcode/DerivedData/Embrace_Ecommerce-bluiupfvipvoshftpieasgwapago/Build/Intermediates.noindex/Stripe.build/Debug-iphonesimulator/Stripe_StripeUICore.build/empty-Stripe_StripeUICore.plist (in target 'Stripe_StripeUICore' from project 'Stripe')
    cd /Users/sergiorodriguez/Library/Developer/Xcode/DerivedData/Embrace_Ecommerce-bluiupfvipvoshftpieasgwapago/SourcePackages/checkouts/stripe-ios
    builtin-infoPlistUtility /Users/sergiorodriguez/Library/Developer/Xcode/DerivedData/Embrace_Ecommerce-bluiupfvipvoshftpieasgwapago/Build/Intermediates.noindex/Stripe.build/Debug-iphonesimulator/Stripe_StripeUICore.build/empty-Stripe_StripeUICore.plist -producttype com.apple.product-type.bundle -expandbuildsettings -format binary -platform iphonesimulator -additionalcontentfile /Users/sergiorodriguez/Library/Developer/Xcode/DerivedData/Embrace_Ecommerce-bluiupfvipvoshftpieasgwapago/Build/Intermediates.noindex/Stripe.build/Debug-iphonesimulator/Stripe_StripeUICore.build/assetcatalog_generated_info.plist -o /Users/sergiorodriguez/Library/Developer/Xcode/DerivedData/Embrace_Ecommerce-bluiupfvipvoshftpieasgwapago/Build/Products/Debug-iphonesimulator/Stripe_StripeUICore.bundle/Info.plist

ProcessInfoPlistFile /Users/sergiorodriguez/Library/Developer/Xcode/DerivedData/Embrace_Ecommerce-bluiupfvipvoshftpieasgwapago/Build/Products/Debug-iphonesimulator/Stripe_StripePaymentsUI.bundle/Info.plist /Users/sergiorodriguez/Library/Developer/Xcode/DerivedData/Embrace_Ecommerce-bluiupfvipvoshftpieasgwapago/Build/Intermediates.noindex/Stripe.build/Debug-iphonesimulator/Stripe_StripePaymentsUI.build/empty-Stripe_StripePaymentsUI.plist (in target 'Stripe_StripePaymentsUI' from project 'Stripe')
    cd /Users/sergiorodriguez/Library/Developer/Xcode/DerivedData/Embrace_Ecommerce-bluiupfvipvoshftpieasgwapago/SourcePackages/checkouts/stripe-ios
    builtin-infoPlistUtility /Users/sergiorodriguez/Library/Developer/Xcode/DerivedData/Embrace_Ecommerce-bluiupfvipvoshftpieasgwapago/Build/Intermediates.noindex/Stripe.build/Debug-iphonesimulator/Stripe_StripePaymentsUI.build/empty-Stripe_StripePaymentsUI.plist -producttype com.apple.product-type.bundle -expandbuildsettings -format binary -platform iphonesimulator -additionalcontentfile /Users/sergiorodriguez/Library/Developer/Xcode/DerivedData/Embrace_Ecommerce-bluiupfvipvoshftpieasgwapago/Build/Intermediates.noindex/Stripe.build/Debug-iphonesimulator/Stripe_StripePaymentsUI.build/assetcatalog_generated_info.plist -o /Users/sergiorodriguez/Library/Developer/Xcode/DerivedData/Embrace_Ecommerce-bluiupfvipvoshftpieasgwapago/Build/Products/Debug-iphonesimulator/Stripe_StripePaymentsUI.bundle/Info.plist

ProcessInfoPlistFile /Users/sergiorodriguez/Library/Developer/Xcode/DerivedData/Embrace_Ecommerce-bluiupfvipvoshftpieasgwapago/Build/Products/Debug-iphonesimulator/Stripe_Stripe3DS2.bundle/Info.plist /Users/sergiorodriguez/Library/Developer/Xcode/DerivedData/Embrace_Ecommerce-bluiupfvipvoshftpieasgwapago/Build/Intermediates.noindex/Stripe.build/Debug-iphonesimulator/Stripe_Stripe3DS2.build/empty-Stripe_Stripe3DS2.plist (in target 'Stripe_Stripe3DS2' from project 'Stripe')
    cd /Users/sergiorodriguez/Library/Developer/Xcode/DerivedData/Embrace_Ecommerce-bluiupfvipvoshftpieasgwapago/SourcePackages/checkouts/stripe-ios
    builtin-infoPlistUtility /Users/sergiorodriguez/Library/Developer/Xcode/DerivedData/Embrace_Ecommerce-bluiupfvipvoshftpieasgwapago/Build/Intermediates.noindex/Stripe.build/Debug-iphonesimulator/Stripe_Stripe3DS2.build/empty-Stripe_Stripe3DS2.plist -producttype com.apple.product-type.bundle -expandbuildsettings -format binary -platform iphonesimulator -additionalcontentfile /Users/sergiorodriguez/Library/Developer/Xcode/DerivedData/Embrace_Ecommerce-bluiupfvipvoshftpieasgwapago/Build/Intermediates.noindex/Stripe.build/Debug-iphonesimulator/Stripe_Stripe3DS2.build/assetcatalog_generated_info.plist -o /Users/sergiorodriguez/Library/Developer/Xcode/DerivedData/Embrace_Ecommerce-bluiupfvipvoshftpieasgwapago/Build/Products/Debug-iphonesimulator/Stripe_Stripe3DS2.bundle/Info.plist

ProcessInfoPlistFile /Users/sergiorodriguez/Library/Developer/Xcode/DerivedData/Embrace_Ecommerce-bluiupfvipvoshftpieasgwapago/Build/Products/Debug-iphonesimulator/GoogleSignIn_GoogleSignIn.bundle/Info.plist /Users/sergiorodriguez/Library/Developer/Xcode/DerivedData/Embrace_Ecommerce-bluiupfvipvoshftpieasgwapago/Build/Intermediates.noindex/GoogleSignIn.build/Debug-iphonesimulator/GoogleSignIn_GoogleSignIn.build/empty-GoogleSignIn_GoogleSignIn.plist (in target 'GoogleSignIn_GoogleSignIn' from project 'GoogleSignIn')
    cd /Users/sergiorodriguez/Library/Developer/Xcode/DerivedData/Embrace_Ecommerce-bluiupfvipvoshftpieasgwapago/SourcePackages/checkouts/GoogleSignIn-iOS
    builtin-infoPlistUtility /Users/sergiorodriguez/Library/Developer/Xcode/DerivedData/Embrace_Ecommerce-bluiupfvipvoshftpieasgwapago/Build/Intermediates.noindex/GoogleSignIn.build/Debug-iphonesimulator/GoogleSignIn_GoogleSignIn.build/empty-GoogleSignIn_GoogleSignIn.plist -producttype com.apple.product-type.bundle -expandbuildsettings -format binary -platform iphonesimulator -o /Users/sergiorodriguez/Library/Developer/Xcode/DerivedData/Embrace_Ecommerce-bluiupfvipvoshftpieasgwapago/Build/Products/Debug-iphonesimulator/GoogleSignIn_GoogleSignIn.bundle/Info.plist

ProcessInfoPlistFile /Users/sergiorodriguez/Library/Developer/Xcode/DerivedData/Embrace_Ecommerce-bluiupfvipvoshftpieasgwapago/Build/Products/Debug-iphonesimulator/GTMSessionFetcher_GTMSessionFetcherCore.bundle/Info.plist /Users/sergiorodriguez/Library/Developer/Xcode/DerivedData/Embrace_Ecommerce-bluiupfvipvoshftpieasgwapago/Build/Intermediates.noindex/GTMSessionFetcher.build/Debug-iphonesimulator/GTMSessionFetcher_GTMSessionFetcherCore.build/empty-GTMSessionFetcher_GTMSessionFetcherCore.plist (in target 'GTMSessionFetcher_GTMSessionFetcherCore' from project 'GTMSessionFetcher')
    cd /Users/sergiorodriguez/Library/Developer/Xcode/DerivedData/Embrace_Ecommerce-bluiupfvipvoshftpieasgwapago/SourcePackages/checkouts/gtm-session-fetcher
    builtin-infoPlistUtility /Users/sergiorodriguez/Library/Developer/Xcode/DerivedData/Embrace_Ecommerce-bluiupfvipvoshftpieasgwapago/Build/Intermediates.noindex/GTMSessionFetcher.build/Debug-iphonesimulator/GTMSessionFetcher_GTMSessionFetcherCore.build/empty-GTMSessionFetcher_GTMSessionFetcherCore.plist -producttype com.apple.product-type.bundle -expandbuildsettings -format binary -platform iphonesimulator -o /Users/sergiorodriguez/Library/Developer/Xcode/DerivedData/Embrace_Ecommerce-bluiupfvipvoshftpieasgwapago/Build/Products/Debug-iphonesimulator/GTMSessionFetcher_GTMSessionFetcherCore.bundle/Info.plist

ProcessInfoPlistFile /Users/sergiorodriguez/Library/Developer/Xcode/DerivedData/Embrace_Ecommerce-bluiupfvipvoshftpieasgwapago/Build/Products/Debug-iphonesimulator/GTMAppAuth_GTMAppAuth.bundle/Info.plist /Users/sergiorodriguez/Library/Developer/Xcode/DerivedData/Embrace_Ecommerce-bluiupfvipvoshftpieasgwapago/Build/Intermediates.noindex/GTMAppAuth.build/Debug-iphonesimulator/GTMAppAuth_GTMAppAuth.build/empty-GTMAppAuth_GTMAppAuth.plist (in target 'GTMAppAuth_GTMAppAuth' from project 'GTMAppAuth')
    cd /Users/sergiorodriguez/Library/Developer/Xcode/DerivedData/Embrace_Ecommerce-bluiupfvipvoshftpieasgwapago/SourcePackages/checkouts/GTMAppAuth
    builtin-infoPlistUtility /Users/sergiorodriguez/Library/Developer/Xcode/DerivedData/Embrace_Ecommerce-bluiupfvipvoshftpieasgwapago/Build/Intermediates.noindex/GTMAppAuth.build/Debug-iphonesimulator/GTMAppAuth_GTMAppAuth.build/empty-GTMAppAuth_GTMAppAuth.plist -producttype com.apple.product-type.bundle -expandbuildsettings -format binary -platform iphonesimulator -o /Users/sergiorodriguez/Library/Developer/Xcode/DerivedData/Embrace_Ecommerce-bluiupfvipvoshftpieasgwapago/Build/Products/Debug-iphonesimulator/GTMAppAuth_GTMAppAuth.bundle/Info.plist

ProcessInfoPlistFile /Users/sergiorodriguez/Library/Developer/Xcode/DerivedData/Embrace_Ecommerce-bluiupfvipvoshftpieasgwapago/Build/Products/Debug-iphonesimulator/Firebase_FirebaseInstallations.bundle/Info.plist /Users/sergiorodriguez/Library/Developer/Xcode/DerivedData/Embrace_Ecommerce-bluiupfvipvoshftpieasgwapago/Build/Intermediates.noindex/Firebase.build/Debug-iphonesimulator/Firebase_FirebaseInstallations.build/empty-Firebase_FirebaseInstallations.plist (in target 'Firebase_FirebaseInstallations' from project 'Firebase')
    cd /Users/sergiorodriguez/Library/Developer/Xcode/DerivedData/Embrace_Ecommerce-bluiupfvipvoshftpieasgwapago/SourcePackages/checkouts/firebase-ios-sdk
    builtin-infoPlistUtility /Users/sergiorodriguez/Library/Developer/Xcode/DerivedData/Embrace_Ecommerce-bluiupfvipvoshftpieasgwapago/Build/Intermediates.noindex/Firebase.build/Debug-iphonesimulator/Firebase_FirebaseInstallations.build/empty-Firebase_FirebaseInstallations.plist -producttype com.apple.product-type.bundle -expandbuildsettings -format binary -platform iphonesimulator -o /Users/sergiorodriguez/Library/Developer/Xcode/DerivedData/Embrace_Ecommerce-bluiupfvipvoshftpieasgwapago/Build/Products/Debug-iphonesimulator/Firebase_FirebaseInstallations.bundle/Info.plist

ProcessInfoPlistFile /Users/sergiorodriguez/Library/Developer/Xcode/DerivedData/Embrace_Ecommerce-bluiupfvipvoshftpieasgwapago/Build/Products/Debug-iphonesimulator/Firebase_FirebaseCoreInternal.bundle/Info.plist /Users/sergiorodriguez/Library/Developer/Xcode/DerivedData/Embrace_Ecommerce-bluiupfvipvoshftpieasgwapago/Build/Intermediates.noindex/Firebase.build/Debug-iphonesimulator/Firebase_FirebaseCoreInternal.build/empty-Firebase_FirebaseCoreInternal.plist (in target 'Firebase_FirebaseCoreInternal' from project 'Firebase')
    cd /Users/sergiorodriguez/Library/Developer/Xcode/DerivedData/Embrace_Ecommerce-bluiupfvipvoshftpieasgwapago/SourcePackages/checkouts/firebase-ios-sdk
    builtin-infoPlistUtility /Users/sergiorodriguez/Library/Developer/Xcode/DerivedData/Embrace_Ecommerce-bluiupfvipvoshftpieasgwapago/Build/Intermediates.noindex/Firebase.build/Debug-iphonesimulator/Firebase_FirebaseCoreInternal.build/empty-Firebase_FirebaseCoreInternal.plist -producttype com.apple.product-type.bundle -expandbuildsettings -format binary -platform iphonesimulator -o /Users/sergiorodriguez/Library/Developer/Xcode/DerivedData/Embrace_Ecommerce-bluiupfvipvoshftpieasgwapago/Build/Products/Debug-iphonesimulator/Firebase_FirebaseCoreInternal.bundle/Info.plist

ProcessInfoPlistFile /Users/sergiorodriguez/Library/Developer/Xcode/DerivedData/Embrace_Ecommerce-bluiupfvipvoshftpieasgwapago/Build/Products/Debug-iphonesimulator/Firebase_FirebaseCoreExtension.bundle/Info.plist /Users/sergiorodriguez/Library/Developer/Xcode/DerivedData/Embrace_Ecommerce-bluiupfvipvoshftpieasgwapago/Build/Intermediates.noindex/Firebase.build/Debug-iphonesimulator/Firebase_FirebaseCoreExtension.build/empty-Firebase_FirebaseCoreExtension.plist (in target 'Firebase_FirebaseCoreExtension' from project 'Firebase')
    cd /Users/sergiorodriguez/Library/Developer/Xcode/DerivedData/Embrace_Ecommerce-bluiupfvipvoshftpieasgwapago/SourcePackages/checkouts/firebase-ios-sdk
    builtin-infoPlistUtility /Users/sergiorodriguez/Library/Developer/Xcode/DerivedData/Embrace_Ecommerce-bluiupfvipvoshftpieasgwapago/Build/Intermediates.noindex/Firebase.build/Debug-iphonesimulator/Firebase_FirebaseCoreExtension.build/empty-Firebase_FirebaseCoreExtension.plist -producttype com.apple.product-type.bundle -expandbuildsettings -format binary -platform iphonesimulator -o /Users/sergiorodriguez/Library/Developer/Xcode/DerivedData/Embrace_Ecommerce-bluiupfvipvoshftpieasgwapago/Build/Products/Debug-iphonesimulator/Firebase_FirebaseCoreExtension.bundle/Info.plist

ProcessInfoPlistFile /Users/sergiorodriguez/Library/Developer/Xcode/DerivedData/Embrace_Ecommerce-bluiupfvipvoshftpieasgwapago/Build/Products/Debug-iphonesimulator/EmbraceIO_EmbraceCore.bundle/Info.plist /Users/sergiorodriguez/Library/Developer/Xcode/DerivedData/Embrace_Ecommerce-bluiupfvipvoshftpieasgwapago/Build/Intermediates.noindex/EmbraceIO.build/Debug-iphonesimulator/EmbraceIO_EmbraceCore.build/empty-EmbraceIO_EmbraceCore.plist (in target 'EmbraceIO_EmbraceCore' from project 'EmbraceIO')
    cd /Users/sergiorodriguez/Library/Developer/Xcode/DerivedData/Embrace_Ecommerce-bluiupfvipvoshftpieasgwapago/SourcePackages/checkouts/embrace-apple-sdk
    builtin-infoPlistUtility /Users/sergiorodriguez/Library/Developer/Xcode/DerivedData/Embrace_Ecommerce-bluiupfvipvoshftpieasgwapago/Build/Intermediates.noindex/EmbraceIO.build/Debug-iphonesimulator/EmbraceIO_EmbraceCore.build/empty-EmbraceIO_EmbraceCore.plist -producttype com.apple.product-type.bundle -expandbuildsettings -format binary -platform iphonesimulator -o /Users/sergiorodriguez/Library/Developer/Xcode/DerivedData/Embrace_Ecommerce-bluiupfvipvoshftpieasgwapago/Build/Products/Debug-iphonesimulator/EmbraceIO_EmbraceCore.bundle/Info.plist

ProcessInfoPlistFile /Users/sergiorodriguez/Library/Developer/Xcode/DerivedData/Embrace_Ecommerce-bluiupfvipvoshftpieasgwapago/Build/Products/Debug-iphonesimulator/Firebase_FirebaseCore.bundle/Info.plist /Users/sergiorodriguez/Library/Developer/Xcode/DerivedData/Embrace_Ecommerce-bluiupfvipvoshftpieasgwapago/Build/Intermediates.noindex/Firebase.build/Debug-iphonesimulator/Firebase_FirebaseCore.build/empty-Firebase_FirebaseCore.plist (in target 'Firebase_FirebaseCore' from project 'Firebase')
    cd /Users/sergiorodriguez/Library/Developer/Xcode/DerivedData/Embrace_Ecommerce-bluiupfvipvoshftpieasgwapago/SourcePackages/checkouts/firebase-ios-sdk
    builtin-infoPlistUtility /Users/sergiorodriguez/Library/Developer/Xcode/DerivedData/Embrace_Ecommerce-bluiupfvipvoshftpieasgwapago/Build/Intermediates.noindex/Firebase.build/Debug-iphonesimulator/Firebase_FirebaseCore.build/empty-Firebase_FirebaseCore.plist -producttype com.apple.product-type.bundle -expandbuildsettings -format binary -platform iphonesimulator -o /Users/sergiorodriguez/Library/Developer/Xcode/DerivedData/Embrace_Ecommerce-bluiupfvipvoshftpieasgwapago/Build/Products/Debug-iphonesimulator/Firebase_FirebaseCore.bundle/Info.plist

ProcessInfoPlistFile /Users/sergiorodriguez/Library/Developer/Xcode/DerivedData/Embrace_Ecommerce-bluiupfvipvoshftpieasgwapago/Build/Products/Debug-iphonesimulator/AppAuth_AppAuthCore.bundle/Info.plist /Users/sergiorodriguez/Library/Developer/Xcode/DerivedData/Embrace_Ecommerce-bluiupfvipvoshftpieasgwapago/Build/Intermediates.noindex/AppAuth.build/Debug-iphonesimulator/AppAuth_AppAuthCore.build/empty-AppAuth_AppAuthCore.plist (in target 'AppAuth_AppAuthCore' from project 'AppAuth')
    cd /Users/sergiorodriguez/Library/Developer/Xcode/DerivedData/Embrace_Ecommerce-bluiupfvipvoshftpieasgwapago/SourcePackages/checkouts/AppAuth-iOS
    builtin-infoPlistUtility /Users/sergiorodriguez/Library/Developer/Xcode/DerivedData/Embrace_Ecommerce-bluiupfvipvoshftpieasgwapago/Build/Intermediates.noindex/AppAuth.build/Debug-iphonesimulator/AppAuth_AppAuthCore.build/empty-AppAuth_AppAuthCore.plist -producttype com.apple.product-type.bundle -expandbuildsettings -format binary -platform iphonesimulator -o /Users/sergiorodriguez/Library/Developer/Xcode/DerivedData/Embrace_Ecommerce-bluiupfvipvoshftpieasgwapago/Build/Products/Debug-iphonesimulator/AppAuth_AppAuthCore.bundle/Info.plist

ProcessInfoPlistFile /Users/sergiorodriguez/Library/Developer/Xcode/DerivedData/Embrace_Ecommerce-bluiupfvipvoshftpieasgwapago/Build/Products/Debug-iphonesimulator/AppAuth_AppAuth.bundle/Info.plist /Users/sergiorodriguez/Library/Developer/Xcode/DerivedData/Embrace_Ecommerce-bluiupfvipvoshftpieasgwapago/Build/Intermediates.noindex/AppAuth.build/Debug-iphonesimulator/AppAuth_AppAuth.build/empty-AppAuth_AppAuth.plist (in target 'AppAuth_AppAuth' from project 'AppAuth')
    cd /Users/sergiorodriguez/Library/Developer/Xcode/DerivedData/Embrace_Ecommerce-bluiupfvipvoshftpieasgwapago/SourcePackages/checkouts/AppAuth-iOS
    builtin-infoPlistUtility /Users/sergiorodriguez/Library/Developer/Xcode/DerivedData/Embrace_Ecommerce-bluiupfvipvoshftpieasgwapago/Build/Intermediates.noindex/AppAuth.build/Debug-iphonesimulator/AppAuth_AppAuth.build/empty-AppAuth_AppAuth.plist -producttype com.apple.product-type.bundle -expandbuildsettings -format binary -platform iphonesimulator -o /Users/sergiorodriguez/Library/Developer/Xcode/DerivedData/Embrace_Ecommerce-bluiupfvipvoshftpieasgwapago/Build/Products/Debug-iphonesimulator/AppAuth_AppAuth.bundle/Info.plist

WriteAuxiliaryFile /Users/sergiorodriguez/Library/Developer/Xcode/DerivedData/Embrace_Ecommerce-bluiupfvipvoshftpieasgwapago/Build/Intermediates.noindex/Embrace\ Ecommerce.build/Debug-iphonesimulator/Embrace\ Ecommerce.build/Objects-normal/x86_64/Embrace\ Ecommerce.SwiftFileList (in target 'Embrace Ecommerce' from project 'Embrace Ecommerce')
    cd /Users/sergiorodriguez/Documents/test\ apps/Embrace\ Ecommerce
    write-file /Users/sergiorodriguez/Library/Developer/Xcode/DerivedData/Embrace_Ecommerce-bluiupfvipvoshftpieasgwapago/Build/Intermediates.noindex/Embrace\ Ecommerce.build/Debug-iphonesimulator/Embrace\ Ecommerce.build/Objects-normal/x86_64/Embrace\ Ecommerce.SwiftFileList

WriteAuxiliaryFile /Users/sergiorodriguez/Library/Developer/Xcode/DerivedData/Embrace_Ecommerce-bluiupfvipvoshftpieasgwapago/Build/Intermediates.noindex/Embrace\ Ecommerce.build/Debug-iphonesimulator/Embrace\ Ecommerce.build/Objects-normal/x86_64/Embrace\ Ecommerce.SwiftConstValuesFileList (in target 'Embrace Ecommerce' from project 'Embrace Ecommerce')
    cd /Users/sergiorodriguez/Documents/test\ apps/Embrace\ Ecommerce
    write-file /Users/sergiorodriguez/Library/Developer/Xcode/DerivedData/Embrace_Ecommerce-bluiupfvipvoshftpieasgwapago/Build/Intermediates.noindex/Embrace\ Ecommerce.build/Debug-iphonesimulator/Embrace\ Ecommerce.build/Objects-normal/x86_64/Embrace\ Ecommerce.SwiftConstValuesFileList

WriteAuxiliaryFile /Users/sergiorodriguez/Library/Developer/Xcode/DerivedData/Embrace_Ecommerce-bluiupfvipvoshftpieasgwapago/Build/Intermediates.noindex/Embrace\ Ecommerce.build/Debug-iphonesimulator/Embrace\ Ecommerce.build/Objects-normal/x86_64/Embrace\ Ecommerce.LinkFileList (in target 'Embrace Ecommerce' from project 'Embrace Ecommerce')
    cd /Users/sergiorodriguez/Documents/test\ apps/Embrace\ Ecommerce
    write-file /Users/sergiorodriguez/Library/Developer/Xcode/DerivedData/Embrace_Ecommerce-bluiupfvipvoshftpieasgwapago/Build/Intermediates.noindex/Embrace\ Ecommerce.build/Debug-iphonesimulator/Embrace\ Ecommerce.build/Objects-normal/x86_64/Embrace\ Ecommerce.LinkFileList

WriteAuxiliaryFile /Users/sergiorodriguez/Library/Developer/Xcode/DerivedData/Embrace_Ecommerce-bluiupfvipvoshftpieasgwapago/Build/Intermediates.noindex/Embrace\ Ecommerce.build/Debug-iphonesimulator/Embrace\ Ecommerce.build/Objects-normal/arm64/Embrace\ Ecommerce.SwiftFileList (in target 'Embrace Ecommerce' from project 'Embrace Ecommerce')
    cd /Users/sergiorodriguez/Documents/test\ apps/Embrace\ Ecommerce
    write-file /Users/sergiorodriguez/Library/Developer/Xcode/DerivedData/Embrace_Ecommerce-bluiupfvipvoshftpieasgwapago/Build/Intermediates.noindex/Embrace\ Ecommerce.build/Debug-iphonesimulator/Embrace\ Ecommerce.build/Objects-normal/arm64/Embrace\ Ecommerce.SwiftFileList

WriteAuxiliaryFile /Users/sergiorodriguez/Library/Developer/Xcode/DerivedData/Embrace_Ecommerce-bluiupfvipvoshftpieasgwapago/Build/Intermediates.noindex/Embrace\ Ecommerce.build/Debug-iphonesimulator/Embrace\ Ecommerce.build/Objects-normal/arm64/Embrace\ Ecommerce.SwiftConstValuesFileList (in target 'Embrace Ecommerce' from project 'Embrace Ecommerce')
    cd /Users/sergiorodriguez/Documents/test\ apps/Embrace\ Ecommerce
    write-file /Users/sergiorodriguez/Library/Developer/Xcode/DerivedData/Embrace_Ecommerce-bluiupfvipvoshftpieasgwapago/Build/Intermediates.noindex/Embrace\ Ecommerce.build/Debug-iphonesimulator/Embrace\ Ecommerce.build/Objects-normal/arm64/Embrace\ Ecommerce.SwiftConstValuesFileList

WriteAuxiliaryFile /Users/sergiorodriguez/Library/Developer/Xcode/DerivedData/Embrace_Ecommerce-bluiupfvipvoshftpieasgwapago/Build/Intermediates.noindex/Embrace\ Ecommerce.build/Debug-iphonesimulator/Embrace\ Ecommerce.build/Objects-normal/arm64/Embrace\ Ecommerce.LinkFileList (in target 'Embrace Ecommerce' from project 'Embrace Ecommerce')
    cd /Users/sergiorodriguez/Documents/test\ apps/Embrace\ Ecommerce
    write-file /Users/sergiorodriguez/Library/Developer/Xcode/DerivedData/Embrace_Ecommerce-bluiupfvipvoshftpieasgwapago/Build/Intermediates.noindex/Embrace\ Ecommerce.build/Debug-iphonesimulator/Embrace\ Ecommerce.build/Objects-normal/arm64/Embrace\ Ecommerce.LinkFileList

Ld /Users/sergiorodriguez/Library/Developer/Xcode/DerivedData/Embrace_Ecommerce-bluiupfvipvoshftpieasgwapago/Build/Intermediates.noindex/EmbraceIO.build/Debug-iphonesimulator/EmbraceCore.build/Objects-normal/x86_64/Binary/EmbraceCore.o normal x86_64 (in target 'EmbraceCore' from project 'EmbraceIO')
    cd /Users/sergiorodriguez/Library/Developer/Xcode/DerivedData/Embrace_Ecommerce-bluiupfvipvoshftpieasgwapago/SourcePackages/checkouts/embrace-apple-sdk
    /Applications/Xcode.app/Contents/Developer/Toolchains/XcodeDefault.xctoolchain/usr/bin/clang -Xlinker -reproducible -target x86_64-apple-ios13.0-simulator -r -isysroot /Applications/Xcode.app/Contents/Developer/Platforms/iPhoneSimulator.platform/Developer/SDKs/iPhoneSimulator18.5.sdk -O0 -w -L/Users/sergiorodriguez/Library/Developer/Xcode/DerivedData/Embrace_Ecommerce-bluiupfvipvoshftpieasgwapago/Build/Intermediates.noindex/EagerLinkingTBDs/Debug-iphonesimulator -L/Users/sergiorodriguez/Library/Developer/Xcode/DerivedData/Embrace_Ecommerce-bluiupfvipvoshftpieasgwapago/Build/Products/Debug-iphonesimulator -L/Applications/Xcode.app/Contents/Developer/Platforms/iPhoneSimulator.platform/Developer/usr/lib -F/Users/sergiorodriguez/Library/Developer/Xcode/DerivedData/Embrace_Ecommerce-bluiupfvipvoshftpieasgwapago/Build/Intermediates.noindex/EagerLinkingTBDs/Debug-iphonesimulator -F/Users/sergiorodriguez/Library/Developer/Xcode/DerivedData/Embrace_Ecommerce-bluiupfvipvoshftpieasgwapago/Build/Products/Debug-iphonesimulator/PackageFrameworks -F/Users/sergiorodriguez/Library/Developer/Xcode/DerivedData/Embrace_Ecommerce-bluiupfvipvoshftpieasgwapago/Build/Products/Debug-iphonesimulator/PackageFrameworks -F/Users/sergiorodriguez/Library/Developer/Xcode/DerivedData/Embrace_Ecommerce-bluiupfvipvoshftpieasgwapago/Build/Products/Debug-iphonesimulator/PackageFrameworks -F/Users/sergiorodriguez/Library/Developer/Xcode/DerivedData/Embrace_Ecommerce-bluiupfvipvoshftpieasgwapago/Build/Products/Debug-iphonesimulator/PackageFrameworks -F/Users/sergiorodriguez/Library/Developer/Xcode/DerivedData/Embrace_Ecommerce-bluiupfvipvoshftpieasgwapago/Build/Products/Debug-iphonesimulator/PackageFrameworks -F/Users/sergiorodriguez/Library/Developer/Xcode/DerivedData/Embrace_Ecommerce-bluiupfvipvoshftpieasgwapago/Build/Products/Debug-iphonesimulator/PackageFrameworks -F/Users/sergiorodriguez/Library/Developer/Xcode/DerivedData/Embrace_Ecommerce-bluiupfvipvoshftpieasgwapago/Build/Products/Debug-iphonesimulator/PackageFrameworks -F/Users/sergiorodriguez/Library/Developer/Xcode/DerivedData/Embrace_Ecommerce-bluiupfvipvoshftpieasgwapago/Build/Products/Debug-iphonesimulator/PackageFrameworks -F/Users/sergiorodriguez/Library/Developer/Xcode/DerivedData/Embrace_Ecommerce-bluiupfvipvoshftpieasgwapago/Build/Products/Debug-iphonesimulator/PackageFrameworks -F/Users/sergiorodriguez/Library/Developer/Xcode/DerivedData/Embrace_Ecommerce-bluiupfvipvoshftpieasgwapago/Build/Products/Debug-iphonesimulator/PackageFrameworks -F/Users/sergiorodriguez/Library/Developer/Xcode/DerivedData/Embrace_Ecommerce-bluiupfvipvoshftpieasgwapago/Build/Products/Debug-iphonesimulator/PackageFrameworks -F/Users/sergiorodriguez/Library/Developer/Xcode/DerivedData/Embrace_Ecommerce-bluiupfvipvoshftpieasgwapago/Build/Products/Debug-iphonesimulator/PackageFrameworks -F/Users/sergiorodriguez/Library/Developer/Xcode/DerivedData/Embrace_Ecommerce-bluiupfvipvoshftpieasgwapago/Build/Products/Debug-iphonesimulator -iframework /Applications/Xcode.app/Contents/Developer/Platforms/iPhoneSimulator.platform/Developer/Library/Frameworks -iframework /Applications/Xcode.app/Contents/Developer/Platforms/iPhoneSimulator.platform/Developer/SDKs/iPhoneSimulator18.5.sdk/Developer/Library/Frameworks -filelist /Users/sergiorodriguez/Library/Developer/Xcode/DerivedData/Embrace_Ecommerce-bluiupfvipvoshftpieasgwapago/Build/Intermediates.noindex/EmbraceIO.build/Debug-iphonesimulator/EmbraceCore.build/Objects-normal/x86_64/EmbraceCore.LinkFileList -nostdlib -Xlinker -object_path_lto -Xlinker /Users/sergiorodriguez/Library/Developer/Xcode/DerivedData/Embrace_Ecommerce-bluiupfvipvoshftpieasgwapago/Build/Intermediates.noindex/EmbraceIO.build/Debug-iphonesimulator/EmbraceCore.build/Objects-normal/x86_64/EmbraceCore_lto.o -rdynamic -Xlinker -no_deduplicate -Xlinker -objc_abi_version -Xlinker 2 -Xlinker -dependency_info -Xlinker /Users/sergiorodriguez/Library/Developer/Xcode/DerivedData/Embrace_Ecommerce-bluiupfvipvoshftpieasgwapago/Build/Intermediates.noindex/EmbraceIO.build/Debug-iphonesimulator/EmbraceCore.build/Objects-normal/x86_64/EmbraceCore_dependency_info.dat -fobjc-link-runtime -L/Applications/Xcode.app/Contents/Developer/Toolchains/XcodeDefault.xctoolchain/usr/lib/swift/iphonesimulator -L/usr/lib/swift -Xlinker -add_ast_path -Xlinker /Users/sergiorodriguez/Library/Developer/Xcode/DerivedData/Embrace_Ecommerce-bluiupfvipvoshftpieasgwapago/Build/Intermediates.noindex/EmbraceIO.build/Debug-iphonesimulator/EmbraceCore.build/Objects-normal/x86_64/EmbraceCore.swiftmodule -o /Users/sergiorodriguez/Library/Developer/Xcode/DerivedData/Embrace_Ecommerce-bluiupfvipvoshftpieasgwapago/Build/Intermediates.noindex/EmbraceIO.build/Debug-iphonesimulator/EmbraceCore.build/Objects-normal/x86_64/Binary/EmbraceCore.o

ProcessProductPackaging "" /Users/sergiorodriguez/Library/Developer/Xcode/DerivedData/Embrace_Ecommerce-bluiupfvipvoshftpieasgwapago/Build/Intermediates.noindex/Embrace\ Ecommerce.build/Debug-iphonesimulator/Embrace\ Ecommerce.build/Embrace\ Ecommerce.app-Simulated.xcent (in target 'Embrace Ecommerce' from project 'Embrace Ecommerce')
    cd /Users/sergiorodriguez/Documents/test\ apps/Embrace\ Ecommerce
    
    Entitlements:
    
    {
    "application-identifier" = "73SU4UUD44.com.cocotest.embrace.org.Embrace-Ecommerce";
}
    
    builtin-productPackagingUtility -entitlements -format xml -o /Users/sergiorodriguez/Library/Developer/Xcode/DerivedData/Embrace_Ecommerce-bluiupfvipvoshftpieasgwapago/Build/Intermediates.noindex/Embrace\ Ecommerce.build/Debug-iphonesimulator/Embrace\ Ecommerce.build/Embrace\ Ecommerce.app-Simulated.xcent

ProcessProductPackagingDER /Users/sergiorodriguez/Library/Developer/Xcode/DerivedData/Embrace_Ecommerce-bluiupfvipvoshftpieasgwapago/Build/Intermediates.noindex/Embrace\ Ecommerce.build/Debug-iphonesimulator/Embrace\ Ecommerce.build/Embrace\ Ecommerce.app-Simulated.xcent /Users/sergiorodriguez/Library/Developer/Xcode/DerivedData/Embrace_Ecommerce-bluiupfvipvoshftpieasgwapago/Build/Intermediates.noindex/Embrace\ Ecommerce.build/Debug-iphonesimulator/Embrace\ Ecommerce.build/Embrace\ Ecommerce.app-Simulated.xcent.der (in target 'Embrace Ecommerce' from project 'Embrace Ecommerce')
    cd /Users/sergiorodriguez/Documents/test\ apps/Embrace\ Ecommerce
    /usr/bin/derq query -f xml -i /Users/sergiorodriguez/Library/Developer/Xcode/DerivedData/Embrace_Ecommerce-bluiupfvipvoshftpieasgwapago/Build/Intermediates.noindex/Embrace\ Ecommerce.build/Debug-iphonesimulator/Embrace\ Ecommerce.build/Embrace\ Ecommerce.app-Simulated.xcent -o /Users/sergiorodriguez/Library/Developer/Xcode/DerivedData/Embrace_Ecommerce-bluiupfvipvoshftpieasgwapago/Build/Intermediates.noindex/Embrace\ Ecommerce.build/Debug-iphonesimulator/Embrace\ Ecommerce.build/Embrace\ Ecommerce.app-Simulated.xcent.der --raw

SwiftDriver Embrace\ Ecommerce normal x86_64 com.apple.xcode.tools.swift.compiler (in target 'Embrace Ecommerce' from project 'Embrace Ecommerce')
    cd /Users/sergiorodriguez/Documents/test\ apps/Embrace\ Ecommerce
    builtin-SwiftDriver -- /Applications/Xcode.app/Contents/Developer/Toolchains/XcodeDefault.xctoolchain/usr/bin/swiftc -module-name Embrace_Ecommerce -Onone -enforce-exclusivity\=checked @/Users/sergiorodriguez/Library/Developer/Xcode/DerivedData/Embrace_Ecommerce-bluiupfvipvoshftpieasgwapago/Build/Intermediates.noindex/Embrace\ Ecommerce.build/Debug-iphonesimulator/Embrace\ Ecommerce.build/Objects-normal/x86_64/Embrace\ Ecommerce.SwiftFileList -DDEBUG -Xcc -fmodule-map-file\=/Users/sergiorodriguez/Library/Developer/Xcode/DerivedData/Embrace_Ecommerce-bluiupfvipvoshftpieasgwapago/Build/Intermediates.noindex/GeneratedModuleMaps-iphonesimulator/GoogleAdsOnDeviceConversionTarget.modulemap -Xcc -fmodule-map-file\=/Users/sergiorodriguez/Library/Developer/Xcode/DerivedData/Embrace_Ecommerce-bluiupfvipvoshftpieasgwapago/Build/Intermediates.noindex/GeneratedModuleMaps-iphonesimulator/GoogleAppMeasurementTarget.modulemap -Xcc -fmodule-map-file\=/Users/sergiorodriguez/Library/Developer/Xcode/DerivedData/Embrace_Ecommerce-bluiupfvipvoshftpieasgwapago/Build/Intermediates.noindex/GeneratedModuleMaps-iphonesimulator/FirebaseAnalyticsWrapper.modulemap -Xcc -fmodule-map-file\=/Users/sergiorodriguez/Library/Developer/Xcode/DerivedData/Embrace_Ecommerce-bluiupfvipvoshftpieasgwapago/Build/Intermediates.noindex/GeneratedModuleMaps-iphonesimulator/FirebaseAnalyticsTarget.modulemap -Xcc -fmodule-map-file\=/Users/sergiorodriguez/Library/Developer/Xcode/DerivedData/Embrace_Ecommerce-bluiupfvipvoshftpieasgwapago/Build/Intermediates.noindex/GeneratedModuleMaps-iphonesimulator/GoogleAppMeasurementIdentitySupportTarget.modulemap -Xcc -fmodule-map-file\=/Users/sergiorodriguez/Library/Developer/Xcode/DerivedData/Embrace_Ecommerce-bluiupfvipvoshftpieasgwapago/Build/Intermediates.noindex/GeneratedModuleMaps-iphonesimulator/FirebaseAnalyticsIdentitySupportTarget.modulemap -Xcc -fmodule-map-file\=/Users/sergiorodriguez/Library/Developer/Xcode/DerivedData/Embrace_Ecommerce-bluiupfvipvoshftpieasgwapago/Build/Intermediates.noindex/GeneratedModuleMaps-iphonesimulator/KSCrashRecordingCore.modulemap -Xcc -fmodule-map-file\=/Users/sergiorodriguez/Library/Developer/Xcode/DerivedData/Embrace_Ecommerce-bluiupfvipvoshftpieasgwapago/Build/Intermediates.noindex/GeneratedModuleMaps-iphonesimulator/KSCrashCore.modulemap -Xcc -fmodule-map-file\=/Users/sergiorodriguez/Library/Developer/Xcode/DerivedData/Embrace_Ecommerce-bluiupfvipvoshftpieasgwapago/Build/Intermediates.noindex/GeneratedModuleMaps-iphonesimulator/KSCrashRecording.modulemap -Xcc -fmodule-map-file\=/Users/sergiorodriguez/Library/Developer/Xcode/DerivedData/Embrace_Ecommerce-bluiupfvipvoshftpieasgwapago/Build/Intermediates.noindex/GeneratedModuleMaps-iphonesimulator/Stripe3DS2.modulemap -Xcc -fmodule-map-file\=/Users/sergiorodriguez/Library/Developer/Xcode/DerivedData/Embrace_Ecommerce-bluiupfvipvoshftpieasgwapago/Build/Intermediates.noindex/GeneratedModuleMaps-iphonesimulator/AppAuth.modulemap -Xcc -fmodule-map-file\=/Users/sergiorodriguez/Library/Developer/Xcode/DerivedData/Embrace_Ecommerce-bluiupfvipvoshftpieasgwapago/Build/Intermediates.noindex/GeneratedModuleMaps-iphonesimulator/AppAuthCore.modulemap -Xcc -fmodule-map-file\=/Users/sergiorodriguez/Library/Developer/Xcode/DerivedData/Embrace_Ecommerce-bluiupfvipvoshftpieasgwapago/Build/Intermediates.noindex/GeneratedModuleMaps-iphonesimulator/GTMSessionFetcherCore.modulemap -Xcc -fmodule-map-file\=/Users/sergiorodriguez/Library/Developer/Xcode/DerivedData/Embrace_Ecommerce-bluiupfvipvoshftpieasgwapago/Build/Intermediates.noindex/GeneratedModuleMaps-iphonesimulator/GoogleSignIn.modulemap -Xcc -fmodule-map-file\=/Users/sergiorodriguez/Library/Developer/Xcode/DerivedData/Embrace_Ecommerce-bluiupfvipvoshftpieasgwapago/Build/Intermediates.noindex/GeneratedModuleMaps-iphonesimulator/FirebaseCoreExtension.modulemap -Xcc -fmodule-map-file\=/Users/sergiorodriguez/Library/Developer/Xcode/DerivedData/Embrace_Ecommerce-bluiupfvipvoshftpieasgwapago/Build/Intermediates.noindex/GeneratedModuleMaps-iphonesimulator/FirebaseAuthInterop.modulemap -Xcc -fmodule-map-file\=/Users/sergiorodriguez/Library/Developer/Xcode/DerivedData/Embrace_Ecommerce-bluiupfvipvoshftpieasgwapago/Build/Intermediates.noindex/GeneratedModuleMaps-iphonesimulator/AppCheckCore.modulemap -Xcc -fmodule-map-file\=/Users/sergiorodriguez/Library/Developer/Xcode/DerivedData/Embrace_Ecommerce-bluiupfvipvoshftpieasgwapago/Build/Intermediates.noindex/GeneratedModuleMaps-iphonesimulator/FirebaseAppCheckInterop.modulemap -Xcc -fmodule-map-file\=/Users/sergiorodriguez/Library/Developer/Xcode/DerivedData/Embrace_Ecommerce-bluiupfvipvoshftpieasgwapago/Build/Intermediates.noindex/GeneratedModuleMaps-iphonesimulator/FirebaseAppCheck.modulemap -Xcc -fmodule-map-file\=/Users/sergiorodriguez/Library/Developer/Xcode/DerivedData/Embrace_Ecommerce-bluiupfvipvoshftpieasgwapago/Build/Intermediates.noindex/GeneratedModuleMaps-iphonesimulator/GoogleUtilities-UserDefaults.modulemap -Xcc -fmodule-map-file\=/Users/sergiorodriguez/Library/Developer/Xcode/DerivedData/Embrace_Ecommerce-bluiupfvipvoshftpieasgwapago/Build/Intermediates.noindex/GeneratedModuleMaps-iphonesimulator/GoogleAppMeasurementCoreTarget.modulemap -Xcc -fmodule-map-file\=/Users/sergiorodriguez/Library/Developer/Xcode/DerivedData/Embrace_Ecommerce-bluiupfvipvoshftpieasgwapago/Build/Intermediates.noindex/GeneratedModuleMaps-iphonesimulator/GoogleUtilities-AppDelegateSwizzler.modulemap -Xcc -fmodule-map-file\=/Users/sergiorodriguez/Library/Developer/Xcode/DerivedData/Embrace_Ecommerce-bluiupfvipvoshftpieasgwapago/Build/Intermediates.noindex/GeneratedModuleMaps-iphonesimulator/GoogleUtilities-MethodSwizzler.modulemap -Xcc -fmodule-map-file\=/Users/sergiorodriguez/Library/Developer/Xcode/DerivedData/Embrace_Ecommerce-bluiupfvipvoshftpieasgwapago/Build/Intermediates.noindex/GeneratedModuleMaps-iphonesimulator/GoogleUtilities-Reachability.modulemap -Xcc -fmodule-map-file\=/Users/sergiorodriguez/Library/Developer/Xcode/DerivedData/Embrace_Ecommerce-bluiupfvipvoshftpieasgwapago/Build/Intermediates.noindex/GeneratedModuleMaps-iphonesimulator/GoogleUtilities-NSData.modulemap -Xcc -fmodule-map-file\=/Users/sergiorodriguez/Library/Developer/Xcode/DerivedData/Embrace_Ecommerce-bluiupfvipvoshftpieasgwapago/Build/Intermediates.noindex/GeneratedModuleMaps-iphonesimulator/GoogleUtilities-Logger.modulemap -Xcc -fmodule-map-file\=/Users/sergiorodriguez/Library/Developer/Xcode/DerivedData/Embrace_Ecommerce-bluiupfvipvoshftpieasgwapago/Build/Intermediates.noindex/GeneratedModuleMaps-iphonesimulator/GoogleUtilities-Environment.modulemap -Xcc -fmodule-map-file\=/Users/sergiorodriguez/Library/Developer/Xcode/DerivedData/Embrace_Ecommerce-bluiupfvipvoshftpieasgwapago/Build/Intermediates.noindex/GeneratedModuleMaps-iphonesimulator/third-party-IsAppEncrypted.modulemap -Xcc -fmodule-map-file\=/Users/sergiorodriguez/Library/Developer/Xcode/DerivedData/Embrace_Ecommerce-bluiupfvipvoshftpieasgwapago/Build/Intermediates.noindex/GeneratedModuleMaps-iphonesimulator/GoogleUtilities-Network.modulemap -Xcc -fmodule-map-file\=/Users/sergiorodriguez/Library/Developer/Xcode/DerivedData/Embrace_Ecommerce-bluiupfvipvoshftpieasgwapago/Build/Intermediates.noindex/GeneratedModuleMaps-iphonesimulator/nanopb.modulemap -Xcc -fmodule-map-file\=/Users/sergiorodriguez/Library/Developer/Xcode/DerivedData/Embrace_Ecommerce-bluiupfvipvoshftpieasgwapago/Build/Intermediates.noindex/GeneratedModuleMaps-iphonesimulator/FirebaseAnalyticsCoreWrapper.modulemap -Xcc -fmodule-map-file\=/Users/sergiorodriguez/Library/Developer/Xcode/DerivedData/Embrace_Ecommerce-bluiupfvipvoshftpieasgwapago/Build/Intermediates.noindex/GeneratedModuleMaps-iphonesimulator/FirebaseInstallations.modulemap -Xcc -fmodule-map-file\=/Users/sergiorodriguez/Library/Developer/Xcode/DerivedData/Embrace_Ecommerce-bluiupfvipvoshftpieasgwapago/Build/Intermediates.noindex/GeneratedModuleMaps-iphonesimulator/FirebaseCore.modulemap -Xcc -fmodule-map-file\=/Users/sergiorodriguez/Library/Developer/Xcode/DerivedData/Embrace_Ecommerce-bluiupfvipvoshftpieasgwapago/Build/Intermediates.noindex/GeneratedModuleMaps-iphonesimulator/FirebaseAnalyticsCoreTarget.modulemap -enable-bare-slash-regex -enable-experimental-feature DebugDescriptionMacro -sdk /Applications/Xcode.app/Contents/Developer/Platforms/iPhoneSimulator.platform/Developer/SDKs/iPhoneSimulator18.5.sdk -target x86_64-apple-ios18.5-simulator -g -module-cache-path /Users/sergiorodriguez/Library/Developer/Xcode/DerivedData/ModuleCache.noindex -Xfrontend -serialize-debugging-options -enable-testing -index-store-path /Users/sergiorodriguez/Library/Developer/Xcode/DerivedData/Embrace_Ecommerce-bluiupfvipvoshftpieasgwapago/Index.noindex/DataStore -swift-version 5 -I /Users/sergiorodriguez/Library/Developer/Xcode/DerivedData/Embrace_Ecommerce-bluiupfvipvoshftpieasgwapago/Build/Products/Debug-iphonesimulator -F /Users/sergiorodriguez/Library/Developer/Xcode/DerivedData/Embrace_Ecommerce-bluiupfvipvoshftpieasgwapago/Build/Products/Debug-iphonesimulator/PackageFrameworks -F /Users/sergiorodriguez/Library/Developer/Xcode/DerivedData/Embrace_Ecommerce-bluiupfvipvoshftpieasgwapago/Build/Products/Debug-iphonesimulator/PackageFrameworks -F /Users/sergiorodriguez/Library/Developer/Xcode/DerivedData/Embrace_Ecommerce-bluiupfvipvoshftpieasgwapago/Build/Products/Debug-iphonesimulator/PackageFrameworks -F /Users/sergiorodriguez/Library/Developer/Xcode/DerivedData/Embrace_Ecommerce-bluiupfvipvoshftpieasgwapago/Build/Products/Debug-iphonesimulator/PackageFrameworks -F /Users/sergiorodriguez/Library/Developer/Xcode/DerivedData/Embrace_Ecommerce-bluiupfvipvoshftpieasgwapago/Build/Products/Debug-iphonesimulator/PackageFrameworks -F /Users/sergiorodriguez/Library/Developer/Xcode/DerivedData/Embrace_Ecommerce-bluiupfvipvoshftpieasgwapago/Build/Products/Debug-iphonesimulator/PackageFrameworks -F /Users/sergiorodriguez/Library/Developer/Xcode/DerivedData/Embrace_Ecommerce-bluiupfvipvoshftpieasgwapago/Build/Products/Debug-iphonesimulator/PackageFrameworks -F /Users/sergiorodriguez/Library/Developer/Xcode/DerivedData/Embrace_Ecommerce-bluiupfvipvoshftpieasgwapago/Build/Products/Debug-iphonesimulator/PackageFrameworks -F /Users/sergiorodriguez/Library/Developer/Xcode/DerivedData/Embrace_Ecommerce-bluiupfvipvoshftpieasgwapago/Build/Products/Debug-iphonesimulator/PackageFrameworks -F /Users/sergiorodriguez/Library/Developer/Xcode/DerivedData/Embrace_Ecommerce-bluiupfvipvoshftpieasgwapago/Build/Products/Debug-iphonesimulator/PackageFrameworks -F /Users/sergiorodriguez/Library/Developer/Xcode/DerivedData/Embrace_Ecommerce-bluiupfvipvoshftpieasgwapago/Build/Products/Debug-iphonesimulator/PackageFrameworks -F /Users/sergiorodriguez/Library/Developer/Xcode/DerivedData/Embrace_Ecommerce-bluiupfvipvoshftpieasgwapago/Build/Products/Debug-iphonesimulator/PackageFrameworks -F /Users/sergiorodriguez/Library/Developer/Xcode/DerivedData/Embrace_Ecommerce-bluiupfvipvoshftpieasgwapago/Build/Products/Debug-iphonesimulator/PackageFrameworks -F /Users/sergiorodriguez/Library/Developer/Xcode/DerivedData/Embrace_Ecommerce-bluiupfvipvoshftpieasgwapago/Build/Products/Debug-iphonesimulator/PackageFrameworks -F /Users/sergiorodriguez/Library/Developer/Xcode/DerivedData/Embrace_Ecommerce-bluiupfvipvoshftpieasgwapago/Build/Products/Debug-iphonesimulator/PackageFrameworks -F /Users/sergiorodriguez/Library/Developer/Xcode/DerivedData/Embrace_Ecommerce-bluiupfvipvoshftpieasgwapago/Build/Products/Debug-iphonesimulator/PackageFrameworks -F /Users/sergiorodriguez/Library/Developer/Xcode/DerivedData/Embrace_Ecommerce-bluiupfvipvoshftpieasgwapago/Build/Products/Debug-iphonesimulator/PackageFrameworks -F /Users/sergiorodriguez/Library/Developer/Xcode/DerivedData/Embrace_Ecommerce-bluiupfvipvoshftpieasgwapago/Build/Products/Debug-iphonesimulator/PackageFrameworks -F /Users/sergiorodriguez/Library/Developer/Xcode/DerivedData/Embrace_Ecommerce-bluiupfvipvoshftpieasgwapago/Build/Products/Debug-iphonesimulator/PackageFrameworks -F /Users/sergiorodriguez/Library/Developer/Xcode/DerivedData/Embrace_Ecommerce-bluiupfvipvoshftpieasgwapago/Build/Products/Debug-iphonesimulator/PackageFrameworks -F /Users/sergiorodriguez/Library/Developer/Xcode/DerivedData/Embrace_Ecommerce-bluiupfvipvoshftpieasgwapago/Build/Products/Debug-iphonesimulator/PackageFrameworks -F /Users/sergiorodriguez/Library/Developer/Xcode/DerivedData/Embrace_Ecommerce-bluiupfvipvoshftpieasgwapago/Build/Products/Debug-iphonesimulator/PackageFrameworks -F /Users/sergiorodriguez/Library/Developer/Xcode/DerivedData/Embrace_Ecommerce-bluiupfvipvoshftpieasgwapago/Build/Products/Debug-iphonesimulator/PackageFrameworks -F /Users/sergiorodriguez/Library/Developer/Xcode/DerivedData/Embrace_Ecommerce-bluiupfvipvoshftpieasgwapago/Build/Products/Debug-iphonesimulator/PackageFrameworks -F /Users/sergiorodriguez/Library/Developer/Xcode/DerivedData/Embrace_Ecommerce-bluiupfvipvoshftpieasgwapago/Build/Products/Debug-iphonesimulator/PackageFrameworks -F /Users/sergiorodriguez/Library/Developer/Xcode/DerivedData/Embrace_Ecommerce-bluiupfvipvoshftpieasgwapago/Build/Products/Debug-iphonesimulator/PackageFrameworks -F /Users/sergiorodriguez/Library/Developer/Xcode/DerivedData/Embrace_Ecommerce-bluiupfvipvoshftpieasgwapago/Build/Products/Debug-iphonesimulator/PackageFrameworks -F /Users/sergiorodriguez/Library/Developer/Xcode/DerivedData/Embrace_Ecommerce-bluiupfvipvoshftpieasgwapago/Build/Products/Debug-iphonesimulator/PackageFrameworks -F /Users/sergiorodriguez/Library/Developer/Xcode/DerivedData/Embrace_Ecommerce-bluiupfvipvoshftpieasgwapago/Build/Products/Debug-iphonesimulator/PackageFrameworks -F /Users/sergiorodriguez/Library/Developer/Xcode/DerivedData/Embrace_Ecommerce-bluiupfvipvoshftpieasgwapago/Build/Products/Debug-iphonesimulator/PackageFrameworks -F /Users/sergiorodriguez/Library/Developer/Xcode/DerivedData/Embrace_Ecommerce-bluiupfvipvoshftpieasgwapago/Build/Products/Debug-iphonesimulator/PackageFrameworks -F /Users/sergiorodriguez/Library/Developer/Xcode/DerivedData/Embrace_Ecommerce-bluiupfvipvoshftpieasgwapago/Build/Products/Debug-iphonesimulator/PackageFrameworks -F /Users/sergiorodriguez/Library/Developer/Xcode/DerivedData/Embrace_Ecommerce-bluiupfvipvoshftpieasgwapago/Build/Products/Debug-iphonesimulator/PackageFrameworks -F /Users/sergiorodriguez/Library/Developer/Xcode/DerivedData/Embrace_Ecommerce-bluiupfvipvoshftpieasgwapago/Build/Products/Debug-iphonesimulator/PackageFrameworks -F /Users/sergiorodriguez/Library/Developer/Xcode/DerivedData/Embrace_Ecommerce-bluiupfvipvoshftpieasgwapago/Build/Products/Debug-iphonesimulator/PackageFrameworks -F /Users/sergiorodriguez/Library/Developer/Xcode/DerivedData/Embrace_Ecommerce-bluiupfvipvoshftpieasgwapago/Build/Products/Debug-iphonesimulator/PackageFrameworks -F /Users/sergiorodriguez/Library/Developer/Xcode/DerivedData/Embrace_Ecommerce-bluiupfvipvoshftpieasgwapago/Build/Products/Debug-iphonesimulator/PackageFrameworks -F /Users/sergiorodriguez/Library/Developer/Xcode/DerivedData/Embrace_Ecommerce-bluiupfvipvoshftpieasgwapago/Build/Products/Debug-iphonesimulator/PackageFrameworks -F /Users/sergiorodriguez/Library/Developer/Xcode/DerivedData/Embrace_Ecommerce-bluiupfvipvoshftpieasgwapago/Build/Products/Debug-iphonesimulator/PackageFrameworks -F /Users/sergiorodriguez/Library/Developer/Xcode/DerivedData/Embrace_Ecommerce-bluiupfvipvoshftpieasgwapago/Build/Products/Debug-iphonesimulator/PackageFrameworks -F /Users/sergiorodriguez/Library/Developer/Xcode/DerivedData/Embrace_Ecommerce-bluiupfvipvoshftpieasgwapago/Build/Products/Debug-iphonesimulator/PackageFrameworks -F /Users/sergiorodriguez/Library/Developer/Xcode/DerivedData/Embrace_Ecommerce-bluiupfvipvoshftpieasgwapago/Build/Products/Debug-iphonesimulator/PackageFrameworks -F /Users/sergiorodriguez/Library/Developer/Xcode/DerivedData/Embrace_Ecommerce-bluiupfvipvoshftpieasgwapago/Build/Products/Debug-iphonesimulator/PackageFrameworks -F /Users/sergiorodriguez/Library/Developer/Xcode/DerivedData/Embrace_Ecommerce-bluiupfvipvoshftpieasgwapago/Build/Products/Debug-iphonesimulator/PackageFrameworks -F /Users/sergiorodriguez/Library/Developer/Xcode/DerivedData/Embrace_Ecommerce-bluiupfvipvoshftpieasgwapago/Build/Products/Debug-iphonesimulator/PackageFrameworks -F /Users/sergiorodriguez/Library/Developer/Xcode/DerivedData/Embrace_Ecommerce-bluiupfvipvoshftpieasgwapago/Build/Products/Debug-iphonesimulator/PackageFrameworks -F /Users/sergiorodriguez/Library/Developer/Xcode/DerivedData/Embrace_Ecommerce-bluiupfvipvoshftpieasgwapago/Build/Products/Debug-iphonesimulator/PackageFrameworks -F /Users/sergiorodriguez/Library/Developer/Xcode/DerivedData/Embrace_Ecommerce-bluiupfvipvoshftpieasgwapago/Build/Products/Debug-iphonesimulator/PackageFrameworks -F /Users/sergiorodriguez/Library/Developer/Xcode/DerivedData/Embrace_Ecommerce-bluiupfvipvoshftpieasgwapago/Build/Products/Debug-iphonesimulator/PackageFrameworks -F /Users/sergiorodriguez/Library/Developer/Xcode/DerivedData/Embrace_Ecommerce-bluiupfvipvoshftpieasgwapago/Build/Products/Debug-iphonesimulator/PackageFrameworks -F /Users/sergiorodriguez/Library/Developer/Xcode/DerivedData/Embrace_Ecommerce-bluiupfvipvoshftpieasgwapago/Build/Products/Debug-iphonesimulator/PackageFrameworks -F /Users/sergiorodriguez/Library/Developer/Xcode/DerivedData/Embrace_Ecommerce-bluiupfvipvoshftpieasgwapago/Build/Products/Debug-iphonesimulator/PackageFrameworks -F /Users/sergiorodriguez/Library/Developer/Xcode/DerivedData/Embrace_Ecommerce-bluiupfvipvoshftpieasgwapago/Build/Products/Debug-iphonesimulator/PackageFrameworks -F /Users/sergiorodriguez/Library/Developer/Xcode/DerivedData/Embrace_Ecommerce-bluiupfvipvoshftpieasgwapago/Build/Products/Debug-iphonesimulator/PackageFrameworks -F /Users/sergiorodriguez/Library/Developer/Xcode/DerivedData/Embrace_Ecommerce-bluiupfvipvoshftpieasgwapago/Build/Products/Debug-iphonesimulator/PackageFrameworks -F /Users/sergiorodriguez/Library/Developer/Xcode/DerivedData/Embrace_Ecommerce-bluiupfvipvoshftpieasgwapago/Build/Products/Debug-iphonesimulator/PackageFrameworks -F /Users/sergiorodriguez/Library/Developer/Xcode/DerivedData/Embrace_Ecommerce-bluiupfvipvoshftpieasgwapago/Build/Products/Debug-iphonesimulator/PackageFrameworks -F /Users/sergiorodriguez/Library/Developer/Xcode/DerivedData/Embrace_Ecommerce-bluiupfvipvoshftpieasgwapago/Build/Products/Debug-iphonesimulator/PackageFrameworks -F /Users/sergiorodriguez/Library/Developer/Xcode/DerivedData/Embrace_Ecommerce-bluiupfvipvoshftpieasgwapago/Build/Products/Debug-iphonesimulator/PackageFrameworks -F /Users/sergiorodriguez/Library/Developer/Xcode/DerivedData/Embrace_Ecommerce-bluiupfvipvoshftpieasgwapago/Build/Products/Debug-iphonesimulator/PackageFrameworks -F /Users/sergiorodriguez/Library/Developer/Xcode/DerivedData/Embrace_Ecommerce-bluiupfvipvoshftpieasgwapago/Build/Products/Debug-iphonesimulator/PackageFrameworks -F /Users/sergiorodriguez/Library/Developer/Xcode/DerivedData/Embrace_Ecommerce-bluiupfvipvoshftpieasgwapago/Build/Products/Debug-iphonesimulator/PackageFrameworks -F /Users/sergiorodriguez/Library/Developer/Xcode/DerivedData/Embrace_Ecommerce-bluiupfvipvoshftpieasgwapago/Build/Products/Debug-iphonesimulator/PackageFrameworks -F /Users/sergiorodriguez/Library/Developer/Xcode/DerivedData/Embrace_Ecommerce-bluiupfvipvoshftpieasgwapago/Build/Products/Debug-iphonesimulator/PackageFrameworks -F /Users/sergiorodriguez/Library/Developer/Xcode/DerivedData/Embrace_Ecommerce-bluiupfvipvoshftpieasgwapago/Build/Products/Debug-iphonesimulator -Xfrontend -load-plugin-executable -Xfrontend /Users/sergiorodriguez/Library/Developer/Xcode/DerivedData/Embrace_Ecommerce-bluiupfvipvoshftpieasgwapago/Build/Products/Debug/EmbraceMacroPlugin\#EmbraceMacroPlugin -emit-localized-strings -emit-localized-strings-path /Users/sergiorodriguez/Library/Developer/Xcode/DerivedData/Embrace_Ecommerce-bluiupfvipvoshftpieasgwapago/Build/Intermediates.noindex/Embrace\ Ecommerce.build/Debug-iphonesimulator/Embrace\ Ecommerce.build/Objects-normal/x86_64 -c -j8 -enable-batch-mode -incremental -Xcc -ivfsstatcache -Xcc /Users/sergiorodriguez/Library/Developer/Xcode/DerivedData/SDKStatCaches.noindex/iphonesimulator18.5-22F76-d5fc8ad4295d2ef488fb7d0f804ce0c4.sdkstatcache -output-file-map /Users/sergiorodriguez/Library/Developer/Xcode/DerivedData/Embrace_Ecommerce-bluiupfvipvoshftpieasgwapago/Build/Intermediates.noindex/Embrace\ Ecommerce.build/Debug-iphonesimulator/Embrace\ Ecommerce.build/Objects-normal/x86_64/Embrace\ Ecommerce-OutputFileMap.json -use-frontend-parseable-output -save-temps -no-color-diagnostics -serialize-diagnostics -emit-dependencies -emit-module -emit-module-path /Users/sergiorodriguez/Library/Developer/Xcode/DerivedData/Embrace_Ecommerce-bluiupfvipvoshftpieasgwapago/Build/Intermediates.noindex/Embrace\ Ecommerce.build/Debug-iphonesimulator/Embrace\ Ecommerce.build/Objects-normal/x86_64/Embrace_Ecommerce.swiftmodule -validate-clang-modules-once -clang-build-session-file /Users/sergiorodriguez/Library/Developer/Xcode/DerivedData/ModuleCache.noindex/Session.modulevalidation -Xcc -I/Users/sergiorodriguez/Library/Developer/Xcode/DerivedData/Embrace_Ecommerce-bluiupfvipvoshftpieasgwapago/Build/Intermediates.noindex/Embrace\ Ecommerce.build/Debug-iphonesimulator/Embrace\ Ecommerce.build/swift-overrides.hmap -emit-const-values -Xfrontend -const-gather-protocols-file -Xfrontend /Users/sergiorodriguez/Library/Developer/Xcode/DerivedData/Embrace_Ecommerce-bluiupfvipvoshftpieasgwapago/Build/Intermediates.noindex/Embrace\ Ecommerce.build/Debug-iphonesimulator/Embrace\ Ecommerce.build/Objects-normal/x86_64/Embrace\ Ecommerce_const_extract_protocols.json -Xcc -iquote -Xcc /Users/sergiorodriguez/Library/Developer/Xcode/DerivedData/Embrace_Ecommerce-bluiupfvipvoshftpieasgwapago/Build/Intermediates.noindex/Embrace\ Ecommerce.build/Debug-iphonesimulator/Embrace\ Ecommerce.build/Embrace\ Ecommerce-generated-files.hmap -Xcc -I/Users/sergiorodriguez/Library/Developer/Xcode/DerivedData/Embrace_Ecommerce-bluiupfvipvoshftpieasgwapago/Build/Intermediates.noindex/Embrace\ Ecommerce.build/Debug-iphonesimulator/Embrace\ Ecommerce.build/Embrace\ Ecommerce-own-target-headers.hmap -Xcc -I/Users/sergiorodriguez/Library/Developer/Xcode/DerivedData/Embrace_Ecommerce-bluiupfvipvoshftpieasgwapago/Build/Intermediates.noindex/Embrace\ Ecommerce.build/Debug-iphonesimulator/Embrace\ Ecommerce.build/Embrace\ Ecommerce-all-non-framework-target-headers.hmap -Xcc -ivfsoverlay -Xcc /Users/sergiorodriguez/Library/Developer/Xcode/DerivedData/Embrace_Ecommerce-bluiupfvipvoshftpieasgwapago/Build/Intermediates.noindex/Embrace\ Ecommerce.build/Debug-iphonesimulator/Embrace\ Ecommerce-34bc634bdafa12035215f29503d468df-VFS-iphonesimulator/all-product-headers.yaml -Xcc -iquote -Xcc /Users/sergiorodriguez/Library/Developer/Xcode/DerivedData/Embrace_Ecommerce-bluiupfvipvoshftpieasgwapago/Build/Intermediates.noindex/Embrace\ Ecommerce.build/Debug-iphonesimulator/Embrace\ Ecommerce.build/Embrace\ Ecommerce-project-headers.hmap -Xcc -I/Users/sergiorodriguez/Library/Developer/Xcode/DerivedData/Embrace_Ecommerce-bluiupfvipvoshftpieasgwapago/SourcePackages/checkouts/google-ads-on-device-conversion-ios-sdk/GoogleAdsOnDeviceConversionWrapper/include -Xcc -I/Users/sergiorodriguez/Library/Developer/Xcode/DerivedData/Embrace_Ecommerce-bluiupfvipvoshftpieasgwapago/SourcePackages/checkouts/GoogleAppMeasurement/GoogleAppMeasurementWrapper/include -Xcc -I/Users/sergiorodriguez/Library/Developer/Xcode/DerivedData/Embrace_Ecommerce-bluiupfvipvoshftpieasgwapago/SourcePackages/checkouts/firebase-ios-sdk/FirebaseAnalyticsWrapper/include -Xcc -I/Users/sergiorodriguez/Library/Developer/Xcode/DerivedData/Embrace_Ecommerce-bluiupfvipvoshftpieasgwapago/SourcePackages/checkouts/firebase-ios-sdk/SwiftPM-PlatformExclude/FirebaseAnalyticsWrap/include -Xcc -I/Users/sergiorodriguez/Library/Developer/Xcode/DerivedData/Embrace_Ecommerce-bluiupfvipvoshftpieasgwapago/SourcePackages/checkouts/GoogleAppMeasurement/GoogleAppMeasurementIdentitySupportWrapper/include -Xcc -I/Users/sergiorodriguez/Library/Developer/Xcode/DerivedData/Embrace_Ecommerce-bluiupfvipvoshftpieasgwapago/SourcePackages/checkouts/firebase-ios-sdk/FirebaseAnalyticsIdentitySupportWrapper/include -Xcc -I/Users/sergiorodriguez/Library/Developer/Xcode/DerivedData/Embrace_Ecommerce-bluiupfvipvoshftpieasgwapago/SourcePackages/checkouts/KSCrash/Sources/KSCrashRecordingCore/include -Xcc -I/Users/sergiorodriguez/Library/Developer/Xcode/DerivedData/Embrace_Ecommerce-bluiupfvipvoshftpieasgwapago/SourcePackages/checkouts/KSCrash/Sources/KSCrashCore/include -Xcc -I/Users/sergiorodriguez/Library/Developer/Xcode/DerivedData/Embrace_Ecommerce-bluiupfvipvoshftpieasgwapago/SourcePackages/checkouts/KSCrash/Sources/KSCrashRecording/include -Xcc -I/Users/sergiorodriguez/Library/Developer/Xcode/DerivedData/Embrace_Ecommerce-bluiupfvipvoshftpieasgwapago/SourcePackages/checkouts/stripe-ios/Stripe3DS2/Stripe3DS2/include -Xcc -I/Users/sergiorodriguez/Library/Developer/Xcode/DerivedData/Embrace_Ecommerce-bluiupfvipvoshftpieasgwapago/SourcePackages/checkouts/embrace-apple-sdk/Sources/EmbraceObjCUtilsInternal/include -Xcc -I/Users/sergiorodriguez/Library/Developer/Xcode/DerivedData/Embrace_Ecommerce-bluiupfvipvoshftpieasgwapago/SourcePackages/checkouts/AppAuth-iOS/Sources/AppAuth -Xcc -I/Users/sergiorodriguez/Library/Developer/Xcode/DerivedData/Embrace_Ecommerce-bluiupfvipvoshftpieasgwapago/SourcePackages/checkouts/AppAuth-iOS/Sources/AppAuthCore -Xcc -I/Users/sergiorodriguez/Library/Developer/Xcode/DerivedData/Embrace_Ecommerce-bluiupfvipvoshftpieasgwapago/SourcePackages/checkouts/gtm-session-fetcher/Sources/Core/Public -Xcc -I/Users/sergiorodriguez/Library/Developer/Xcode/DerivedData/Embrace_Ecommerce-bluiupfvipvoshftpieasgwapago/SourcePackages/checkouts/GoogleSignIn-iOS/GoogleSignIn/Sources/Public -Xcc -I/Users/sergiorodriguez/Library/Developer/Xcode/DerivedData/Embrace_Ecommerce-bluiupfvipvoshftpieasgwapago/SourcePackages/checkouts/firebase-ios-sdk/FirebaseCore/Extension -Xcc -I/Users/sergiorodriguez/Library/Developer/Xcode/DerivedData/Embrace_Ecommerce-bluiupfvipvoshftpieasgwapago/SourcePackages/checkouts/firebase-ios-sdk/FirebaseAuth/Interop/Public -Xcc -I/Users/sergiorodriguez/Library/Developer/Xcode/DerivedData/Embrace_Ecommerce-bluiupfvipvoshftpieasgwapago/SourcePackages/checkouts/app-check/AppCheckCore/Sources/Public -Xcc -I/Users/sergiorodriguez/Library/Developer/Xcode/DerivedData/Embrace_Ecommerce-bluiupfvipvoshftpieasgwapago/SourcePackages/checkouts/firebase-ios-sdk/FirebaseAppCheck/Interop/Public -Xcc -I/Users/sergiorodriguez/Library/Developer/Xcode/DerivedData/Embrace_Ecommerce-bluiupfvipvoshftpieasgwapago/SourcePackages/checkouts/firebase-ios-sdk/FirebaseAppCheck/Sources/Public -Xcc -I/Users/sergiorodriguez/Library/Developer/Xcode/DerivedData/Embrace_Ecommerce-bluiupfvipvoshftpieasgwapago/SourcePackages/checkouts/promises/Sources/FBLPromises/include -Xcc -I/Users/sergiorodriguez/Library/Developer/Xcode/DerivedData/Embrace_Ecommerce-bluiupfvipvoshftpieasgwapago/SourcePackages/checkouts/GoogleUtilities/GoogleUtilities/UserDefaults/Public -Xcc -I/Users/sergiorodriguez/Library/Developer/Xcode/DerivedData/Embrace_Ecommerce-bluiupfvipvoshftpieasgwapago/SourcePackages/checkouts/GoogleAppMeasurement/GoogleAppMeasurementCoreWrapper/include -Xcc -I/Users/sergiorodriguez/Library/Developer/Xcode/DerivedData/Embrace_Ecommerce-bluiupfvipvoshftpieasgwapago/SourcePackages/checkouts/GoogleUtilities/GoogleUtilities/AppDelegateSwizzler/Public -Xcc -I/Users/sergiorodriguez/Library/Developer/Xcode/DerivedData/Embrace_Ecommerce-bluiupfvipvoshftpieasgwapago/SourcePackages/checkouts/GoogleUtilities/GoogleUtilities/MethodSwizzler/Public -Xcc -I/Users/sergiorodriguez/Library/Developer/Xcode/DerivedData/Embrace_Ecommerce-bluiupfvipvoshftpieasgwapago/SourcePackages/checkouts/GoogleUtilities/GoogleUtilities/Reachability/Public -Xcc -I/Users/sergiorodriguez/Library/Developer/Xcode/DerivedData/Embrace_Ecommerce-bluiupfvipvoshftpieasgwapago/SourcePackages/checkouts/GoogleUtilities/GoogleUtilities/NSData+zlib/Public -Xcc -I/Users/sergiorodriguez/Library/Developer/Xcode/DerivedData/Embrace_Ecommerce-bluiupfvipvoshftpieasgwapago/SourcePackages/checkouts/GoogleUtilities/GoogleUtilities/Logger/Public -Xcc -I/Users/sergiorodriguez/Library/Developer/Xcode/DerivedData/Embrace_Ecommerce-bluiupfvipvoshftpieasgwapago/SourcePackages/checkouts/GoogleUtilities/GoogleUtilities/Environment/Public -Xcc -I/Users/sergiorodriguez/Library/Developer/Xcode/DerivedData/Embrace_Ecommerce-bluiupfvipvoshftpieasgwapago/SourcePackages/checkouts/GoogleUtilities/third_party/IsAppEncrypted/Public -Xcc -I/Users/sergiorodriguez/Library/Developer/Xcode/DerivedData/Embrace_Ecommerce-bluiupfvipvoshftpieasgwapago/SourcePackages/checkouts/GoogleUtilities/GoogleUtilities/Network/Public -Xcc -I/Users/sergiorodriguez/Library/Developer/Xcode/DerivedData/Embrace_Ecommerce-bluiupfvipvoshftpieasgwapago/SourcePackages/checkouts/nanopb/spm_headers -Xcc -I/Users/sergiorodriguez/Library/Developer/Xcode/DerivedData/Embrace_Ecommerce-bluiupfvipvoshftpieasgwapago/SourcePackages/checkouts/firebase-ios-sdk/FirebaseAnalyticsCoreWrapper/include -Xcc -I/Users/sergiorodriguez/Library/Developer/Xcode/DerivedData/Embrace_Ecommerce-bluiupfvipvoshftpieasgwapago/SourcePackages/checkouts/firebase-ios-sdk/FirebaseInstallations/Source/Library/Public -Xcc -I/Users/sergiorodriguez/Library/Developer/Xcode/DerivedData/Embrace_Ecommerce-bluiupfvipvoshftpieasgwapago/SourcePackages/checkouts/firebase-ios-sdk/FirebaseCore/Sources/Public -Xcc -I/Users/sergiorodriguez/Library/Developer/Xcode/DerivedData/Embrace_Ecommerce-bluiupfvipvoshftpieasgwapago/SourcePackages/checkouts/firebase-ios-sdk/CoreOnly/Sources -Xcc -I/Users/sergiorodriguez/Library/Developer/Xcode/DerivedData/Embrace_Ecommerce-bluiupfvipvoshftpieasgwapago/SourcePackages/checkouts/firebase-ios-sdk/SwiftPM-PlatformExclude/FirebaseAnalyticsCoreWrap/include -Xcc -I/Users/sergiorodriguez/Library/Developer/Xcode/DerivedData/Embrace_Ecommerce-bluiupfvipvoshftpieasgwapago/Build/Products/Debug-iphonesimulator/include -Xcc -I/Users/sergiorodriguez/Library/Developer/Xcode/DerivedData/Embrace_Ecommerce-bluiupfvipvoshftpieasgwapago/Build/Intermediates.noindex/Embrace\ Ecommerce.build/Debug-iphonesimulator/Embrace\ Ecommerce.build/DerivedSources-normal/x86_64 -Xcc -I/Users/sergiorodriguez/Library/Developer/Xcode/DerivedData/Embrace_Ecommerce-bluiupfvipvoshftpieasgwapago/Build/Intermediates.noindex/Embrace\ Ecommerce.build/Debug-iphonesimulator/Embrace\ Ecommerce.build/DerivedSources/x86_64 -Xcc -I/Users/sergiorodriguez/Library/Developer/Xcode/DerivedData/Embrace_Ecommerce-bluiupfvipvoshftpieasgwapago/Build/Intermediates.noindex/Embrace\ Ecommerce.build/Debug-iphonesimulator/Embrace\ Ecommerce.build/DerivedSources -Xcc -DDEBUG\=1 -emit-objc-header -emit-objc-header-path /Users/sergiorodriguez/Library/Developer/Xcode/DerivedData/Embrace_Ecommerce-bluiupfvipvoshftpieasgwapago/Build/Intermediates.noindex/Embrace\ Ecommerce.build/Debug-iphonesimulator/Embrace\ Ecommerce.build/Objects-normal/x86_64/Embrace_Ecommerce-Swift.h -working-directory /Users/sergiorodriguez/Documents/test\ apps/Embrace\ Ecommerce -experimental-emit-module-separately -disable-cmo

SwiftDriver Embrace\ Ecommerce normal arm64 com.apple.xcode.tools.swift.compiler (in target 'Embrace Ecommerce' from project 'Embrace Ecommerce')
    cd /Users/sergiorodriguez/Documents/test\ apps/Embrace\ Ecommerce
    builtin-SwiftDriver -- /Applications/Xcode.app/Contents/Developer/Toolchains/XcodeDefault.xctoolchain/usr/bin/swiftc -module-name Embrace_Ecommerce -Onone -enforce-exclusivity\=checked @/Users/sergiorodriguez/Library/Developer/Xcode/DerivedData/Embrace_Ecommerce-bluiupfvipvoshftpieasgwapago/Build/Intermediates.noindex/Embrace\ Ecommerce.build/Debug-iphonesimulator/Embrace\ Ecommerce.build/Objects-normal/arm64/Embrace\ Ecommerce.SwiftFileList -DDEBUG -Xcc -fmodule-map-file\=/Users/sergiorodriguez/Library/Developer/Xcode/DerivedData/Embrace_Ecommerce-bluiupfvipvoshftpieasgwapago/Build/Intermediates.noindex/GeneratedModuleMaps-iphonesimulator/GoogleAdsOnDeviceConversionTarget.modulemap -Xcc -fmodule-map-file\=/Users/sergiorodriguez/Library/Developer/Xcode/DerivedData/Embrace_Ecommerce-bluiupfvipvoshftpieasgwapago/Build/Intermediates.noindex/GeneratedModuleMaps-iphonesimulator/GoogleAppMeasurementTarget.modulemap -Xcc -fmodule-map-file\=/Users/sergiorodriguez/Library/Developer/Xcode/DerivedData/Embrace_Ecommerce-bluiupfvipvoshftpieasgwapago/Build/Intermediates.noindex/GeneratedModuleMaps-iphonesimulator/FirebaseAnalyticsWrapper.modulemap -Xcc -fmodule-map-file\=/Users/sergiorodriguez/Library/Developer/Xcode/DerivedData/Embrace_Ecommerce-bluiupfvipvoshftpieasgwapago/Build/Intermediates.noindex/GeneratedModuleMaps-iphonesimulator/FirebaseAnalyticsTarget.modulemap -Xcc -fmodule-map-file\=/Users/sergiorodriguez/Library/Developer/Xcode/DerivedData/Embrace_Ecommerce-bluiupfvipvoshftpieasgwapago/Build/Intermediates.noindex/GeneratedModuleMaps-iphonesimulator/GoogleAppMeasurementIdentitySupportTarget.modulemap -Xcc -fmodule-map-file\=/Users/sergiorodriguez/Library/Developer/Xcode/DerivedData/Embrace_Ecommerce-bluiupfvipvoshftpieasgwapago/Build/Intermediates.noindex/GeneratedModuleMaps-iphonesimulator/FirebaseAnalyticsIdentitySupportTarget.modulemap -Xcc -fmodule-map-file\=/Users/sergiorodriguez/Library/Developer/Xcode/DerivedData/Embrace_Ecommerce-bluiupfvipvoshftpieasgwapago/Build/Intermediates.noindex/GeneratedModuleMaps-iphonesimulator/KSCrashRecordingCore.modulemap -Xcc -fmodule-map-file\=/Users/sergiorodriguez/Library/Developer/Xcode/DerivedData/Embrace_Ecommerce-bluiupfvipvoshftpieasgwapago/Build/Intermediates.noindex/GeneratedModuleMaps-iphonesimulator/KSCrashCore.modulemap -Xcc -fmodule-map-file\=/Users/sergiorodriguez/Library/Developer/Xcode/DerivedData/Embrace_Ecommerce-bluiupfvipvoshftpieasgwapago/Build/Intermediates.noindex/GeneratedModuleMaps-iphonesimulator/KSCrashRecording.modulemap -Xcc -fmodule-map-file\=/Users/sergiorodriguez/Library/Developer/Xcode/DerivedData/Embrace_Ecommerce-bluiupfvipvoshftpieasgwapago/Build/Intermediates.noindex/GeneratedModuleMaps-iphonesimulator/Stripe3DS2.modulemap -Xcc -fmodule-map-file\=/Users/sergiorodriguez/Library/Developer/Xcode/DerivedData/Embrace_Ecommerce-bluiupfvipvoshftpieasgwapago/Build/Intermediates.noindex/GeneratedModuleMaps-iphonesimulator/AppAuth.modulemap -Xcc -fmodule-map-file\=/Users/sergiorodriguez/Library/Developer/Xcode/DerivedData/Embrace_Ecommerce-bluiupfvipvoshftpieasgwapago/Build/Intermediates.noindex/GeneratedModuleMaps-iphonesimulator/AppAuthCore.modulemap -Xcc -fmodule-map-file\=/Users/sergiorodriguez/Library/Developer/Xcode/DerivedData/Embrace_Ecommerce-bluiupfvipvoshftpieasgwapago/Build/Intermediates.noindex/GeneratedModuleMaps-iphonesimulator/GTMSessionFetcherCore.modulemap -Xcc -fmodule-map-file\=/Users/sergiorodriguez/Library/Developer/Xcode/DerivedData/Embrace_Ecommerce-bluiupfvipvoshftpieasgwapago/Build/Intermediates.noindex/GeneratedModuleMaps-iphonesimulator/GoogleSignIn.modulemap -Xcc -fmodule-map-file\=/Users/sergiorodriguez/Library/Developer/Xcode/DerivedData/Embrace_Ecommerce-bluiupfvipvoshftpieasgwapago/Build/Intermediates.noindex/GeneratedModuleMaps-iphonesimulator/FirebaseCoreExtension.modulemap -Xcc -fmodule-map-file\=/Users/sergiorodriguez/Library/Developer/Xcode/DerivedData/Embrace_Ecommerce-bluiupfvipvoshftpieasgwapago/Build/Intermediates.noindex/GeneratedModuleMaps-iphonesimulator/FirebaseAuthInterop.modulemap -Xcc -fmodule-map-file\=/Users/sergiorodriguez/Library/Developer/Xcode/DerivedData/Embrace_Ecommerce-bluiupfvipvoshftpieasgwapago/Build/Intermediates.noindex/GeneratedModuleMaps-iphonesimulator/AppCheckCore.modulemap -Xcc -fmodule-map-file\=/Users/sergiorodriguez/Library/Developer/Xcode/DerivedData/Embrace_Ecommerce-bluiupfvipvoshftpieasgwapago/Build/Intermediates.noindex/GeneratedModuleMaps-iphonesimulator/FirebaseAppCheckInterop.modulemap -Xcc -fmodule-map-file\=/Users/sergiorodriguez/Library/Developer/Xcode/DerivedData/Embrace_Ecommerce-bluiupfvipvoshftpieasgwapago/Build/Intermediates.noindex/GeneratedModuleMaps-iphonesimulator/FirebaseAppCheck.modulemap -Xcc -fmodule-map-file\=/Users/sergiorodriguez/Library/Developer/Xcode/DerivedData/Embrace_Ecommerce-bluiupfvipvoshftpieasgwapago/Build/Intermediates.noindex/GeneratedModuleMaps-iphonesimulator/GoogleUtilities-UserDefaults.modulemap -Xcc -fmodule-map-file\=/Users/sergiorodriguez/Library/Developer/Xcode/DerivedData/Embrace_Ecommerce-bluiupfvipvoshftpieasgwapago/Build/Intermediates.noindex/GeneratedModuleMaps-iphonesimulator/GoogleAppMeasurementCoreTarget.modulemap -Xcc -fmodule-map-file\=/Users/sergiorodriguez/Library/Developer/Xcode/DerivedData/Embrace_Ecommerce-bluiupfvipvoshftpieasgwapago/Build/Intermediates.noindex/GeneratedModuleMaps-iphonesimulator/GoogleUtilities-AppDelegateSwizzler.modulemap -Xcc -fmodule-map-file\=/Users/sergiorodriguez/Library/Developer/Xcode/DerivedData/Embrace_Ecommerce-bluiupfvipvoshftpieasgwapago/Build/Intermediates.noindex/GeneratedModuleMaps-iphonesimulator/GoogleUtilities-MethodSwizzler.modulemap -Xcc -fmodule-map-file\=/Users/sergiorodriguez/Library/Developer/Xcode/DerivedData/Embrace_Ecommerce-bluiupfvipvoshftpieasgwapago/Build/Intermediates.noindex/GeneratedModuleMaps-iphonesimulator/GoogleUtilities-Reachability.modulemap -Xcc -fmodule-map-file\=/Users/sergiorodriguez/Library/Developer/Xcode/DerivedData/Embrace_Ecommerce-bluiupfvipvoshftpieasgwapago/Build/Intermediates.noindex/GeneratedModuleMaps-iphonesimulator/GoogleUtilities-NSData.modulemap -Xcc -fmodule-map-file\=/Users/sergiorodriguez/Library/Developer/Xcode/DerivedData/Embrace_Ecommerce-bluiupfvipvoshftpieasgwapago/Build/Intermediates.noindex/GeneratedModuleMaps-iphonesimulator/GoogleUtilities-Logger.modulemap -Xcc -fmodule-map-file\=/Users/sergiorodriguez/Library/Developer/Xcode/DerivedData/Embrace_Ecommerce-bluiupfvipvoshftpieasgwapago/Build/Intermediates.noindex/GeneratedModuleMaps-iphonesimulator/GoogleUtilities-Environment.modulemap -Xcc -fmodule-map-file\=/Users/sergiorodriguez/Library/Developer/Xcode/DerivedData/Embrace_Ecommerce-bluiupfvipvoshftpieasgwapago/Build/Intermediates.noindex/GeneratedModuleMaps-iphonesimulator/third-party-IsAppEncrypted.modulemap -Xcc -fmodule-map-file\=/Users/sergiorodriguez/Library/Developer/Xcode/DerivedData/Embrace_Ecommerce-bluiupfvipvoshftpieasgwapago/Build/Intermediates.noindex/GeneratedModuleMaps-iphonesimulator/GoogleUtilities-Network.modulemap -Xcc -fmodule-map-file\=/Users/sergiorodriguez/Library/Developer/Xcode/DerivedData/Embrace_Ecommerce-bluiupfvipvoshftpieasgwapago/Build/Intermediates.noindex/GeneratedModuleMaps-iphonesimulator/nanopb.modulemap -Xcc -fmodule-map-file\=/Users/sergiorodriguez/Library/Developer/Xcode/DerivedData/Embrace_Ecommerce-bluiupfvipvoshftpieasgwapago/Build/Intermediates.noindex/GeneratedModuleMaps-iphonesimulator/FirebaseAnalyticsCoreWrapper.modulemap -Xcc -fmodule-map-file\=/Users/sergiorodriguez/Library/Developer/Xcode/DerivedData/Embrace_Ecommerce-bluiupfvipvoshftpieasgwapago/Build/Intermediates.noindex/GeneratedModuleMaps-iphonesimulator/FirebaseInstallations.modulemap -Xcc -fmodule-map-file\=/Users/sergiorodriguez/Library/Developer/Xcode/DerivedData/Embrace_Ecommerce-bluiupfvipvoshftpieasgwapago/Build/Intermediates.noindex/GeneratedModuleMaps-iphonesimulator/FirebaseCore.modulemap -Xcc -fmodule-map-file\=/Users/sergiorodriguez/Library/Developer/Xcode/DerivedData/Embrace_Ecommerce-bluiupfvipvoshftpieasgwapago/Build/Intermediates.noindex/GeneratedModuleMaps-iphonesimulator/FirebaseAnalyticsCoreTarget.modulemap -enable-bare-slash-regex -enable-experimental-feature DebugDescriptionMacro -sdk /Applications/Xcode.app/Contents/Developer/Platforms/iPhoneSimulator.platform/Developer/SDKs/iPhoneSimulator18.5.sdk -target arm64-apple-ios18.5-simulator -g -module-cache-path /Users/sergiorodriguez/Library/Developer/Xcode/DerivedData/ModuleCache.noindex -Xfrontend -serialize-debugging-options -enable-testing -index-store-path /Users/sergiorodriguez/Library/Developer/Xcode/DerivedData/Embrace_Ecommerce-bluiupfvipvoshftpieasgwapago/Index.noindex/DataStore -swift-version 5 -I /Users/sergiorodriguez/Library/Developer/Xcode/DerivedData/Embrace_Ecommerce-bluiupfvipvoshftpieasgwapago/Build/Products/Debug-iphonesimulator -F /Users/sergiorodriguez/Library/Developer/Xcode/DerivedData/Embrace_Ecommerce-bluiupfvipvoshftpieasgwapago/Build/Products/Debug-iphonesimulator/PackageFrameworks -F /Users/sergiorodriguez/Library/Developer/Xcode/DerivedData/Embrace_Ecommerce-bluiupfvipvoshftpieasgwapago/Build/Products/Debug-iphonesimulator/PackageFrameworks -F /Users/sergiorodriguez/Library/Developer/Xcode/DerivedData/Embrace_Ecommerce-bluiupfvipvoshftpieasgwapago/Build/Products/Debug-iphonesimulator/PackageFrameworks -F /Users/sergiorodriguez/Library/Developer/Xcode/DerivedData/Embrace_Ecommerce-bluiupfvipvoshftpieasgwapago/Build/Products/Debug-iphonesimulator/PackageFrameworks -F /Users/sergiorodriguez/Library/Developer/Xcode/DerivedData/Embrace_Ecommerce-bluiupfvipvoshftpieasgwapago/Build/Products/Debug-iphonesimulator/PackageFrameworks -F /Users/sergiorodriguez/Library/Developer/Xcode/DerivedData/Embrace_Ecommerce-bluiupfvipvoshftpieasgwapago/Build/Products/Debug-iphonesimulator/PackageFrameworks -F /Users/sergiorodriguez/Library/Developer/Xcode/DerivedData/Embrace_Ecommerce-bluiupfvipvoshftpieasgwapago/Build/Products/Debug-iphonesimulator/PackageFrameworks -F /Users/sergiorodriguez/Library/Developer/Xcode/DerivedData/Embrace_Ecommerce-bluiupfvipvoshftpieasgwapago/Build/Products/Debug-iphonesimulator/PackageFrameworks -F /Users/sergiorodriguez/Library/Developer/Xcode/DerivedData/Embrace_Ecommerce-bluiupfvipvoshftpieasgwapago/Build/Products/Debug-iphonesimulator/PackageFrameworks -F /Users/sergiorodriguez/Library/Developer/Xcode/DerivedData/Embrace_Ecommerce-bluiupfvipvoshftpieasgwapago/Build/Products/Debug-iphonesimulator/PackageFrameworks -F /Users/sergiorodriguez/Library/Developer/Xcode/DerivedData/Embrace_Ecommerce-bluiupfvipvoshftpieasgwapago/Build/Products/Debug-iphonesimulator/PackageFrameworks -F /Users/sergiorodriguez/Library/Developer/Xcode/DerivedData/Embrace_Ecommerce-bluiupfvipvoshftpieasgwapago/Build/Products/Debug-iphonesimulator/PackageFrameworks -F /Users/sergiorodriguez/Library/Developer/Xcode/DerivedData/Embrace_Ecommerce-bluiupfvipvoshftpieasgwapago/Build/Products/Debug-iphonesimulator/PackageFrameworks -F /Users/sergiorodriguez/Library/Developer/Xcode/DerivedData/Embrace_Ecommerce-bluiupfvipvoshftpieasgwapago/Build/Products/Debug-iphonesimulator/PackageFrameworks -F /Users/sergiorodriguez/Library/Developer/Xcode/DerivedData/Embrace_Ecommerce-bluiupfvipvoshftpieasgwapago/Build/Products/Debug-iphonesimulator/PackageFrameworks -F /Users/sergiorodriguez/Library/Developer/Xcode/DerivedData/Embrace_Ecommerce-bluiupfvipvoshftpieasgwapago/Build/Products/Debug-iphonesimulator/PackageFrameworks -F /Users/sergiorodriguez/Library/Developer/Xcode/DerivedData/Embrace_Ecommerce-bluiupfvipvoshftpieasgwapago/Build/Products/Debug-iphonesimulator/PackageFrameworks -F /Users/sergiorodriguez/Library/Developer/Xcode/DerivedData/Embrace_Ecommerce-bluiupfvipvoshftpieasgwapago/Build/Products/Debug-iphonesimulator/PackageFrameworks -F /Users/sergiorodriguez/Library/Developer/Xcode/DerivedData/Embrace_Ecommerce-bluiupfvipvoshftpieasgwapago/Build/Products/Debug-iphonesimulator/PackageFrameworks -F /Users/sergiorodriguez/Library/Developer/Xcode/DerivedData/Embrace_Ecommerce-bluiupfvipvoshftpieasgwapago/Build/Products/Debug-iphonesimulator/PackageFrameworks -F /Users/sergiorodriguez/Library/Developer/Xcode/DerivedData/Embrace_Ecommerce-bluiupfvipvoshftpieasgwapago/Build/Products/Debug-iphonesimulator/PackageFrameworks -F /Users/sergiorodriguez/Library/Developer/Xcode/DerivedData/Embrace_Ecommerce-bluiupfvipvoshftpieasgwapago/Build/Products/Debug-iphonesimulator/PackageFrameworks -F /Users/sergiorodriguez/Library/Developer/Xcode/DerivedData/Embrace_Ecommerce-bluiupfvipvoshftpieasgwapago/Build/Products/Debug-iphonesimulator/PackageFrameworks -F /Users/sergiorodriguez/Library/Developer/Xcode/DerivedData/Embrace_Ecommerce-bluiupfvipvoshftpieasgwapago/Build/Products/Debug-iphonesimulator/PackageFrameworks -F /Users/sergiorodriguez/Library/Developer/Xcode/DerivedData/Embrace_Ecommerce-bluiupfvipvoshftpieasgwapago/Build/Products/Debug-iphonesimulator/PackageFrameworks -F /Users/sergiorodriguez/Library/Developer/Xcode/DerivedData/Embrace_Ecommerce-bluiupfvipvoshftpieasgwapago/Build/Products/Debug-iphonesimulator/PackageFrameworks -F /Users/sergiorodriguez/Library/Developer/Xcode/DerivedData/Embrace_Ecommerce-bluiupfvipvoshftpieasgwapago/Build/Products/Debug-iphonesimulator/PackageFrameworks -F /Users/sergiorodriguez/Library/Developer/Xcode/DerivedData/Embrace_Ecommerce-bluiupfvipvoshftpieasgwapago/Build/Products/Debug-iphonesimulator/PackageFrameworks -F /Users/sergiorodriguez/Library/Developer/Xcode/DerivedData/Embrace_Ecommerce-bluiupfvipvoshftpieasgwapago/Build/Products/Debug-iphonesimulator/PackageFrameworks -F /Users/sergiorodriguez/Library/Developer/Xcode/DerivedData/Embrace_Ecommerce-bluiupfvipvoshftpieasgwapago/Build/Products/Debug-iphonesimulator/PackageFrameworks -F /Users/sergiorodriguez/Library/Developer/Xcode/DerivedData/Embrace_Ecommerce-bluiupfvipvoshftpieasgwapago/Build/Products/Debug-iphonesimulator/PackageFrameworks -F /Users/sergiorodriguez/Library/Developer/Xcode/DerivedData/Embrace_Ecommerce-bluiupfvipvoshftpieasgwapago/Build/Products/Debug-iphonesimulator/PackageFrameworks -F /Users/sergiorodriguez/Library/Developer/Xcode/DerivedData/Embrace_Ecommerce-bluiupfvipvoshftpieasgwapago/Build/Products/Debug-iphonesimulator/PackageFrameworks -F /Users/sergiorodriguez/Library/Developer/Xcode/DerivedData/Embrace_Ecommerce-bluiupfvipvoshftpieasgwapago/Build/Products/Debug-iphonesimulator/PackageFrameworks -F /Users/sergiorodriguez/Library/Developer/Xcode/DerivedData/Embrace_Ecommerce-bluiupfvipvoshftpieasgwapago/Build/Products/Debug-iphonesimulator/PackageFrameworks -F /Users/sergiorodriguez/Library/Developer/Xcode/DerivedData/Embrace_Ecommerce-bluiupfvipvoshftpieasgwapago/Build/Products/Debug-iphonesimulator/PackageFrameworks -F /Users/sergiorodriguez/Library/Developer/Xcode/DerivedData/Embrace_Ecommerce-bluiupfvipvoshftpieasgwapago/Build/Products/Debug-iphonesimulator/PackageFrameworks -F /Users/sergiorodriguez/Library/Developer/Xcode/DerivedData/Embrace_Ecommerce-bluiupfvipvoshftpieasgwapago/Build/Products/Debug-iphonesimulator/PackageFrameworks -F /Users/sergiorodriguez/Library/Developer/Xcode/DerivedData/Embrace_Ecommerce-bluiupfvipvoshftpieasgwapago/Build/Products/Debug-iphonesimulator/PackageFrameworks -F /Users/sergiorodriguez/Library/Developer/Xcode/DerivedData/Embrace_Ecommerce-bluiupfvipvoshftpieasgwapago/Build/Products/Debug-iphonesimulator/PackageFrameworks -F /Users/sergiorodriguez/Library/Developer/Xcode/DerivedData/Embrace_Ecommerce-bluiupfvipvoshftpieasgwapago/Build/Products/Debug-iphonesimulator/PackageFrameworks -F /Users/sergiorodriguez/Library/Developer/Xcode/DerivedData/Embrace_Ecommerce-bluiupfvipvoshftpieasgwapago/Build/Products/Debug-iphonesimulator/PackageFrameworks -F /Users/sergiorodriguez/Library/Developer/Xcode/DerivedData/Embrace_Ecommerce-bluiupfvipvoshftpieasgwapago/Build/Products/Debug-iphonesimulator/PackageFrameworks -F /Users/sergiorodriguez/Library/Developer/Xcode/DerivedData/Embrace_Ecommerce-bluiupfvipvoshftpieasgwapago/Build/Products/Debug-iphonesimulator/PackageFrameworks -F /Users/sergiorodriguez/Library/Developer/Xcode/DerivedData/Embrace_Ecommerce-bluiupfvipvoshftpieasgwapago/Build/Products/Debug-iphonesimulator/PackageFrameworks -F /Users/sergiorodriguez/Library/Developer/Xcode/DerivedData/Embrace_Ecommerce-bluiupfvipvoshftpieasgwapago/Build/Products/Debug-iphonesimulator/PackageFrameworks -F /Users/sergiorodriguez/Library/Developer/Xcode/DerivedData/Embrace_Ecommerce-bluiupfvipvoshftpieasgwapago/Build/Products/Debug-iphonesimulator/PackageFrameworks -F /Users/sergiorodriguez/Library/Developer/Xcode/DerivedData/Embrace_Ecommerce-bluiupfvipvoshftpieasgwapago/Build/Products/Debug-iphonesimulator/PackageFrameworks -F /Users/sergiorodriguez/Library/Developer/Xcode/DerivedData/Embrace_Ecommerce-bluiupfvipvoshftpieasgwapago/Build/Products/Debug-iphonesimulator/PackageFrameworks -F /Users/sergiorodriguez/Library/Developer/Xcode/DerivedData/Embrace_Ecommerce-bluiupfvipvoshftpieasgwapago/Build/Products/Debug-iphonesimulator/PackageFrameworks -F /Users/sergiorodriguez/Library/Developer/Xcode/DerivedData/Embrace_Ecommerce-bluiupfvipvoshftpieasgwapago/Build/Products/Debug-iphonesimulator/PackageFrameworks -F /Users/sergiorodriguez/Library/Developer/Xcode/DerivedData/Embrace_Ecommerce-bluiupfvipvoshftpieasgwapago/Build/Products/Debug-iphonesimulator/PackageFrameworks -F /Users/sergiorodriguez/Library/Developer/Xcode/DerivedData/Embrace_Ecommerce-bluiupfvipvoshftpieasgwapago/Build/Products/Debug-iphonesimulator/PackageFrameworks -F /Users/sergiorodriguez/Library/Developer/Xcode/DerivedData/Embrace_Ecommerce-bluiupfvipvoshftpieasgwapago/Build/Products/Debug-iphonesimulator/PackageFrameworks -F /Users/sergiorodriguez/Library/Developer/Xcode/DerivedData/Embrace_Ecommerce-bluiupfvipvoshftpieasgwapago/Build/Products/Debug-iphonesimulator/PackageFrameworks -F /Users/sergiorodriguez/Library/Developer/Xcode/DerivedData/Embrace_Ecommerce-bluiupfvipvoshftpieasgwapago/Build/Products/Debug-iphonesimulator/PackageFrameworks -F /Users/sergiorodriguez/Library/Developer/Xcode/DerivedData/Embrace_Ecommerce-bluiupfvipvoshftpieasgwapago/Build/Products/Debug-iphonesimulator/PackageFrameworks -F /Users/sergiorodriguez/Library/Developer/Xcode/DerivedData/Embrace_Ecommerce-bluiupfvipvoshftpieasgwapago/Build/Products/Debug-iphonesimulator/PackageFrameworks -F /Users/sergiorodriguez/Library/Developer/Xcode/DerivedData/Embrace_Ecommerce-bluiupfvipvoshftpieasgwapago/Build/Products/Debug-iphonesimulator/PackageFrameworks -F /Users/sergiorodriguez/Library/Developer/Xcode/DerivedData/Embrace_Ecommerce-bluiupfvipvoshftpieasgwapago/Build/Products/Debug-iphonesimulator/PackageFrameworks -F /Users/sergiorodriguez/Library/Developer/Xcode/DerivedData/Embrace_Ecommerce-bluiupfvipvoshftpieasgwapago/Build/Products/Debug-iphonesimulator/PackageFrameworks -F /Users/sergiorodriguez/Library/Developer/Xcode/DerivedData/Embrace_Ecommerce-bluiupfvipvoshftpieasgwapago/Build/Products/Debug-iphonesimulator/PackageFrameworks -F /Users/sergiorodriguez/Library/Developer/Xcode/DerivedData/Embrace_Ecommerce-bluiupfvipvoshftpieasgwapago/Build/Products/Debug-iphonesimulator/PackageFrameworks -F /Users/sergiorodriguez/Library/Developer/Xcode/DerivedData/Embrace_Ecommerce-bluiupfvipvoshftpieasgwapago/Build/Products/Debug-iphonesimulator/PackageFrameworks -F /Users/sergiorodriguez/Library/Developer/Xcode/DerivedData/Embrace_Ecommerce-bluiupfvipvoshftpieasgwapago/Build/Products/Debug-iphonesimulator -Xfrontend -load-plugin-executable -Xfrontend /Users/sergiorodriguez/Library/Developer/Xcode/DerivedData/Embrace_Ecommerce-bluiupfvipvoshftpieasgwapago/Build/Products/Debug/EmbraceMacroPlugin\#EmbraceMacroPlugin -emit-localized-strings -emit-localized-strings-path /Users/sergiorodriguez/Library/Developer/Xcode/DerivedData/Embrace_Ecommerce-bluiupfvipvoshftpieasgwapago/Build/Intermediates.noindex/Embrace\ Ecommerce.build/Debug-iphonesimulator/Embrace\ Ecommerce.build/Objects-normal/arm64 -c -j8 -enable-batch-mode -incremental -Xcc -ivfsstatcache -Xcc /Users/sergiorodriguez/Library/Developer/Xcode/DerivedData/SDKStatCaches.noindex/iphonesimulator18.5-22F76-d5fc8ad4295d2ef488fb7d0f804ce0c4.sdkstatcache -output-file-map /Users/sergiorodriguez/Library/Developer/Xcode/DerivedData/Embrace_Ecommerce-bluiupfvipvoshftpieasgwapago/Build/Intermediates.noindex/Embrace\ Ecommerce.build/Debug-iphonesimulator/Embrace\ Ecommerce.build/Objects-normal/arm64/Embrace\ Ecommerce-OutputFileMap.json -use-frontend-parseable-output -save-temps -no-color-diagnostics -serialize-diagnostics -emit-dependencies -emit-module -emit-module-path /Users/sergiorodriguez/Library/Developer/Xcode/DerivedData/Embrace_Ecommerce-bluiupfvipvoshftpieasgwapago/Build/Intermediates.noindex/Embrace\ Ecommerce.build/Debug-iphonesimulator/Embrace\ Ecommerce.build/Objects-normal/arm64/Embrace_Ecommerce.swiftmodule -validate-clang-modules-once -clang-build-session-file /Users/sergiorodriguez/Library/Developer/Xcode/DerivedData/ModuleCache.noindex/Session.modulevalidation -Xcc -I/Users/sergiorodriguez/Library/Developer/Xcode/DerivedData/Embrace_Ecommerce-bluiupfvipvoshftpieasgwapago/Build/Intermediates.noindex/Embrace\ Ecommerce.build/Debug-iphonesimulator/Embrace\ Ecommerce.build/swift-overrides.hmap -emit-const-values -Xfrontend -const-gather-protocols-file -Xfrontend /Users/sergiorodriguez/Library/Developer/Xcode/DerivedData/Embrace_Ecommerce-bluiupfvipvoshftpieasgwapago/Build/Intermediates.noindex/Embrace\ Ecommerce.build/Debug-iphonesimulator/Embrace\ Ecommerce.build/Objects-normal/arm64/Embrace\ Ecommerce_const_extract_protocols.json -Xcc -iquote -Xcc /Users/sergiorodriguez/Library/Developer/Xcode/DerivedData/Embrace_Ecommerce-bluiupfvipvoshftpieasgwapago/Build/Intermediates.noindex/Embrace\ Ecommerce.build/Debug-iphonesimulator/Embrace\ Ecommerce.build/Embrace\ Ecommerce-generated-files.hmap -Xcc -I/Users/sergiorodriguez/Library/Developer/Xcode/DerivedData/Embrace_Ecommerce-bluiupfvipvoshftpieasgwapago/Build/Intermediates.noindex/Embrace\ Ecommerce.build/Debug-iphonesimulator/Embrace\ Ecommerce.build/Embrace\ Ecommerce-own-target-headers.hmap -Xcc -I/Users/sergiorodriguez/Library/Developer/Xcode/DerivedData/Embrace_Ecommerce-bluiupfvipvoshftpieasgwapago/Build/Intermediates.noindex/Embrace\ Ecommerce.build/Debug-iphonesimulator/Embrace\ Ecommerce.build/Embrace\ Ecommerce-all-non-framework-target-headers.hmap -Xcc -ivfsoverlay -Xcc /Users/sergiorodriguez/Library/Developer/Xcode/DerivedData/Embrace_Ecommerce-bluiupfvipvoshftpieasgwapago/Build/Intermediates.noindex/Embrace\ Ecommerce.build/Debug-iphonesimulator/Embrace\ Ecommerce-34bc634bdafa12035215f29503d468df-VFS-iphonesimulator/all-product-headers.yaml -Xcc -iquote -Xcc /Users/sergiorodriguez/Library/Developer/Xcode/DerivedData/Embrace_Ecommerce-bluiupfvipvoshftpieasgwapago/Build/Intermediates.noindex/Embrace\ Ecommerce.build/Debug-iphonesimulator/Embrace\ Ecommerce.build/Embrace\ Ecommerce-project-headers.hmap -Xcc -I/Users/sergiorodriguez/Library/Developer/Xcode/DerivedData/Embrace_Ecommerce-bluiupfvipvoshftpieasgwapago/SourcePackages/checkouts/google-ads-on-device-conversion-ios-sdk/GoogleAdsOnDeviceConversionWrapper/include -Xcc -I/Users/sergiorodriguez/Library/Developer/Xcode/DerivedData/Embrace_Ecommerce-bluiupfvipvoshftpieasgwapago/SourcePackages/checkouts/GoogleAppMeasurement/GoogleAppMeasurementWrapper/include -Xcc -I/Users/sergiorodriguez/Library/Developer/Xcode/DerivedData/Embrace_Ecommerce-bluiupfvipvoshftpieasgwapago/SourcePackages/checkouts/firebase-ios-sdk/FirebaseAnalyticsWrapper/include -Xcc -I/Users/sergiorodriguez/Library/Developer/Xcode/DerivedData/Embrace_Ecommerce-bluiupfvipvoshftpieasgwapago/SourcePackages/checkouts/firebase-ios-sdk/SwiftPM-PlatformExclude/FirebaseAnalyticsWrap/include -Xcc -I/Users/sergiorodriguez/Library/Developer/Xcode/DerivedData/Embrace_Ecommerce-bluiupfvipvoshftpieasgwapago/SourcePackages/checkouts/GoogleAppMeasurement/GoogleAppMeasurementIdentitySupportWrapper/include -Xcc -I/Users/sergiorodriguez/Library/Developer/Xcode/DerivedData/Embrace_Ecommerce-bluiupfvipvoshftpieasgwapago/SourcePackages/checkouts/firebase-ios-sdk/FirebaseAnalyticsIdentitySupportWrapper/include -Xcc -I/Users/sergiorodriguez/Library/Developer/Xcode/DerivedData/Embrace_Ecommerce-bluiupfvipvoshftpieasgwapago/SourcePackages/checkouts/KSCrash/Sources/KSCrashRecordingCore/include -Xcc -I/Users/sergiorodriguez/Library/Developer/Xcode/DerivedData/Embrace_Ecommerce-bluiupfvipvoshftpieasgwapago/SourcePackages/checkouts/KSCrash/Sources/KSCrashCore/include -Xcc -I/Users/sergiorodriguez/Library/Developer/Xcode/DerivedData/Embrace_Ecommerce-bluiupfvipvoshftpieasgwapago/SourcePackages/checkouts/KSCrash/Sources/KSCrashRecording/include -Xcc -I/Users/sergiorodriguez/Library/Developer/Xcode/DerivedData/Embrace_Ecommerce-bluiupfvipvoshftpieasgwapago/SourcePackages/checkouts/stripe-ios/Stripe3DS2/Stripe3DS2/include -Xcc -I/Users/sergiorodriguez/Library/Developer/Xcode/DerivedData/Embrace_Ecommerce-bluiupfvipvoshftpieasgwapago/SourcePackages/checkouts/embrace-apple-sdk/Sources/EmbraceObjCUtilsInternal/include -Xcc -I/Users/sergiorodriguez/Library/Developer/Xcode/DerivedData/Embrace_Ecommerce-bluiupfvipvoshftpieasgwapago/SourcePackages/checkouts/AppAuth-iOS/Sources/AppAuth -Xcc -I/Users/sergiorodriguez/Library/Developer/Xcode/DerivedData/Embrace_Ecommerce-bluiupfvipvoshftpieasgwapago/SourcePackages/checkouts/AppAuth-iOS/Sources/AppAuthCore -Xcc -I/Users/sergiorodriguez/Library/Developer/Xcode/DerivedData/Embrace_Ecommerce-bluiupfvipvoshftpieasgwapago/SourcePackages/checkouts/gtm-session-fetcher/Sources/Core/Public -Xcc -I/Users/sergiorodriguez/Library/Developer/Xcode/DerivedData/Embrace_Ecommerce-bluiupfvipvoshftpieasgwapago/SourcePackages/checkouts/GoogleSignIn-iOS/GoogleSignIn/Sources/Public -Xcc -I/Users/sergiorodriguez/Library/Developer/Xcode/DerivedData/Embrace_Ecommerce-bluiupfvipvoshftpieasgwapago/SourcePackages/checkouts/firebase-ios-sdk/FirebaseCore/Extension -Xcc -I/Users/sergiorodriguez/Library/Developer/Xcode/DerivedData/Embrace_Ecommerce-bluiupfvipvoshftpieasgwapago/SourcePackages/checkouts/firebase-ios-sdk/FirebaseAuth/Interop/Public -Xcc -I/Users/sergiorodriguez/Library/Developer/Xcode/DerivedData/Embrace_Ecommerce-bluiupfvipvoshftpieasgwapago/SourcePackages/checkouts/app-check/AppCheckCore/Sources/Public -Xcc -I/Users/sergiorodriguez/Library/Developer/Xcode/DerivedData/Embrace_Ecommerce-bluiupfvipvoshftpieasgwapago/SourcePackages/checkouts/firebase-ios-sdk/FirebaseAppCheck/Interop/Public -Xcc -I/Users/sergiorodriguez/Library/Developer/Xcode/DerivedData/Embrace_Ecommerce-bluiupfvipvoshftpieasgwapago/SourcePackages/checkouts/firebase-ios-sdk/FirebaseAppCheck/Sources/Public -Xcc -I/Users/sergiorodriguez/Library/Developer/Xcode/DerivedData/Embrace_Ecommerce-bluiupfvipvoshftpieasgwapago/SourcePackages/checkouts/promises/Sources/FBLPromises/include -Xcc -I/Users/sergiorodriguez/Library/Developer/Xcode/DerivedData/Embrace_Ecommerce-bluiupfvipvoshftpieasgwapago/SourcePackages/checkouts/GoogleUtilities/GoogleUtilities/UserDefaults/Public -Xcc -I/Users/sergiorodriguez/Library/Developer/Xcode/DerivedData/Embrace_Ecommerce-bluiupfvipvoshftpieasgwapago/SourcePackages/checkouts/GoogleAppMeasurement/GoogleAppMeasurementCoreWrapper/include -Xcc -I/Users/sergiorodriguez/Library/Developer/Xcode/DerivedData/Embrace_Ecommerce-bluiupfvipvoshftpieasgwapago/SourcePackages/checkouts/GoogleUtilities/GoogleUtilities/AppDelegateSwizzler/Public -Xcc -I/Users/sergiorodriguez/Library/Developer/Xcode/DerivedData/Embrace_Ecommerce-bluiupfvipvoshftpieasgwapago/SourcePackages/checkouts/GoogleUtilities/GoogleUtilities/MethodSwizzler/Public -Xcc -I/Users/sergiorodriguez/Library/Developer/Xcode/DerivedData/Embrace_Ecommerce-bluiupfvipvoshftpieasgwapago/SourcePackages/checkouts/GoogleUtilities/GoogleUtilities/Reachability/Public -Xcc -I/Users/sergiorodriguez/Library/Developer/Xcode/DerivedData/Embrace_Ecommerce-bluiupfvipvoshftpieasgwapago/SourcePackages/checkouts/GoogleUtilities/GoogleUtilities/NSData+zlib/Public -Xcc -I/Users/sergiorodriguez/Library/Developer/Xcode/DerivedData/Embrace_Ecommerce-bluiupfvipvoshftpieasgwapago/SourcePackages/checkouts/GoogleUtilities/GoogleUtilities/Logger/Public -Xcc -I/Users/sergiorodriguez/Library/Developer/Xcode/DerivedData/Embrace_Ecommerce-bluiupfvipvoshftpieasgwapago/SourcePackages/checkouts/GoogleUtilities/GoogleUtilities/Environment/Public -Xcc -I/Users/sergiorodriguez/Library/Developer/Xcode/DerivedData/Embrace_Ecommerce-bluiupfvipvoshftpieasgwapago/SourcePackages/checkouts/GoogleUtilities/third_party/IsAppEncrypted/Public -Xcc -I/Users/sergiorodriguez/Library/Developer/Xcode/DerivedData/Embrace_Ecommerce-bluiupfvipvoshftpieasgwapago/SourcePackages/checkouts/GoogleUtilities/GoogleUtilities/Network/Public -Xcc -I/Users/sergiorodriguez/Library/Developer/Xcode/DerivedData/Embrace_Ecommerce-bluiupfvipvoshftpieasgwapago/SourcePackages/checkouts/nanopb/spm_headers -Xcc -I/Users/sergiorodriguez/Library/Developer/Xcode/DerivedData/Embrace_Ecommerce-bluiupfvipvoshftpieasgwapago/SourcePackages/checkouts/firebase-ios-sdk/FirebaseAnalyticsCoreWrapper/include -Xcc -I/Users/sergiorodriguez/Library/Developer/Xcode/DerivedData/Embrace_Ecommerce-bluiupfvipvoshftpieasgwapago/SourcePackages/checkouts/firebase-ios-sdk/FirebaseInstallations/Source/Library/Public -Xcc -I/Users/sergiorodriguez/Library/Developer/Xcode/DerivedData/Embrace_Ecommerce-bluiupfvipvoshftpieasgwapago/SourcePackages/checkouts/firebase-ios-sdk/FirebaseCore/Sources/Public -Xcc -I/Users/sergiorodriguez/Library/Developer/Xcode/DerivedData/Embrace_Ecommerce-bluiupfvipvoshftpieasgwapago/SourcePackages/checkouts/firebase-ios-sdk/CoreOnly/Sources -Xcc -I/Users/sergiorodriguez/Library/Developer/Xcode/DerivedData/Embrace_Ecommerce-bluiupfvipvoshftpieasgwapago/SourcePackages/checkouts/firebase-ios-sdk/SwiftPM-PlatformExclude/FirebaseAnalyticsCoreWrap/include -Xcc -I/Users/sergiorodriguez/Library/Developer/Xcode/DerivedData/Embrace_Ecommerce-bluiupfvipvoshftpieasgwapago/Build/Products/Debug-iphonesimulator/include -Xcc -I/Users/sergiorodriguez/Library/Developer/Xcode/DerivedData/Embrace_Ecommerce-bluiupfvipvoshftpieasgwapago/Build/Intermediates.noindex/Embrace\ Ecommerce.build/Debug-iphonesimulator/Embrace\ Ecommerce.build/DerivedSources-normal/arm64 -Xcc -I/Users/sergiorodriguez/Library/Developer/Xcode/DerivedData/Embrace_Ecommerce-bluiupfvipvoshftpieasgwapago/Build/Intermediates.noindex/Embrace\ Ecommerce.build/Debug-iphonesimulator/Embrace\ Ecommerce.build/DerivedSources/arm64 -Xcc -I/Users/sergiorodriguez/Library/Developer/Xcode/DerivedData/Embrace_Ecommerce-bluiupfvipvoshftpieasgwapago/Build/Intermediates.noindex/Embrace\ Ecommerce.build/Debug-iphonesimulator/Embrace\ Ecommerce.build/DerivedSources -Xcc -DDEBUG\=1 -emit-objc-header -emit-objc-header-path /Users/sergiorodriguez/Library/Developer/Xcode/DerivedData/Embrace_Ecommerce-bluiupfvipvoshftpieasgwapago/Build/Intermediates.noindex/Embrace\ Ecommerce.build/Debug-iphonesimulator/Embrace\ Ecommerce.build/Objects-normal/arm64/Embrace_Ecommerce-Swift.h -working-directory /Users/sergiorodriguez/Documents/test\ apps/Embrace\ Ecommerce -experimental-emit-module-separately -disable-cmo

CreateUniversalBinary /Users/sergiorodriguez/Library/Developer/Xcode/DerivedData/Embrace_Ecommerce-bluiupfvipvoshftpieasgwapago/Build/Products/Debug-iphonesimulator/EmbraceCore.o normal arm64\ x86_64 (in target 'EmbraceCore' from project 'EmbraceIO')
    cd /Users/sergiorodriguez/Library/Developer/Xcode/DerivedData/Embrace_Ecommerce-bluiupfvipvoshftpieasgwapago/SourcePackages/checkouts/embrace-apple-sdk
    /Applications/Xcode.app/Contents/Developer/Toolchains/XcodeDefault.xctoolchain/usr/bin/lipo -create /Users/sergiorodriguez/Library/Developer/Xcode/DerivedData/Embrace_Ecommerce-bluiupfvipvoshftpieasgwapago/Build/Intermediates.noindex/EmbraceIO.build/Debug-iphonesimulator/EmbraceCore.build/Objects-normal/arm64/Binary/EmbraceCore.o /Users/sergiorodriguez/Library/Developer/Xcode/DerivedData/Embrace_Ecommerce-bluiupfvipvoshftpieasgwapago/Build/Intermediates.noindex/EmbraceIO.build/Debug-iphonesimulator/EmbraceCore.build/Objects-normal/x86_64/Binary/EmbraceCore.o -output /Users/sergiorodriguez/Library/Developer/Xcode/DerivedData/Embrace_Ecommerce-bluiupfvipvoshftpieasgwapago/Build/Products/Debug-iphonesimulator/EmbraceCore.o

ExtractAppIntentsMetadata (in target 'EmbraceCore' from project 'EmbraceIO')
    cd /Users/sergiorodriguez/Library/Developer/Xcode/DerivedData/Embrace_Ecommerce-bluiupfvipvoshftpieasgwapago/SourcePackages/checkouts/embrace-apple-sdk
    /Applications/Xcode.app/Contents/Developer/Toolchains/XcodeDefault.xctoolchain/usr/bin/appintentsmetadataprocessor --toolchain-dir /Applications/Xcode.app/Contents/Developer/Toolchains/XcodeDefault.xctoolchain --module-name EmbraceCore --sdk-root /Applications/Xcode.app/Contents/Developer/Platforms/iPhoneSimulator.platform/Developer/SDKs/iPhoneSimulator18.5.sdk --xcode-version 16F6 --platform-family iOS --deployment-target 13.0 --bundle-identifier embrace-apple-sdk.EmbraceCore --output /Users/sergiorodriguez/Library/Developer/Xcode/DerivedData/Embrace_Ecommerce-bluiupfvipvoshftpieasgwapago/Build/Products/Debug-iphonesimulator/EmbraceCore.appintents --target-triple arm64-apple-ios13.0-simulator --target-triple x86_64-apple-ios13.0-simulator --binary-file /Users/sergiorodriguez/Library/Developer/Xcode/DerivedData/Embrace_Ecommerce-bluiupfvipvoshftpieasgwapago/Build/Products/Debug-iphonesimulator/EmbraceCore.o --dependency-file /Users/sergiorodriguez/Library/Developer/Xcode/DerivedData/Embrace_Ecommerce-bluiupfvipvoshftpieasgwapago/Build/Intermediates.noindex/EmbraceIO.build/Debug-iphonesimulator/EmbraceCore.build/Objects-normal/arm64/EmbraceCore_dependency_info.dat --dependency-file /Users/sergiorodriguez/Library/Developer/Xcode/DerivedData/Embrace_Ecommerce-bluiupfvipvoshftpieasgwapago/Build/Intermediates.noindex/EmbraceIO.build/Debug-iphonesimulator/EmbraceCore.build/Objects-normal/x86_64/EmbraceCore_dependency_info.dat --stringsdata-file /Users/sergiorodriguez/Library/Developer/Xcode/DerivedData/Embrace_Ecommerce-bluiupfvipvoshftpieasgwapago/Build/Intermediates.noindex/EmbraceIO.build/Debug-iphonesimulator/EmbraceCore.build/Objects-normal/arm64/ExtractedAppShortcutsMetadata.stringsdata --stringsdata-file /Users/sergiorodriguez/Library/Developer/Xcode/DerivedData/Embrace_Ecommerce-bluiupfvipvoshftpieasgwapago/Build/Intermediates.noindex/EmbraceIO.build/Debug-iphonesimulator/EmbraceCore.build/Objects-normal/x86_64/ExtractedAppShortcutsMetadata.stringsdata --source-file-list /Users/sergiorodriguez/Library/Developer/Xcode/DerivedData/Embrace_Ecommerce-bluiupfvipvoshftpieasgwapago/Build/Intermediates.noindex/EmbraceIO.build/Debug-iphonesimulator/EmbraceCore.build/Objects-normal/arm64/EmbraceCore.SwiftFileList --source-file-list /Users/sergiorodriguez/Library/Developer/Xcode/DerivedData/Embrace_Ecommerce-bluiupfvipvoshftpieasgwapago/Build/Intermediates.noindex/EmbraceIO.build/Debug-iphonesimulator/EmbraceCore.build/Objects-normal/x86_64/EmbraceCore.SwiftFileList --metadata-file-list /Users/sergiorodriguez/Library/Developer/Xcode/DerivedData/Embrace_Ecommerce-bluiupfvipvoshftpieasgwapago/Build/Intermediates.noindex/EmbraceIO.build/Debug-iphonesimulator/EmbraceCore.build/EmbraceCore.DependencyMetadataFileList --static-metadata-file-list /Users/sergiorodriguez/Library/Developer/Xcode/DerivedData/Embrace_Ecommerce-bluiupfvipvoshftpieasgwapago/Build/Intermediates.noindex/EmbraceIO.build/Debug-iphonesimulator/EmbraceCore.build/EmbraceCore.DependencyStaticMetadataFileList --swift-const-vals-list /Users/sergiorodriguez/Library/Developer/Xcode/DerivedData/Embrace_Ecommerce-bluiupfvipvoshftpieasgwapago/Build/Intermediates.noindex/EmbraceIO.build/Debug-iphonesimulator/EmbraceCore.build/Objects-normal/arm64/EmbraceCore.SwiftConstValuesFileList --swift-const-vals-list /Users/sergiorodriguez/Library/Developer/Xcode/DerivedData/Embrace_Ecommerce-bluiupfvipvoshftpieasgwapago/Build/Intermediates.noindex/EmbraceIO.build/Debug-iphonesimulator/EmbraceCore.build/Objects-normal/x86_64/EmbraceCore.SwiftConstValuesFileList --force --compile-time-extraction --deployment-aware-processing --validate-assistant-intents --no-app-shortcuts-localization
2025-08-07 14:26:57.338 appintentsmetadataprocessor[1205:42730691] Starting appintentsmetadataprocessor export
2025-08-07 14:26:57.380 appintentsmetadataprocessor[1205:42730691] Extracted no relevant App Intents symbols, skipping writing output

RegisterExecutionPolicyException /Users/sergiorodriguez/Library/Developer/Xcode/DerivedData/Embrace_Ecommerce-bluiupfvipvoshftpieasgwapago/Build/Products/Debug-iphonesimulator/EmbraceCore.o (in target 'EmbraceCore' from project 'EmbraceIO')
    cd /Users/sergiorodriguez/Library/Developer/Xcode/DerivedData/Embrace_Ecommerce-bluiupfvipvoshftpieasgwapago/SourcePackages/checkouts/embrace-apple-sdk
    builtin-RegisterExecutionPolicyException /Users/sergiorodriguez/Library/Developer/Xcode/DerivedData/Embrace_Ecommerce-bluiupfvipvoshftpieasgwapago/Build/Products/Debug-iphonesimulator/EmbraceCore.o

Ld /Users/sergiorodriguez/Library/Developer/Xcode/DerivedData/Embrace_Ecommerce-bluiupfvipvoshftpieasgwapago/Build/Intermediates.noindex/EmbraceIO.build/Debug-iphonesimulator/EmbraceIO.build/Objects-normal/x86_64/Binary/EmbraceIO.o normal x86_64 (in target 'EmbraceIO' from project 'EmbraceIO')
    cd /Users/sergiorodriguez/Library/Developer/Xcode/DerivedData/Embrace_Ecommerce-bluiupfvipvoshftpieasgwapago/SourcePackages/checkouts/embrace-apple-sdk
    /Applications/Xcode.app/Contents/Developer/Toolchains/XcodeDefault.xctoolchain/usr/bin/clang -Xlinker -reproducible -target x86_64-apple-ios13.0-simulator -r -isysroot /Applications/Xcode.app/Contents/Developer/Platforms/iPhoneSimulator.platform/Developer/SDKs/iPhoneSimulator18.5.sdk -O0 -w -L/Users/sergiorodriguez/Library/Developer/Xcode/DerivedData/Embrace_Ecommerce-bluiupfvipvoshftpieasgwapago/Build/Intermediates.noindex/EagerLinkingTBDs/Debug-iphonesimulator -L/Users/sergiorodriguez/Library/Developer/Xcode/DerivedData/Embrace_Ecommerce-bluiupfvipvoshftpieasgwapago/Build/Products/Debug-iphonesimulator -L/Applications/Xcode.app/Contents/Developer/Platforms/iPhoneSimulator.platform/Developer/usr/lib -F/Users/sergiorodriguez/Library/Developer/Xcode/DerivedData/Embrace_Ecommerce-bluiupfvipvoshftpieasgwapago/Build/Intermediates.noindex/EagerLinkingTBDs/Debug-iphonesimulator -F/Users/sergiorodriguez/Library/Developer/Xcode/DerivedData/Embrace_Ecommerce-bluiupfvipvoshftpieasgwapago/Build/Products/Debug-iphonesimulator/PackageFrameworks -F/Users/sergiorodriguez/Library/Developer/Xcode/DerivedData/Embrace_Ecommerce-bluiupfvipvoshftpieasgwapago/Build/Products/Debug-iphonesimulator/PackageFrameworks -F/Users/sergiorodriguez/Library/Developer/Xcode/DerivedData/Embrace_Ecommerce-bluiupfvipvoshftpieasgwapago/Build/Products/Debug-iphonesimulator/PackageFrameworks -F/Users/sergiorodriguez/Library/Developer/Xcode/DerivedData/Embrace_Ecommerce-bluiupfvipvoshftpieasgwapago/Build/Products/Debug-iphonesimulator/PackageFrameworks -F/Users/sergiorodriguez/Library/Developer/Xcode/DerivedData/Embrace_Ecommerce-bluiupfvipvoshftpieasgwapago/Build/Products/Debug-iphonesimulator/PackageFrameworks -F/Users/sergiorodriguez/Library/Developer/Xcode/DerivedData/Embrace_Ecommerce-bluiupfvipvoshftpieasgwapago/Build/Products/Debug-iphonesimulator/PackageFrameworks -F/Users/sergiorodriguez/Library/Developer/Xcode/DerivedData/Embrace_Ecommerce-bluiupfvipvoshftpieasgwapago/Build/Products/Debug-iphonesimulator/PackageFrameworks -F/Users/sergiorodriguez/Library/Developer/Xcode/DerivedData/Embrace_Ecommerce-bluiupfvipvoshftpieasgwapago/Build/Products/Debug-iphonesimulator/PackageFrameworks -F/Users/sergiorodriguez/Library/Developer/Xcode/DerivedData/Embrace_Ecommerce-bluiupfvipvoshftpieasgwapago/Build/Products/Debug-iphonesimulator/PackageFrameworks -F/Users/sergiorodriguez/Library/Developer/Xcode/DerivedData/Embrace_Ecommerce-bluiupfvipvoshftpieasgwapago/Build/Products/Debug-iphonesimulator/PackageFrameworks -F/Users/sergiorodriguez/Library/Developer/Xcode/DerivedData/Embrace_Ecommerce-bluiupfvipvoshftpieasgwapago/Build/Products/Debug-iphonesimulator/PackageFrameworks -F/Users/sergiorodriguez/Library/Developer/Xcode/DerivedData/Embrace_Ecommerce-bluiupfvipvoshftpieasgwapago/Build/Products/Debug-iphonesimulator/PackageFrameworks -F/Users/sergiorodriguez/Library/Developer/Xcode/DerivedData/Embrace_Ecommerce-bluiupfvipvoshftpieasgwapago/Build/Products/Debug-iphonesimulator/PackageFrameworks -F/Users/sergiorodriguez/Library/Developer/Xcode/DerivedData/Embrace_Ecommerce-bluiupfvipvoshftpieasgwapago/Build/Products/Debug-iphonesimulator/PackageFrameworks -F/Users/sergiorodriguez/Library/Developer/Xcode/DerivedData/Embrace_Ecommerce-bluiupfvipvoshftpieasgwapago/Build/Products/Debug-iphonesimulator/PackageFrameworks -F/Users/sergiorodriguez/Library/Developer/Xcode/DerivedData/Embrace_Ecommerce-bluiupfvipvoshftpieasgwapago/Build/Products/Debug-iphonesimulator/PackageFrameworks -F/Users/sergiorodriguez/Library/Developer/Xcode/DerivedData/Embrace_Ecommerce-bluiupfvipvoshftpieasgwapago/Build/Products/Debug-iphonesimulator/PackageFrameworks -F/Users/sergiorodriguez/Library/Developer/Xcode/DerivedData/Embrace_Ecommerce-bluiupfvipvoshftpieasgwapago/Build/Products/Debug-iphonesimulator -iframework /Applications/Xcode.app/Contents/Developer/Platforms/iPhoneSimulator.platform/Developer/Library/Frameworks -iframework /Applications/Xcode.app/Contents/Developer/Platforms/iPhoneSimulator.platform/Developer/SDKs/iPhoneSimulator18.5.sdk/Developer/Library/Frameworks -filelist /Users/sergiorodriguez/Library/Developer/Xcode/DerivedData/Embrace_Ecommerce-bluiupfvipvoshftpieasgwapago/Build/Intermediates.noindex/EmbraceIO.build/Debug-iphonesimulator/EmbraceIO.build/Objects-normal/x86_64/EmbraceIO.LinkFileList -nostdlib -Xlinker -object_path_lto -Xlinker /Users/sergiorodriguez/Library/Developer/Xcode/DerivedData/Embrace_Ecommerce-bluiupfvipvoshftpieasgwapago/Build/Intermediates.noindex/EmbraceIO.build/Debug-iphonesimulator/EmbraceIO.build/Objects-normal/x86_64/EmbraceIO_lto.o -rdynamic -Xlinker -no_deduplicate -Xlinker -objc_abi_version -Xlinker 2 -Xlinker -dependency_info -Xlinker /Users/sergiorodriguez/Library/Developer/Xcode/DerivedData/Embrace_Ecommerce-bluiupfvipvoshftpieasgwapago/Build/Intermediates.noindex/EmbraceIO.build/Debug-iphonesimulator/EmbraceIO.build/Objects-normal/x86_64/EmbraceIO_dependency_info.dat -fobjc-link-runtime -L/Applications/Xcode.app/Contents/Developer/Toolchains/XcodeDefault.xctoolchain/usr/lib/swift/iphonesimulator -L/usr/lib/swift -Xlinker -add_ast_path -Xlinker /Users/sergiorodriguez/Library/Developer/Xcode/DerivedData/Embrace_Ecommerce-bluiupfvipvoshftpieasgwapago/Build/Intermediates.noindex/EmbraceIO.build/Debug-iphonesimulator/EmbraceIO.build/Objects-normal/x86_64/EmbraceIO.swiftmodule -o /Users/sergiorodriguez/Library/Developer/Xcode/DerivedData/Embrace_Ecommerce-bluiupfvipvoshftpieasgwapago/Build/Intermediates.noindex/EmbraceIO.build/Debug-iphonesimulator/EmbraceIO.build/Objects-normal/x86_64/Binary/EmbraceIO.o

Ld /Users/sergiorodriguez/Library/Developer/Xcode/DerivedData/Embrace_Ecommerce-bluiupfvipvoshftpieasgwapago/Build/Intermediates.noindex/EmbraceIO.build/Debug-iphonesimulator/EmbraceMacros.build/Objects-normal/x86_64/Binary/EmbraceMacros.o normal x86_64 (in target 'EmbraceMacros' from project 'EmbraceIO')
    cd /Users/sergiorodriguez/Library/Developer/Xcode/DerivedData/Embrace_Ecommerce-bluiupfvipvoshftpieasgwapago/SourcePackages/checkouts/embrace-apple-sdk
    /Applications/Xcode.app/Contents/Developer/Toolchains/XcodeDefault.xctoolchain/usr/bin/clang -Xlinker -reproducible -target x86_64-apple-ios13.0-simulator -r -isysroot /Applications/Xcode.app/Contents/Developer/Platforms/iPhoneSimulator.platform/Developer/SDKs/iPhoneSimulator18.5.sdk -O0 -w -L/Users/sergiorodriguez/Library/Developer/Xcode/DerivedData/Embrace_Ecommerce-bluiupfvipvoshftpieasgwapago/Build/Intermediates.noindex/EagerLinkingTBDs/Debug-iphonesimulator -L/Users/sergiorodriguez/Library/Developer/Xcode/DerivedData/Embrace_Ecommerce-bluiupfvipvoshftpieasgwapago/Build/Products/Debug-iphonesimulator -L/Applications/Xcode.app/Contents/Developer/Platforms/iPhoneSimulator.platform/Developer/usr/lib -F/Users/sergiorodriguez/Library/Developer/Xcode/DerivedData/Embrace_Ecommerce-bluiupfvipvoshftpieasgwapago/Build/Intermediates.noindex/EagerLinkingTBDs/Debug-iphonesimulator -F/Users/sergiorodriguez/Library/Developer/Xcode/DerivedData/Embrace_Ecommerce-bluiupfvipvoshftpieasgwapago/Build/Products/Debug-iphonesimulator/PackageFrameworks -F/Users/sergiorodriguez/Library/Developer/Xcode/DerivedData/Embrace_Ecommerce-bluiupfvipvoshftpieasgwapago/Build/Products/Debug-iphonesimulator/PackageFrameworks -F/Users/sergiorodriguez/Library/Developer/Xcode/DerivedData/Embrace_Ecommerce-bluiupfvipvoshftpieasgwapago/Build/Products/Debug-iphonesimulator/PackageFrameworks -F/Users/sergiorodriguez/Library/Developer/Xcode/DerivedData/Embrace_Ecommerce-bluiupfvipvoshftpieasgwapago/Build/Products/Debug-iphonesimulator/PackageFrameworks -F/Users/sergiorodriguez/Library/Developer/Xcode/DerivedData/Embrace_Ecommerce-bluiupfvipvoshftpieasgwapago/Build/Products/Debug-iphonesimulator/PackageFrameworks -F/Users/sergiorodriguez/Library/Developer/Xcode/DerivedData/Embrace_Ecommerce-bluiupfvipvoshftpieasgwapago/Build/Products/Debug-iphonesimulator/PackageFrameworks -F/Users/sergiorodriguez/Library/Developer/Xcode/DerivedData/Embrace_Ecommerce-bluiupfvipvoshftpieasgwapago/Build/Products/Debug-iphonesimulator/PackageFrameworks -F/Users/sergiorodriguez/Library/Developer/Xcode/DerivedData/Embrace_Ecommerce-bluiupfvipvoshftpieasgwapago/Build/Products/Debug-iphonesimulator/PackageFrameworks -F/Users/sergiorodriguez/Library/Developer/Xcode/DerivedData/Embrace_Ecommerce-bluiupfvipvoshftpieasgwapago/Build/Products/Debug-iphonesimulator/PackageFrameworks -F/Users/sergiorodriguez/Library/Developer/Xcode/DerivedData/Embrace_Ecommerce-bluiupfvipvoshftpieasgwapago/Build/Products/Debug-iphonesimulator/PackageFrameworks -F/Users/sergiorodriguez/Library/Developer/Xcode/DerivedData/Embrace_Ecommerce-bluiupfvipvoshftpieasgwapago/Build/Products/Debug-iphonesimulator/PackageFrameworks -F/Users/sergiorodriguez/Library/Developer/Xcode/DerivedData/Embrace_Ecommerce-bluiupfvipvoshftpieasgwapago/Build/Products/Debug-iphonesimulator/PackageFrameworks -F/Users/sergiorodriguez/Library/Developer/Xcode/DerivedData/Embrace_Ecommerce-bluiupfvipvoshftpieasgwapago/Build/Products/Debug-iphonesimulator/PackageFrameworks -F/Users/sergiorodriguez/Library/Developer/Xcode/DerivedData/Embrace_Ecommerce-bluiupfvipvoshftpieasgwapago/Build/Products/Debug-iphonesimulator -iframework /Applications/Xcode.app/Contents/Developer/Platforms/iPhoneSimulator.platform/Developer/Library/Frameworks -iframework /Applications/Xcode.app/Contents/Developer/Platforms/iPhoneSimulator.platform/Developer/SDKs/iPhoneSimulator18.5.sdk/Developer/Library/Frameworks -filelist /Users/sergiorodriguez/Library/Developer/Xcode/DerivedData/Embrace_Ecommerce-bluiupfvipvoshftpieasgwapago/Build/Intermediates.noindex/EmbraceIO.build/Debug-iphonesimulator/EmbraceMacros.build/Objects-normal/x86_64/EmbraceMacros.LinkFileList -nostdlib -Xlinker -object_path_lto -Xlinker /Users/sergiorodriguez/Library/Developer/Xcode/DerivedData/Embrace_Ecommerce-bluiupfvipvoshftpieasgwapago/Build/Intermediates.noindex/EmbraceIO.build/Debug-iphonesimulator/EmbraceMacros.build/Objects-normal/x86_64/EmbraceMacros_lto.o -rdynamic -Xlinker -no_deduplicate -Xlinker -objc_abi_version -Xlinker 2 -Xlinker -dependency_info -Xlinker /Users/sergiorodriguez/Library/Developer/Xcode/DerivedData/Embrace_Ecommerce-bluiupfvipvoshftpieasgwapago/Build/Intermediates.noindex/EmbraceIO.build/Debug-iphonesimulator/EmbraceMacros.build/Objects-normal/x86_64/EmbraceMacros_dependency_info.dat -fobjc-link-runtime -L/Applications/Xcode.app/Contents/Developer/Toolchains/XcodeDefault.xctoolchain/usr/lib/swift/iphonesimulator -L/usr/lib/swift -Xlinker -add_ast_path -Xlinker /Users/sergiorodriguez/Library/Developer/Xcode/DerivedData/Embrace_Ecommerce-bluiupfvipvoshftpieasgwapago/Build/Intermediates.noindex/EmbraceIO.build/Debug-iphonesimulator/EmbraceMacros.build/Objects-normal/x86_64/EmbraceMacros.swiftmodule -o /Users/sergiorodriguez/Library/Developer/Xcode/DerivedData/Embrace_Ecommerce-bluiupfvipvoshftpieasgwapago/Build/Intermediates.noindex/EmbraceIO.build/Debug-iphonesimulator/EmbraceMacros.build/Objects-normal/x86_64/Binary/EmbraceMacros.o

Ld /Users/sergiorodriguez/Library/Developer/Xcode/DerivedData/Embrace_Ecommerce-bluiupfvipvoshftpieasgwapago/Build/Intermediates.noindex/EmbraceIO.build/Debug-iphonesimulator/EmbraceMacros.build/Objects-normal/arm64/Binary/EmbraceMacros.o normal arm64 (in target 'EmbraceMacros' from project 'EmbraceIO')
    cd /Users/sergiorodriguez/Library/Developer/Xcode/DerivedData/Embrace_Ecommerce-bluiupfvipvoshftpieasgwapago/SourcePackages/checkouts/embrace-apple-sdk
    /Applications/Xcode.app/Contents/Developer/Toolchains/XcodeDefault.xctoolchain/usr/bin/clang -Xlinker -reproducible -target arm64-apple-ios13.0-simulator -r -isysroot /Applications/Xcode.app/Contents/Developer/Platforms/iPhoneSimulator.platform/Developer/SDKs/iPhoneSimulator18.5.sdk -O0 -w -L/Users/sergiorodriguez/Library/Developer/Xcode/DerivedData/Embrace_Ecommerce-bluiupfvipvoshftpieasgwapago/Build/Intermediates.noindex/EagerLinkingTBDs/Debug-iphonesimulator -L/Users/sergiorodriguez/Library/Developer/Xcode/DerivedData/Embrace_Ecommerce-bluiupfvipvoshftpieasgwapago/Build/Products/Debug-iphonesimulator -L/Applications/Xcode.app/Contents/Developer/Platforms/iPhoneSimulator.platform/Developer/usr/lib -F/Users/sergiorodriguez/Library/Developer/Xcode/DerivedData/Embrace_Ecommerce-bluiupfvipvoshftpieasgwapago/Build/Intermediates.noindex/EagerLinkingTBDs/Debug-iphonesimulator -F/Users/sergiorodriguez/Library/Developer/Xcode/DerivedData/Embrace_Ecommerce-bluiupfvipvoshftpieasgwapago/Build/Products/Debug-iphonesimulator/PackageFrameworks -F/Users/sergiorodriguez/Library/Developer/Xcode/DerivedData/Embrace_Ecommerce-bluiupfvipvoshftpieasgwapago/Build/Products/Debug-iphonesimulator/PackageFrameworks -F/Users/sergiorodriguez/Library/Developer/Xcode/DerivedData/Embrace_Ecommerce-bluiupfvipvoshftpieasgwapago/Build/Products/Debug-iphonesimulator/PackageFrameworks -F/Users/sergiorodriguez/Library/Developer/Xcode/DerivedData/Embrace_Ecommerce-bluiupfvipvoshftpieasgwapago/Build/Products/Debug-iphonesimulator/PackageFrameworks -F/Users/sergiorodriguez/Library/Developer/Xcode/DerivedData/Embrace_Ecommerce-bluiupfvipvoshftpieasgwapago/Build/Products/Debug-iphonesimulator/PackageFrameworks -F/Users/sergiorodriguez/Library/Developer/Xcode/DerivedData/Embrace_Ecommerce-bluiupfvipvoshftpieasgwapago/Build/Products/Debug-iphonesimulator/PackageFrameworks -F/Users/sergiorodriguez/Library/Developer/Xcode/DerivedData/Embrace_Ecommerce-bluiupfvipvoshftpieasgwapago/Build/Products/Debug-iphonesimulator/PackageFrameworks -F/Users/sergiorodriguez/Library/Developer/Xcode/DerivedData/Embrace_Ecommerce-bluiupfvipvoshftpieasgwapago/Build/Products/Debug-iphonesimulator/PackageFrameworks -F/Users/sergiorodriguez/Library/Developer/Xcode/DerivedData/Embrace_Ecommerce-bluiupfvipvoshftpieasgwapago/Build/Products/Debug-iphonesimulator/PackageFrameworks -F/Users/sergiorodriguez/Library/Developer/Xcode/DerivedData/Embrace_Ecommerce-bluiupfvipvoshftpieasgwapago/Build/Products/Debug-iphonesimulator/PackageFrameworks -F/Users/sergiorodriguez/Library/Developer/Xcode/DerivedData/Embrace_Ecommerce-bluiupfvipvoshftpieasgwapago/Build/Products/Debug-iphonesimulator/PackageFrameworks -F/Users/sergiorodriguez/Library/Developer/Xcode/DerivedData/Embrace_Ecommerce-bluiupfvipvoshftpieasgwapago/Build/Products/Debug-iphonesimulator/PackageFrameworks -F/Users/sergiorodriguez/Library/Developer/Xcode/DerivedData/Embrace_Ecommerce-bluiupfvipvoshftpieasgwapago/Build/Products/Debug-iphonesimulator/PackageFrameworks -F/Users/sergiorodriguez/Library/Developer/Xcode/DerivedData/Embrace_Ecommerce-bluiupfvipvoshftpieasgwapago/Build/Products/Debug-iphonesimulator -iframework /Applications/Xcode.app/Contents/Developer/Platforms/iPhoneSimulator.platform/Developer/Library/Frameworks -iframework /Applications/Xcode.app/Contents/Developer/Platforms/iPhoneSimulator.platform/Developer/SDKs/iPhoneSimulator18.5.sdk/Developer/Library/Frameworks -filelist /Users/sergiorodriguez/Library/Developer/Xcode/DerivedData/Embrace_Ecommerce-bluiupfvipvoshftpieasgwapago/Build/Intermediates.noindex/EmbraceIO.build/Debug-iphonesimulator/EmbraceMacros.build/Objects-normal/arm64/EmbraceMacros.LinkFileList -nostdlib -Xlinker -object_path_lto -Xlinker /Users/sergiorodriguez/Library/Developer/Xcode/DerivedData/Embrace_Ecommerce-bluiupfvipvoshftpieasgwapago/Build/Intermediates.noindex/EmbraceIO.build/Debug-iphonesimulator/EmbraceMacros.build/Objects-normal/arm64/EmbraceMacros_lto.o -rdynamic -Xlinker -no_deduplicate -Xlinker -objc_abi_version -Xlinker 2 -Xlinker -dependency_info -Xlinker /Users/sergiorodriguez/Library/Developer/Xcode/DerivedData/Embrace_Ecommerce-bluiupfvipvoshftpieasgwapago/Build/Intermediates.noindex/EmbraceIO.build/Debug-iphonesimulator/EmbraceMacros.build/Objects-normal/arm64/EmbraceMacros_dependency_info.dat -fobjc-link-runtime -L/Applications/Xcode.app/Contents/Developer/Toolchains/XcodeDefault.xctoolchain/usr/lib/swift/iphonesimulator -L/usr/lib/swift -Xlinker -add_ast_path -Xlinker /Users/sergiorodriguez/Library/Developer/Xcode/DerivedData/Embrace_Ecommerce-bluiupfvipvoshftpieasgwapago/Build/Intermediates.noindex/EmbraceIO.build/Debug-iphonesimulator/EmbraceMacros.build/Objects-normal/arm64/EmbraceMacros.swiftmodule -o /Users/sergiorodriguez/Library/Developer/Xcode/DerivedData/Embrace_Ecommerce-bluiupfvipvoshftpieasgwapago/Build/Intermediates.noindex/EmbraceIO.build/Debug-iphonesimulator/EmbraceMacros.build/Objects-normal/arm64/Binary/EmbraceMacros.o

Ld /Users/sergiorodriguez/Library/Developer/Xcode/DerivedData/Embrace_Ecommerce-bluiupfvipvoshftpieasgwapago/Build/Intermediates.noindex/EmbraceIO.build/Debug-iphonesimulator/EmbraceIO.build/Objects-normal/arm64/Binary/EmbraceIO.o normal arm64 (in target 'EmbraceIO' from project 'EmbraceIO')
    cd /Users/sergiorodriguez/Library/Developer/Xcode/DerivedData/Embrace_Ecommerce-bluiupfvipvoshftpieasgwapago/SourcePackages/checkouts/embrace-apple-sdk
    /Applications/Xcode.app/Contents/Developer/Toolchains/XcodeDefault.xctoolchain/usr/bin/clang -Xlinker -reproducible -target arm64-apple-ios13.0-simulator -r -isysroot /Applications/Xcode.app/Contents/Developer/Platforms/iPhoneSimulator.platform/Developer/SDKs/iPhoneSimulator18.5.sdk -O0 -w -L/Users/sergiorodriguez/Library/Developer/Xcode/DerivedData/Embrace_Ecommerce-bluiupfvipvoshftpieasgwapago/Build/Intermediates.noindex/EagerLinkingTBDs/Debug-iphonesimulator -L/Users/sergiorodriguez/Library/Developer/Xcode/DerivedData/Embrace_Ecommerce-bluiupfvipvoshftpieasgwapago/Build/Products/Debug-iphonesimulator -L/Applications/Xcode.app/Contents/Developer/Platforms/iPhoneSimulator.platform/Developer/usr/lib -F/Users/sergiorodriguez/Library/Developer/Xcode/DerivedData/Embrace_Ecommerce-bluiupfvipvoshftpieasgwapago/Build/Intermediates.noindex/EagerLinkingTBDs/Debug-iphonesimulator -F/Users/sergiorodriguez/Library/Developer/Xcode/DerivedData/Embrace_Ecommerce-bluiupfvipvoshftpieasgwapago/Build/Products/Debug-iphonesimulator/PackageFrameworks -F/Users/sergiorodriguez/Library/Developer/Xcode/DerivedData/Embrace_Ecommerce-bluiupfvipvoshftpieasgwapago/Build/Products/Debug-iphonesimulator/PackageFrameworks -F/Users/sergiorodriguez/Library/Developer/Xcode/DerivedData/Embrace_Ecommerce-bluiupfvipvoshftpieasgwapago/Build/Products/Debug-iphonesimulator/PackageFrameworks -F/Users/sergiorodriguez/Library/Developer/Xcode/DerivedData/Embrace_Ecommerce-bluiupfvipvoshftpieasgwapago/Build/Products/Debug-iphonesimulator/PackageFrameworks -F/Users/sergiorodriguez/Library/Developer/Xcode/DerivedData/Embrace_Ecommerce-bluiupfvipvoshftpieasgwapago/Build/Products/Debug-iphonesimulator/PackageFrameworks -F/Users/sergiorodriguez/Library/Developer/Xcode/DerivedData/Embrace_Ecommerce-bluiupfvipvoshftpieasgwapago/Build/Products/Debug-iphonesimulator/PackageFrameworks -F/Users/sergiorodriguez/Library/Developer/Xcode/DerivedData/Embrace_Ecommerce-bluiupfvipvoshftpieasgwapago/Build/Products/Debug-iphonesimulator/PackageFrameworks -F/Users/sergiorodriguez/Library/Developer/Xcode/DerivedData/Embrace_Ecommerce-bluiupfvipvoshftpieasgwapago/Build/Products/Debug-iphonesimulator/PackageFrameworks -F/Users/sergiorodriguez/Library/Developer/Xcode/DerivedData/Embrace_Ecommerce-bluiupfvipvoshftpieasgwapago/Build/Products/Debug-iphonesimulator/PackageFrameworks -F/Users/sergiorodriguez/Library/Developer/Xcode/DerivedData/Embrace_Ecommerce-bluiupfvipvoshftpieasgwapago/Build/Products/Debug-iphonesimulator/PackageFrameworks -F/Users/sergiorodriguez/Library/Developer/Xcode/DerivedData/Embrace_Ecommerce-bluiupfvipvoshftpieasgwapago/Build/Products/Debug-iphonesimulator/PackageFrameworks -F/Users/sergiorodriguez/Library/Developer/Xcode/DerivedData/Embrace_Ecommerce-bluiupfvipvoshftpieasgwapago/Build/Products/Debug-iphonesimulator/PackageFrameworks -F/Users/sergiorodriguez/Library/Developer/Xcode/DerivedData/Embrace_Ecommerce-bluiupfvipvoshftpieasgwapago/Build/Products/Debug-iphonesimulator/PackageFrameworks -F/Users/sergiorodriguez/Library/Developer/Xcode/DerivedData/Embrace_Ecommerce-bluiupfvipvoshftpieasgwapago/Build/Products/Debug-iphonesimulator/PackageFrameworks -F/Users/sergiorodriguez/Library/Developer/Xcode/DerivedData/Embrace_Ecommerce-bluiupfvipvoshftpieasgwapago/Build/Products/Debug-iphonesimulator/PackageFrameworks -F/Users/sergiorodriguez/Library/Developer/Xcode/DerivedData/Embrace_Ecommerce-bluiupfvipvoshftpieasgwapago/Build/Products/Debug-iphonesimulator/PackageFrameworks -F/Users/sergiorodriguez/Library/Developer/Xcode/DerivedData/Embrace_Ecommerce-bluiupfvipvoshftpieasgwapago/Build/Products/Debug-iphonesimulator/PackageFrameworks -F/Users/sergiorodriguez/Library/Developer/Xcode/DerivedData/Embrace_Ecommerce-bluiupfvipvoshftpieasgwapago/Build/Products/Debug-iphonesimulator -iframework /Applications/Xcode.app/Contents/Developer/Platforms/iPhoneSimulator.platform/Developer/Library/Frameworks -iframework /Applications/Xcode.app/Contents/Developer/Platforms/iPhoneSimulator.platform/Developer/SDKs/iPhoneSimulator18.5.sdk/Developer/Library/Frameworks -filelist /Users/sergiorodriguez/Library/Developer/Xcode/DerivedData/Embrace_Ecommerce-bluiupfvipvoshftpieasgwapago/Build/Intermediates.noindex/EmbraceIO.build/Debug-iphonesimulator/EmbraceIO.build/Objects-normal/arm64/EmbraceIO.LinkFileList -nostdlib -Xlinker -object_path_lto -Xlinker /Users/sergiorodriguez/Library/Developer/Xcode/DerivedData/Embrace_Ecommerce-bluiupfvipvoshftpieasgwapago/Build/Intermediates.noindex/EmbraceIO.build/Debug-iphonesimulator/EmbraceIO.build/Objects-normal/arm64/EmbraceIO_lto.o -rdynamic -Xlinker -no_deduplicate -Xlinker -objc_abi_version -Xlinker 2 -Xlinker -dependency_info -Xlinker /Users/sergiorodriguez/Library/Developer/Xcode/DerivedData/Embrace_Ecommerce-bluiupfvipvoshftpieasgwapago/Build/Intermediates.noindex/EmbraceIO.build/Debug-iphonesimulator/EmbraceIO.build/Objects-normal/arm64/EmbraceIO_dependency_info.dat -fobjc-link-runtime -L/Applications/Xcode.app/Contents/Developer/Toolchains/XcodeDefault.xctoolchain/usr/lib/swift/iphonesimulator -L/usr/lib/swift -Xlinker -add_ast_path -Xlinker /Users/sergiorodriguez/Library/Developer/Xcode/DerivedData/Embrace_Ecommerce-bluiupfvipvoshftpieasgwapago/Build/Intermediates.noindex/EmbraceIO.build/Debug-iphonesimulator/EmbraceIO.build/Objects-normal/arm64/EmbraceIO.swiftmodule -o /Users/sergiorodriguez/Library/Developer/Xcode/DerivedData/Embrace_Ecommerce-bluiupfvipvoshftpieasgwapago/Build/Intermediates.noindex/EmbraceIO.build/Debug-iphonesimulator/EmbraceIO.build/Objects-normal/arm64/Binary/EmbraceIO.o

CreateUniversalBinary /Users/sergiorodriguez/Library/Developer/Xcode/DerivedData/Embrace_Ecommerce-bluiupfvipvoshftpieasgwapago/Build/Products/Debug-iphonesimulator/EmbraceIO.o normal arm64\ x86_64 (in target 'EmbraceIO' from project 'EmbraceIO')
    cd /Users/sergiorodriguez/Library/Developer/Xcode/DerivedData/Embrace_Ecommerce-bluiupfvipvoshftpieasgwapago/SourcePackages/checkouts/embrace-apple-sdk
    /Applications/Xcode.app/Contents/Developer/Toolchains/XcodeDefault.xctoolchain/usr/bin/lipo -create /Users/sergiorodriguez/Library/Developer/Xcode/DerivedData/Embrace_Ecommerce-bluiupfvipvoshftpieasgwapago/Build/Intermediates.noindex/EmbraceIO.build/Debug-iphonesimulator/EmbraceIO.build/Objects-normal/arm64/Binary/EmbraceIO.o /Users/sergiorodriguez/Library/Developer/Xcode/DerivedData/Embrace_Ecommerce-bluiupfvipvoshftpieasgwapago/Build/Intermediates.noindex/EmbraceIO.build/Debug-iphonesimulator/EmbraceIO.build/Objects-normal/x86_64/Binary/EmbraceIO.o -output /Users/sergiorodriguez/Library/Developer/Xcode/DerivedData/Embrace_Ecommerce-bluiupfvipvoshftpieasgwapago/Build/Products/Debug-iphonesimulator/EmbraceIO.o

CreateUniversalBinary /Users/sergiorodriguez/Library/Developer/Xcode/DerivedData/Embrace_Ecommerce-bluiupfvipvoshftpieasgwapago/Build/Products/Debug-iphonesimulator/EmbraceMacros.o normal arm64\ x86_64 (in target 'EmbraceMacros' from project 'EmbraceIO')
    cd /Users/sergiorodriguez/Library/Developer/Xcode/DerivedData/Embrace_Ecommerce-bluiupfvipvoshftpieasgwapago/SourcePackages/checkouts/embrace-apple-sdk
    /Applications/Xcode.app/Contents/Developer/Toolchains/XcodeDefault.xctoolchain/usr/bin/lipo -create /Users/sergiorodriguez/Library/Developer/Xcode/DerivedData/Embrace_Ecommerce-bluiupfvipvoshftpieasgwapago/Build/Intermediates.noindex/EmbraceIO.build/Debug-iphonesimulator/EmbraceMacros.build/Objects-normal/arm64/Binary/EmbraceMacros.o /Users/sergiorodriguez/Library/Developer/Xcode/DerivedData/Embrace_Ecommerce-bluiupfvipvoshftpieasgwapago/Build/Intermediates.noindex/EmbraceIO.build/Debug-iphonesimulator/EmbraceMacros.build/Objects-normal/x86_64/Binary/EmbraceMacros.o -output /Users/sergiorodriguez/Library/Developer/Xcode/DerivedData/Embrace_Ecommerce-bluiupfvipvoshftpieasgwapago/Build/Products/Debug-iphonesimulator/EmbraceMacros.o

ExtractAppIntentsMetadata (in target 'EmbraceMacros' from project 'EmbraceIO')
    cd /Users/sergiorodriguez/Library/Developer/Xcode/DerivedData/Embrace_Ecommerce-bluiupfvipvoshftpieasgwapago/SourcePackages/checkouts/embrace-apple-sdk
    /Applications/Xcode.app/Contents/Developer/Toolchains/XcodeDefault.xctoolchain/usr/bin/appintentsmetadataprocessor --toolchain-dir /Applications/Xcode.app/Contents/Developer/Toolchains/XcodeDefault.xctoolchain --module-name EmbraceMacros --sdk-root /Applications/Xcode.app/Contents/Developer/Platforms/iPhoneSimulator.platform/Developer/SDKs/iPhoneSimulator18.5.sdk --xcode-version 16F6 --platform-family iOS --deployment-target 13.0 --bundle-identifier embrace-apple-sdk.EmbraceMacros --output /Users/sergiorodriguez/Library/Developer/Xcode/DerivedData/Embrace_Ecommerce-bluiupfvipvoshftpieasgwapago/Build/Products/Debug-iphonesimulator/EmbraceMacros.appintents --target-triple arm64-apple-ios13.0-simulator --target-triple x86_64-apple-ios13.0-simulator --binary-file /Users/sergiorodriguez/Library/Developer/Xcode/DerivedData/Embrace_Ecommerce-bluiupfvipvoshftpieasgwapago/Build/Products/Debug-iphonesimulator/EmbraceMacros.o --dependency-file /Users/sergiorodriguez/Library/Developer/Xcode/DerivedData/Embrace_Ecommerce-bluiupfvipvoshftpieasgwapago/Build/Intermediates.noindex/EmbraceIO.build/Debug-iphonesimulator/EmbraceMacros.build/Objects-normal/arm64/EmbraceMacros_dependency_info.dat --dependency-file /Users/sergiorodriguez/Library/Developer/Xcode/DerivedData/Embrace_Ecommerce-bluiupfvipvoshftpieasgwapago/Build/Intermediates.noindex/EmbraceIO.build/Debug-iphonesimulator/EmbraceMacros.build/Objects-normal/x86_64/EmbraceMacros_dependency_info.dat --stringsdata-file /Users/sergiorodriguez/Library/Developer/Xcode/DerivedData/Embrace_Ecommerce-bluiupfvipvoshftpieasgwapago/Build/Intermediates.noindex/EmbraceIO.build/Debug-iphonesimulator/EmbraceMacros.build/Objects-normal/arm64/ExtractedAppShortcutsMetadata.stringsdata --stringsdata-file /Users/sergiorodriguez/Library/Developer/Xcode/DerivedData/Embrace_Ecommerce-bluiupfvipvoshftpieasgwapago/Build/Intermediates.noindex/EmbraceIO.build/Debug-iphonesimulator/EmbraceMacros.build/Objects-normal/x86_64/ExtractedAppShortcutsMetadata.stringsdata --source-file-list /Users/sergiorodriguez/Library/Developer/Xcode/DerivedData/Embrace_Ecommerce-bluiupfvipvoshftpieasgwapago/Build/Intermediates.noindex/EmbraceIO.build/Debug-iphonesimulator/EmbraceMacros.build/Objects-normal/arm64/EmbraceMacros.SwiftFileList --source-file-list /Users/sergiorodriguez/Library/Developer/Xcode/DerivedData/Embrace_Ecommerce-bluiupfvipvoshftpieasgwapago/Build/Intermediates.noindex/EmbraceIO.build/Debug-iphonesimulator/EmbraceMacros.build/Objects-normal/x86_64/EmbraceMacros.SwiftFileList --metadata-file-list /Users/sergiorodriguez/Library/Developer/Xcode/DerivedData/Embrace_Ecommerce-bluiupfvipvoshftpieasgwapago/Build/Intermediates.noindex/EmbraceIO.build/Debug-iphonesimulator/EmbraceMacros.build/EmbraceMacros.DependencyMetadataFileList --static-metadata-file-list /Users/sergiorodriguez/Library/Developer/Xcode/DerivedData/Embrace_Ecommerce-bluiupfvipvoshftpieasgwapago/Build/Intermediates.noindex/EmbraceIO.build/Debug-iphonesimulator/EmbraceMacros.build/EmbraceMacros.DependencyStaticMetadataFileList --swift-const-vals-list /Users/sergiorodriguez/Library/Developer/Xcode/DerivedData/Embrace_Ecommerce-bluiupfvipvoshftpieasgwapago/Build/Intermediates.noindex/EmbraceIO.build/Debug-iphonesimulator/EmbraceMacros.build/Objects-normal/arm64/EmbraceMacros.SwiftConstValuesFileList --swift-const-vals-list /Users/sergiorodriguez/Library/Developer/Xcode/DerivedData/Embrace_Ecommerce-bluiupfvipvoshftpieasgwapago/Build/Intermediates.noindex/EmbraceIO.build/Debug-iphonesimulator/EmbraceMacros.build/Objects-normal/x86_64/EmbraceMacros.SwiftConstValuesFileList --force --compile-time-extraction --deployment-aware-processing --validate-assistant-intents --no-app-shortcuts-localization
2025-08-07 14:26:57.430 appintentsmetadataprocessor[1217:42730741] Starting appintentsmetadataprocessor export
2025-08-07 14:26:57.461 appintentsmetadataprocessor[1217:42730741] Extracted no relevant App Intents symbols, skipping writing output

ExtractAppIntentsMetadata (in target 'EmbraceIO' from project 'EmbraceIO')
    cd /Users/sergiorodriguez/Library/Developer/Xcode/DerivedData/Embrace_Ecommerce-bluiupfvipvoshftpieasgwapago/SourcePackages/checkouts/embrace-apple-sdk
    /Applications/Xcode.app/Contents/Developer/Toolchains/XcodeDefault.xctoolchain/usr/bin/appintentsmetadataprocessor --toolchain-dir /Applications/Xcode.app/Contents/Developer/Toolchains/XcodeDefault.xctoolchain --module-name EmbraceIO --sdk-root /Applications/Xcode.app/Contents/Developer/Platforms/iPhoneSimulator.platform/Developer/SDKs/iPhoneSimulator18.5.sdk --xcode-version 16F6 --platform-family iOS --deployment-target 13.0 --bundle-identifier embrace-apple-sdk.EmbraceIO --output /Users/sergiorodriguez/Library/Developer/Xcode/DerivedData/Embrace_Ecommerce-bluiupfvipvoshftpieasgwapago/Build/Products/Debug-iphonesimulator/EmbraceIO.appintents --target-triple arm64-apple-ios13.0-simulator --target-triple x86_64-apple-ios13.0-simulator --binary-file /Users/sergiorodriguez/Library/Developer/Xcode/DerivedData/Embrace_Ecommerce-bluiupfvipvoshftpieasgwapago/Build/Products/Debug-iphonesimulator/EmbraceIO.o --dependency-file /Users/sergiorodriguez/Library/Developer/Xcode/DerivedData/Embrace_Ecommerce-bluiupfvipvoshftpieasgwapago/Build/Intermediates.noindex/EmbraceIO.build/Debug-iphonesimulator/EmbraceIO.build/Objects-normal/arm64/EmbraceIO_dependency_info.dat --dependency-file /Users/sergiorodriguez/Library/Developer/Xcode/DerivedData/Embrace_Ecommerce-bluiupfvipvoshftpieasgwapago/Build/Intermediates.noindex/EmbraceIO.build/Debug-iphonesimulator/EmbraceIO.build/Objects-normal/x86_64/EmbraceIO_dependency_info.dat --stringsdata-file /Users/sergiorodriguez/Library/Developer/Xcode/DerivedData/Embrace_Ecommerce-bluiupfvipvoshftpieasgwapago/Build/Intermediates.noindex/EmbraceIO.build/Debug-iphonesimulator/EmbraceIO.build/Objects-normal/arm64/ExtractedAppShortcutsMetadata.stringsdata --stringsdata-file /Users/sergiorodriguez/Library/Developer/Xcode/DerivedData/Embrace_Ecommerce-bluiupfvipvoshftpieasgwapago/Build/Intermediates.noindex/EmbraceIO.build/Debug-iphonesimulator/EmbraceIO.build/Objects-normal/x86_64/ExtractedAppShortcutsMetadata.stringsdata --source-file-list /Users/sergiorodriguez/Library/Developer/Xcode/DerivedData/Embrace_Ecommerce-bluiupfvipvoshftpieasgwapago/Build/Intermediates.noindex/EmbraceIO.build/Debug-iphonesimulator/EmbraceIO.build/Objects-normal/arm64/EmbraceIO.SwiftFileList --source-file-list /Users/sergiorodriguez/Library/Developer/Xcode/DerivedData/Embrace_Ecommerce-bluiupfvipvoshftpieasgwapago/Build/Intermediates.noindex/EmbraceIO.build/Debug-iphonesimulator/EmbraceIO.build/Objects-normal/x86_64/EmbraceIO.SwiftFileList --metadata-file-list /Users/sergiorodriguez/Library/Developer/Xcode/DerivedData/Embrace_Ecommerce-bluiupfvipvoshftpieasgwapago/Build/Intermediates.noindex/EmbraceIO.build/Debug-iphonesimulator/EmbraceIO.build/EmbraceIO.DependencyMetadataFileList --static-metadata-file-list /Users/sergiorodriguez/Library/Developer/Xcode/DerivedData/Embrace_Ecommerce-bluiupfvipvoshftpieasgwapago/Build/Intermediates.noindex/EmbraceIO.build/Debug-iphonesimulator/EmbraceIO.build/EmbraceIO.DependencyStaticMetadataFileList --swift-const-vals-list /Users/sergiorodriguez/Library/Developer/Xcode/DerivedData/Embrace_Ecommerce-bluiupfvipvoshftpieasgwapago/Build/Intermediates.noindex/EmbraceIO.build/Debug-iphonesimulator/EmbraceIO.build/Objects-normal/arm64/EmbraceIO.SwiftConstValuesFileList --swift-const-vals-list /Users/sergiorodriguez/Library/Developer/Xcode/DerivedData/Embrace_Ecommerce-bluiupfvipvoshftpieasgwapago/Build/Intermediates.noindex/EmbraceIO.build/Debug-iphonesimulator/EmbraceIO.build/Objects-normal/x86_64/EmbraceIO.SwiftConstValuesFileList --force --compile-time-extraction --deployment-aware-processing --validate-assistant-intents --no-app-shortcuts-localization
2025-08-07 14:26:57.439 appintentsmetadataprocessor[1218:42730742] Starting appintentsmetadataprocessor export
2025-08-07 14:26:57.469 appintentsmetadataprocessor[1218:42730742] Extracted no relevant App Intents symbols, skipping writing output

SwiftCompile normal x86_64 Compiling\ EmailAuthenticationView.swift,\ PaymentMethod.swift,\ PaymentSelectionView.swift,\ APIService.swift,\ NetworkReachability.swift,\ ProductDetailViewController.swift,\ EnhancedProductCard.swift,\ CheckoutView.swift /Users/sergiorodriguez/Documents/test\ apps/Embrace\ Ecommerce/Embrace\ Ecommerce/Views/EmailAuthenticationView.swift /Users/sergiorodriguez/Documents/test\ apps/Embrace\ Ecommerce/Embrace\ Ecommerce/Models/PaymentMethod.swift /Users/sergiorodriguez/Documents/test\ apps/Embrace\ Ecommerce/Embrace\ Ecommerce/Views/PaymentSelectionView.swift /Users/sergiorodriguez/Documents/test\ apps/Embrace\ Ecommerce/Embrace\ Ecommerce/Services/APIService.swift /Users/sergiorodriguez/Documents/test\ apps/Embrace\ Ecommerce/Embrace\ Ecommerce/Services/NetworkReachability.swift /Users/sergiorodriguez/Documents/test\ apps/Embrace\ Ecommerce/Embrace\ Ecommerce/UIKit/ProductDetailViewController.swift /Users/sergiorodriguez/Documents/test\ apps/Embrace\ Ecommerce/Embrace\ Ecommerce/Views/Components/EnhancedProductCard.swift /Users/sergiorodriguez/Documents/test\ apps/Embrace\ Ecommerce/Embrace\ Ecommerce/Views/CheckoutView.swift (in target 'Embrace Ecommerce' from project 'Embrace Ecommerce')
SwiftCompile normal x86_64 /Users/sergiorodriguez/Documents/test\ apps/Embrace\ Ecommerce/Embrace\ Ecommerce/Views/EmailAuthenticationView.swift (in target 'Embrace Ecommerce' from project 'Embrace Ecommerce')
    cd /Users/sergiorodriguez/Documents/test\ apps/Embrace\ Ecommerce
    

SwiftCompile normal x86_64 /Users/sergiorodriguez/Documents/test\ apps/Embrace\ Ecommerce/Embrace\ Ecommerce/Models/PaymentMethod.swift (in target 'Embrace Ecommerce' from project 'Embrace Ecommerce')
    cd /Users/sergiorodriguez/Documents/test\ apps/Embrace\ Ecommerce
    

SwiftCompile normal x86_64 /Users/sergiorodriguez/Documents/test\ apps/Embrace\ Ecommerce/Embrace\ Ecommerce/Views/PaymentSelectionView.swift (in target 'Embrace Ecommerce' from project 'Embrace Ecommerce')
    cd /Users/sergiorodriguez/Documents/test\ apps/Embrace\ Ecommerce
    

SwiftCompile normal x86_64 /Users/sergiorodriguez/Documents/test\ apps/Embrace\ Ecommerce/Embrace\ Ecommerce/Services/APIService.swift (in target 'Embrace Ecommerce' from project 'Embrace Ecommerce')
    cd /Users/sergiorodriguez/Documents/test\ apps/Embrace\ Ecommerce
    

SwiftCompile normal x86_64 /Users/sergiorodriguez/Documents/test\ apps/Embrace\ Ecommerce/Embrace\ Ecommerce/Services/NetworkReachability.swift (in target 'Embrace Ecommerce' from project 'Embrace Ecommerce')
    cd /Users/sergiorodriguez/Documents/test\ apps/Embrace\ Ecommerce
    

SwiftCompile normal x86_64 /Users/sergiorodriguez/Documents/test\ apps/Embrace\ Ecommerce/Embrace\ Ecommerce/UIKit/ProductDetailViewController.swift (in target 'Embrace Ecommerce' from project 'Embrace Ecommerce')
    cd /Users/sergiorodriguez/Documents/test\ apps/Embrace\ Ecommerce
    

SwiftCompile normal x86_64 /Users/sergiorodriguez/Documents/test\ apps/Embrace\ Ecommerce/Embrace\ Ecommerce/Views/Components/EnhancedProductCard.swift (in target 'Embrace Ecommerce' from project 'Embrace Ecommerce')
    cd /Users/sergiorodriguez/Documents/test\ apps/Embrace\ Ecommerce
    

SwiftCompile normal x86_64 /Users/sergiorodriguez/Documents/test\ apps/Embrace\ Ecommerce/Embrace\ Ecommerce/Views/CheckoutView.swift (in target 'Embrace Ecommerce' from project 'Embrace Ecommerce')
    cd /Users/sergiorodriguez/Documents/test\ apps/Embrace\ Ecommerce
    

SwiftCompile normal x86_64 Compiling\ ContentView.swift,\ CartItem.swift,\ OrderHistoryView.swift,\ NavigationCoordinator.swift,\ UserProfileManager.swift,\ CartReviewView.swift,\ NetworkDebugView.swift,\ Embrace_EcommerceApp.swift /Users/sergiorodriguez/Documents/test\ apps/Embrace\ Ecommerce/Embrace\ Ecommerce/Views/ContentView.swift /Users/sergiorodriguez/Documents/test\ apps/Embrace\ Ecommerce/Embrace\ Ecommerce/Models/CartItem.swift /Users/sergiorodriguez/Documents/test\ apps/Embrace\ Ecommerce/Embrace\ Ecommerce/Views/OrderHistoryView.swift /Users/sergiorodriguez/Documents/test\ apps/Embrace\ Ecommerce/Embrace\ Ecommerce/Services/NavigationCoordinator.swift /Users/sergiorodriguez/Documents/test\ apps/Embrace\ Ecommerce/Embrace\ Ecommerce/Services/UserProfileManager.swift /Users/sergiorodriguez/Documents/test\ apps/Embrace\ Ecommerce/Embrace\ Ecommerce/Views/CartReviewView.swift /Users/sergiorodriguez/Documents/test\ apps/Embrace\ Ecommerce/Embrace\ Ecommerce/Views/NetworkDebugView.swift /Users/sergiorodriguez/Documents/test\ apps/Embrace\ Ecommerce/Embrace\ Ecommerce/Embrace_EcommerceApp.swift (in target 'Embrace Ecommerce' from project 'Embrace Ecommerce')

SwiftCompile normal x86_64 /Users/sergiorodriguez/Documents/test\ apps/Embrace\ Ecommerce/Embrace\ Ecommerce/Views/ContentView.swift (in target 'Embrace Ecommerce' from project 'Embrace Ecommerce')
    cd /Users/sergiorodriguez/Documents/test\ apps/Embrace\ Ecommerce
    

SwiftCompile normal x86_64 /Users/sergiorodriguez/Documents/test\ apps/Embrace\ Ecommerce/Embrace\ Ecommerce/Models/CartItem.swift (in target 'Embrace Ecommerce' from project 'Embrace Ecommerce')
    cd /Users/sergiorodriguez/Documents/test\ apps/Embrace\ Ecommerce
    

SwiftCompile normal x86_64 /Users/sergiorodriguez/Documents/test\ apps/Embrace\ Ecommerce/Embrace\ Ecommerce/Views/OrderHistoryView.swift (in target 'Embrace Ecommerce' from project 'Embrace Ecommerce')
    cd /Users/sergiorodriguez/Documents/test\ apps/Embrace\ Ecommerce
    

SwiftCompile normal x86_64 /Users/sergiorodriguez/Documents/test\ apps/Embrace\ Ecommerce/Embrace\ Ecommerce/Services/NavigationCoordinator.swift (in target 'Embrace Ecommerce' from project 'Embrace Ecommerce')
    cd /Users/sergiorodriguez/Documents/test\ apps/Embrace\ Ecommerce
    

SwiftCompile normal x86_64 /Users/sergiorodriguez/Documents/test\ apps/Embrace\ Ecommerce/Embrace\ Ecommerce/Services/UserProfileManager.swift (in target 'Embrace Ecommerce' from project 'Embrace Ecommerce')
    cd /Users/sergiorodriguez/Documents/test\ apps/Embrace\ Ecommerce
    

SwiftCompile normal x86_64 /Users/sergiorodriguez/Documents/test\ apps/Embrace\ Ecommerce/Embrace\ Ecommerce/Views/CartReviewView.swift (in target 'Embrace Ecommerce' from project 'Embrace Ecommerce')
    cd /Users/sergiorodriguez/Documents/test\ apps/Embrace\ Ecommerce
    

SwiftCompile normal x86_64 /Users/sergiorodriguez/Documents/test\ apps/Embrace\ Ecommerce/Embrace\ Ecommerce/Views/NetworkDebugView.swift (in target 'Embrace Ecommerce' from project 'Embrace Ecommerce')
    cd /Users/sergiorodriguez/Documents/test\ apps/Embrace\ Ecommerce
    

SwiftCompile normal x86_64 /Users/sergiorodriguez/Documents/test\ apps/Embrace\ Ecommerce/Embrace\ Ecommerce/Embrace_EcommerceApp.swift (in target 'Embrace Ecommerce' from project 'Embrace Ecommerce')
    cd /Users/sergiorodriguez/Documents/test\ apps/Embrace\ Ecommerce
    

SwiftCompile normal x86_64 Compiling\ HTTPMethod.swift,\ AuthenticationView.swift,\ SearchView.swift,\ User.swift,\ ProfileView.swift,\ CartManager.swift,\ SDKCompatibilityTest.swift,\ ShippingInformationViewController.swift /Users/sergiorodriguez/Documents/test\ apps/Embrace\ Ecommerce/Embrace\ Ecommerce/Services/HTTPMethod.swift /Users/sergiorodriguez/Documents/test\ apps/Embrace\ Ecommerce/Embrace\ Ecommerce/Views/AuthenticationView.swift /Users/sergiorodriguez/Documents/test\ apps/Embrace\ Ecommerce/Embrace\ Ecommerce/Views/SearchView.swift /Users/sergiorodriguez/Documents/test\ apps/Embrace\ Ecommerce/Embrace\ Ecommerce/Models/User.swift /Users/sergiorodriguez/Documents/test\ apps/Embrace\ Ecommerce/Embrace\ Ecommerce/Views/ProfileView.swift /Users/sergiorodriguez/Documents/test\ apps/Embrace\ Ecommerce/Embrace\ Ecommerce/Services/CartManager.swift /Users/sergiorodriguez/Documents/test\ apps/Embrace\ Ecommerce/Embrace\ Ecommerce/Services/SDKCompatibilityTest.swift /Users/sergiorodriguez/Documents/test\ apps/Embrace\ Ecommerce/Embrace\ Ecommerce/UIKit/ShippingInformationViewController.swift (in target 'Embrace Ecommerce' from project 'Embrace Ecommerce')

SwiftCompile normal x86_64 /Users/sergiorodriguez/Documents/test\ apps/Embrace\ Ecommerce/Embrace\ Ecommerce/Services/HTTPMethod.swift (in target 'Embrace Ecommerce' from project 'Embrace Ecommerce')
    cd /Users/sergiorodriguez/Documents/test\ apps/Embrace\ Ecommerce
    

SwiftCompile normal x86_64 /Users/sergiorodriguez/Documents/test\ apps/Embrace\ Ecommerce/Embrace\ Ecommerce/Views/AuthenticationView.swift (in target 'Embrace Ecommerce' from project 'Embrace Ecommerce')
    cd /Users/sergiorodriguez/Documents/test\ apps/Embrace\ Ecommerce
    

SwiftCompile normal x86_64 /Users/sergiorodriguez/Documents/test\ apps/Embrace\ Ecommerce/Embrace\ Ecommerce/Views/SearchView.swift (in target 'Embrace Ecommerce' from project 'Embrace Ecommerce')
    cd /Users/sergiorodriguez/Documents/test\ apps/Embrace\ Ecommerce
    

SwiftCompile normal x86_64 /Users/sergiorodriguez/Documents/test\ apps/Embrace\ Ecommerce/Embrace\ Ecommerce/Models/User.swift (in target 'Embrace Ecommerce' from project 'Embrace Ecommerce')
    cd /Users/sergiorodriguez/Documents/test\ apps/Embrace\ Ecommerce
    

SwiftCompile normal x86_64 /Users/sergiorodriguez/Documents/test\ apps/Embrace\ Ecommerce/Embrace\ Ecommerce/Views/ProfileView.swift (in target 'Embrace Ecommerce' from project 'Embrace Ecommerce')
    cd /Users/sergiorodriguez/Documents/test\ apps/Embrace\ Ecommerce
    

SwiftCompile normal x86_64 /Users/sergiorodriguez/Documents/test\ apps/Embrace\ Ecommerce/Embrace\ Ecommerce/Services/CartManager.swift (in target 'Embrace Ecommerce' from project 'Embrace Ecommerce')
    cd /Users/sergiorodriguez/Documents/test\ apps/Embrace\ Ecommerce
    

SwiftCompile normal x86_64 /Users/sergiorodriguez/Documents/test\ apps/Embrace\ Ecommerce/Embrace\ Ecommerce/Services/SDKCompatibilityTest.swift (in target 'Embrace Ecommerce' from project 'Embrace Ecommerce')
    cd /Users/sergiorodriguez/Documents/test\ apps/Embrace\ Ecommerce
    

SwiftCompile normal x86_64 /Users/sergiorodriguez/Documents/test\ apps/Embrace\ Ecommerce/Embrace\ Ecommerce/UIKit/ShippingInformationViewController.swift (in target 'Embrace Ecommerce' from project 'Embrace Ecommerce')
    cd /Users/sergiorodriguez/Documents/test\ apps/Embrace\ Ecommerce
    

SwiftCompile normal x86_64 Compiling\ Address.swift,\ MockDataService.swift,\ ShippingCalculationService.swift,\ BiometricAuthenticationView.swift,\ HomeView.swift,\ StripePaymentView.swift,\ CheckoutCoordinator.swift,\ SDKConfiguration.swift /Users/sergiorodriguez/Documents/test\ apps/Embrace\ Ecommerce/Embrace\ Ecommerce/Models/Address.swift /Users/sergiorodriguez/Documents/test\ apps/Embrace\ Ecommerce/Embrace\ Ecommerce/Services/MockDataService.swift /Users/sergiorodriguez/Documents/test\ apps/Embrace\ Ecommerce/Embrace\ Ecommerce/Services/ShippingCalculationService.swift /Users/sergiorodriguez/Documents/test\ apps/Embrace\ Ecommerce/Embrace\ Ecommerce/Views/BiometricAuthenticationView.swift /Users/sergiorodriguez/Documents/test\ apps/Embrace\ Ecommerce/Embrace\ Ecommerce/Views/HomeView.swift /Users/sergiorodriguez/Documents/test\ apps/Embrace\ Ecommerce/Embrace\ Ecommerce/Views/StripePaymentView.swift /Users/sergiorodriguez/Documents/test\ apps/Embrace\ Ecommerce/Embrace\ Ecommerce/Services/CheckoutCoordinator.swift /Users/sergiorodriguez/Documents/test\ apps/Embrace\ Ecommerce/Embrace\ Ecommerce/Services/SDKConfiguration.swift (in target 'Embrace Ecommerce' from project 'Embrace Ecommerce')

SwiftCompile normal x86_64 /Users/sergiorodriguez/Documents/test\ apps/Embrace\ Ecommerce/Embrace\ Ecommerce/Models/Address.swift (in target 'Embrace Ecommerce' from project 'Embrace Ecommerce')
    cd /Users/sergiorodriguez/Documents/test\ apps/Embrace\ Ecommerce
    

SwiftCompile normal x86_64 /Users/sergiorodriguez/Documents/test\ apps/Embrace\ Ecommerce/Embrace\ Ecommerce/Services/MockDataService.swift (in target 'Embrace Ecommerce' from project 'Embrace Ecommerce')
    cd /Users/sergiorodriguez/Documents/test\ apps/Embrace\ Ecommerce
    

SwiftCompile normal x86_64 /Users/sergiorodriguez/Documents/test\ apps/Embrace\ Ecommerce/Embrace\ Ecommerce/Services/ShippingCalculationService.swift (in target 'Embrace Ecommerce' from project 'Embrace Ecommerce')
    cd /Users/sergiorodriguez/Documents/test\ apps/Embrace\ Ecommerce
    

SwiftCompile normal x86_64 /Users/sergiorodriguez/Documents/test\ apps/Embrace\ Ecommerce/Embrace\ Ecommerce/Views/BiometricAuthenticationView.swift (in target 'Embrace Ecommerce' from project 'Embrace Ecommerce')
    cd /Users/sergiorodriguez/Documents/test\ apps/Embrace\ Ecommerce
    

SwiftCompile normal x86_64 /Users/sergiorodriguez/Documents/test\ apps/Embrace\ Ecommerce/Embrace\ Ecommerce/Views/HomeView.swift (in target 'Embrace Ecommerce' from project 'Embrace Ecommerce')
    cd /Users/sergiorodriguez/Documents/test\ apps/Embrace\ Ecommerce
    

SwiftCompile normal x86_64 /Users/sergiorodriguez/Documents/test\ apps/Embrace\ Ecommerce/Embrace\ Ecommerce/Views/StripePaymentView.swift (in target 'Embrace Ecommerce' from project 'Embrace Ecommerce')
    cd /Users/sergiorodriguez/Documents/test\ apps/Embrace\ Ecommerce
    

SwiftCompile normal x86_64 /Users/sergiorodriguez/Documents/test\ apps/Embrace\ Ecommerce/Embrace\ Ecommerce/Services/CheckoutCoordinator.swift (in target 'Embrace Ecommerce' from project 'Embrace Ecommerce')
    cd /Users/sergiorodriguez/Documents/test\ apps/Embrace\ Ecommerce
    

SwiftCompile normal x86_64 /Users/sergiorodriguez/Documents/test\ apps/Embrace\ Ecommerce/Embrace\ Ecommerce/Services/SDKConfiguration.swift (in target 'Embrace Ecommerce' from project 'Embrace Ecommerce')
    cd /Users/sergiorodriguez/Documents/test\ apps/Embrace\ Ecommerce
    

SwiftEmitModule normal x86_64 Emitting\ module\ for\ Embrace_Ecommerce (in target 'Embrace Ecommerce' from project 'Embrace Ecommerce')

EmitSwiftModule normal x86_64 (in target 'Embrace Ecommerce' from project 'Embrace Ecommerce')
    cd /Users/sergiorodriguez/Documents/test\ apps/Embrace\ Ecommerce
    
/Users/sergiorodriguez/Documents/test apps/Embrace Ecommerce/Embrace Ecommerce/Services/ShippingCalculationService.swift:91:52: warning: main actor-isolated static property 'shared' can not be referenced from a nonisolated context; this is an error in the Swift 6 language mode
    init(mockNetworkService: MockNetworkService = .shared) {
                                                   ^
/Users/sergiorodriguez/Documents/test apps/Embrace Ecommerce/Embrace Ecommerce/Services/MockNetworkService.swift:54:16: note: static property declared here
    static let shared = MockNetworkService()
               ^
/Users/sergiorodriguez/Documents/test apps/Embrace Ecommerce/Embrace Ecommerce/Services/AddressValidationService.swift:66:52: warning: main actor-isolated static property 'shared' can not be referenced from a nonisolated context; this is an error in the Swift 6 language mode
    init(mockNetworkService: MockNetworkService = .shared) {
                                                   ^
/Users/sergiorodriguez/Documents/test apps/Embrace Ecommerce/Embrace Ecommerce/Services/MockNetworkService.swift:54:16: note: static property declared here
    static let shared = MockNetworkService()
               ^

SwiftCompile normal x86_64 Compiling\ AddressBookView.swift,\ EnhancedAddressFormView.swift,\ Product.swift,\ ProductDetailView.swift,\ AuthenticationManager.swift,\ NetworkRequest.swift,\ ProductImageCarouselView.swift,\ FiltersView.swift /Users/sergiorodriguez/Documents/test\ apps/Embrace\ Ecommerce/Embrace\ Ecommerce/Views/AddressBookView.swift /Users/sergiorodriguez/Documents/test\ apps/Embrace\ Ecommerce/Embrace\ Ecommerce/Views/EnhancedAddressFormView.swift /Users/sergiorodriguez/Documents/test\ apps/Embrace\ Ecommerce/Embrace\ Ecommerce/Models/Product.swift /Users/sergiorodriguez/Documents/test\ apps/Embrace\ Ecommerce/Embrace\ Ecommerce/Views/ProductDetailView.swift /Users/sergiorodriguez/Documents/test\ apps/Embrace\ Ecommerce/Embrace\ Ecommerce/Services/AuthenticationManager.swift /Users/sergiorodriguez/Documents/test\ apps/Embrace\ Ecommerce/Embrace\ Ecommerce/Services/NetworkRequest.swift /Users/sergiorodriguez/Documents/test\ apps/Embrace\ Ecommerce/Embrace\ Ecommerce/UIKit/ProductImageCarouselView.swift /Users/sergiorodriguez/Documents/test\ apps/Embrace\ Ecommerce/Embrace\ Ecommerce/Views/Components/FiltersView.swift (in target 'Embrace Ecommerce' from project 'Embrace Ecommerce')

SwiftCompile normal x86_64 /Users/sergiorodriguez/Documents/test\ apps/Embrace\ Ecommerce/Embrace\ Ecommerce/Views/AddressBookView.swift (in target 'Embrace Ecommerce' from project 'Embrace Ecommerce')
    cd /Users/sergiorodriguez/Documents/test\ apps/Embrace\ Ecommerce
    

SwiftCompile normal x86_64 /Users/sergiorodriguez/Documents/test\ apps/Embrace\ Ecommerce/Embrace\ Ecommerce/Views/EnhancedAddressFormView.swift (in target 'Embrace Ecommerce' from project 'Embrace Ecommerce')
    cd /Users/sergiorodriguez/Documents/test\ apps/Embrace\ Ecommerce
    

SwiftCompile normal x86_64 /Users/sergiorodriguez/Documents/test\ apps/Embrace\ Ecommerce/Embrace\ Ecommerce/Models/Product.swift (in target 'Embrace Ecommerce' from project 'Embrace Ecommerce')
    cd /Users/sergiorodriguez/Documents/test\ apps/Embrace\ Ecommerce
    

SwiftCompile normal x86_64 /Users/sergiorodriguez/Documents/test\ apps/Embrace\ Ecommerce/Embrace\ Ecommerce/Views/ProductDetailView.swift (in target 'Embrace Ecommerce' from project 'Embrace Ecommerce')
    cd /Users/sergiorodriguez/Documents/test\ apps/Embrace\ Ecommerce
    

SwiftCompile normal x86_64 /Users/sergiorodriguez/Documents/test\ apps/Embrace\ Ecommerce/Embrace\ Ecommerce/Services/AuthenticationManager.swift (in target 'Embrace Ecommerce' from project 'Embrace Ecommerce')
    cd /Users/sergiorodriguez/Documents/test\ apps/Embrace\ Ecommerce
    

SwiftCompile normal x86_64 /Users/sergiorodriguez/Documents/test\ apps/Embrace\ Ecommerce/Embrace\ Ecommerce/Services/NetworkRequest.swift (in target 'Embrace Ecommerce' from project 'Embrace Ecommerce')
    cd /Users/sergiorodriguez/Documents/test\ apps/Embrace\ Ecommerce
    

SwiftCompile normal x86_64 /Users/sergiorodriguez/Documents/test\ apps/Embrace\ Ecommerce/Embrace\ Ecommerce/UIKit/ProductImageCarouselView.swift (in target 'Embrace Ecommerce' from project 'Embrace Ecommerce')
    cd /Users/sergiorodriguez/Documents/test\ apps/Embrace\ Ecommerce
    

SwiftCompile normal x86_64 /Users/sergiorodriguez/Documents/test\ apps/Embrace\ Ecommerce/Embrace\ Ecommerce/Views/Components/FiltersView.swift (in target 'Embrace Ecommerce' from project 'Embrace Ecommerce')
    cd /Users/sergiorodriguez/Documents/test\ apps/Embrace\ Ecommerce
    

SwiftCompile normal x86_64 Compiling\ AuthenticationModels.swift,\ NetworkSettingsView.swift,\ MockNetworkService.swift,\ StripePaymentService.swift,\ BiometricSettingsView.swift,\ MainTabView.swift,\ EmbraceService.swift,\ AddressValidationResultView.swift /Users/sergiorodriguez/Documents/test\ apps/Embrace\ Ecommerce/Embrace\ Ecommerce/Models/AuthenticationModels.swift /Users/sergiorodriguez/Documents/test\ apps/Embrace\ Ecommerce/Embrace\ Ecommerce/Views/NetworkSettingsView.swift /Users/sergiorodriguez/Documents/test\ apps/Embrace\ Ecommerce/Embrace\ Ecommerce/Services/MockNetworkService.swift /Users/sergiorodriguez/Documents/test\ apps/Embrace\ Ecommerce/Embrace\ Ecommerce/Services/StripePaymentService.swift /Users/sergiorodriguez/Documents/test\ apps/Embrace\ Ecommerce/Embrace\ Ecommerce/Views/BiometricSettingsView.swift /Users/sergiorodriguez/Documents/test\ apps/Embrace\ Ecommerce/Embrace\ Ecommerce/Views/MainTabView.swift /Users/sergiorodriguez/Documents/test\ apps/Embrace\ Ecommerce/Embrace\ Ecommerce/Services/EmbraceService.swift /Users/sergiorodriguez/Documents/test\ apps/Embrace\ Ecommerce/Embrace\ Ecommerce/Views/AddressValidationResultView.swift (in target 'Embrace Ecommerce' from project 'Embrace Ecommerce')
Failed frontend command:
/Applications/Xcode.app/Contents/Developer/Toolchains/XcodeDefault.xctoolchain/usr/bin/swift-frontend -frontend -c /Users/sergiorodriguez/Documents/test\ apps/Embrace\ Ecommerce/Embrace\ Ecommerce/Models/Address.swift /Users/sergiorodriguez/Documents/test\ apps/Embrace\ Ecommerce/Embrace\ Ecommerce/Services/MockDataService.swift /Users/sergiorodriguez/Documents/test\ apps/Embrace\ Ecommerce/Embrace\ Ecommerce/Services/ShippingCalculationService.swift /Users/sergiorodriguez/Documents/test\ apps/Embrace\ Ecommerce/Embrace\ Ecommerce/Views/BiometricAuthenticationView.swift /Users/sergiorodriguez/Documents/test\ apps/Embrace\ Ecommerce/Embrace\ Ecommerce/Views/HomeView.swift /Users/sergiorodriguez/Documents/test\ apps/Embrace\ Ecommerce/Embrace\ Ecommerce/Views/StripePaymentView.swift /Users/sergiorodriguez/Documents/test\ apps/Embrace\ Ecommerce/Embrace\ Ecommerce/Services/CheckoutCoordinator.swift /Users/sergiorodriguez/Documents/test\ apps/Embrace\ Ecommerce/Embrace\ Ecommerce/Services/SDKConfiguration.swift /Users/sergiorodriguez/Documents/test\ apps/Embrace\ Ecommerce/Embrace\ Ecommerce/Views/AddressBookView.swift /Users/sergiorodriguez/Documents/test\ apps/Embrace\ Ecommerce/Embrace\ Ecommerce/Views/EnhancedAddressFormView.swift /Users/sergiorodriguez/Documents/test\ apps/Embrace\ Ecommerce/Embrace\ Ecommerce/Models/Product.swift /Users/sergiorodriguez/Documents/test\ apps/Embrace\ Ecommerce/Embrace\ Ecommerce/Views/ProductDetailView.swift /Users/sergiorodriguez/Documents/test\ apps/Embrace\ Ecommerce/Embrace\ Ecommerce/Services/AuthenticationManager.swift /Users/sergiorodriguez/Documents/test\ apps/Embrace\ Ecommerce/Embrace\ Ecommerce/Services/NetworkRequest.swift /Users/sergiorodriguez/Documents/test\ apps/Embrace\ Ecommerce/Embrace\ Ecommerce/UIKit/ProductImageCarouselView.swift /Users/sergiorodriguez/Documents/test\ apps/Embrace\ Ecommerce/Embrace\ Ecommerce/Views/Components/FiltersView.swift /Users/sergiorodriguez/Documents/test\ apps/Embrace\ Ecommerce/Embrace\ Ecommerce/Views/ContentView.swift /Users/sergiorodriguez/Documents/test\ apps/Embrace\ Ecommerce/Embrace\ Ecommerce/Models/CartItem.swift /Users/sergiorodriguez/Documents/test\ apps/Embrace\ Ecommerce/Embrace\ Ecommerce/Views/OrderHistoryView.swift /Users/sergiorodriguez/Documents/test\ apps/Embrace\ Ecommerce/Embrace\ Ecommerce/Services/NavigationCoordinator.swift /Users/sergiorodriguez/Documents/test\ apps/Embrace\ Ecommerce/Embrace\ Ecommerce/Services/UserProfileManager.swift /Users/sergiorodriguez/Documents/test\ apps/Embrace\ Ecommerce/Embrace\ Ecommerce/Views/CartReviewView.swift /Users/sergiorodriguez/Documents/test\ apps/Embrace\ Ecommerce/Embrace\ Ecommerce/Views/NetworkDebugView.swift /Users/sergiorodriguez/Documents/test\ apps/Embrace\ Ecommerce/Embrace\ Ecommerce/Embrace_EcommerceApp.swift /Users/sergiorodriguez/Documents/test\ apps/Embrace\ Ecommerce/Embrace\ Ecommerce/Services/HTTPMethod.swift /Users/sergiorodriguez/Documents/test\ apps/Embrace\ Ecommerce/Embrace\ Ecommerce/Views/AuthenticationView.swift /Users/sergiorodriguez/Documents/test\ apps/Embrace\ Ecommerce/Embrace\ Ecommerce/Views/SearchView.swift /Users/sergiorodriguez/Documents/test\ apps/Embrace\ Ecommerce/Embrace\ Ecommerce/Models/User.swift /Users/sergiorodriguez/Documents/test\ apps/Embrace\ Ecommerce/Embrace\ Ecommerce/Views/ProfileView.swift /Users/sergiorodriguez/Documents/test\ apps/Embrace\ Ecommerce/Embrace\ Ecommerce/Services/CartManager.swift /Users/sergiorodriguez/Documents/test\ apps/Embrace\ Ecommerce/Embrace\ Ecommerce/Services/SDKCompatibilityTest.swift /Users/sergiorodriguez/Documents/test\ apps/Embrace\ Ecommerce/Embrace\ Ecommerce/UIKit/ShippingInformationViewController.swift /Users/sergiorodriguez/Documents/test\ apps/Embrace\ Ecommerce/Embrace\ Ecommerce/Views/EmailAuthenticationView.swift /Users/sergiorodriguez/Documents/test\ apps/Embrace\ Ecommerce/Embrace\ Ecommerce/Models/PaymentMethod.swift /Users/sergiorodriguez/Documents/test\ apps/Embrace\ Ecommerce/Embrace\ Ecommerce/Views/PaymentSelectionView.swift /Users/sergiorodriguez/Documents/test\ apps/Embrace\ Ecommerce/Embrace\ Ecommerce/Services/APIService.swift /Users/sergiorodriguez/Documents/test\ apps/Embrace\ Ecommerce/Embrace\ Ecommerce/Services/NetworkReachability.swift /Users/sergiorodriguez/Documents/test\ apps/Embrace\ Ecommerce/Embrace\ Ecommerce/UIKit/ProductDetailViewController.swift /Users/sergiorodriguez/Documents/test\ apps/Embrace\ Ecommerce/Embrace\ Ecommerce/Views/Components/EnhancedProductCard.swift /Users/sergiorodriguez/Documents/test\ apps/Embrace\ Ecommerce/Embrace\ Ecommerce/Views/CheckoutView.swift -primary-file /Users/sergiorodriguez/Documents/test\ apps/Embrace\ Ecommerce/Embrace\ Ecommerce/Models/AuthenticationModels.swift -primary-file /Users/sergiorodriguez/Documents/test\ apps/Embrace\ Ecommerce/Embrace\ Ecommerce/Views/NetworkSettingsView.swift -primary-file /Users/sergiorodriguez/Documents/test\ apps/Embrace\ Ecommerce/Embrace\ Ecommerce/Services/MockNetworkService.swift -primary-file /Users/sergiorodriguez/Documents/test\ apps/Embrace\ Ecommerce/Embrace\ Ecommerce/Services/StripePaymentService.swift -primary-file /Users/sergiorodriguez/Documents/test\ apps/Embrace\ Ecommerce/Embrace\ Ecommerce/Views/BiometricSettingsView.swift -primary-file /Users/sergiorodriguez/Documents/test\ apps/Embrace\ Ecommerce/Embrace\ Ecommerce/Views/MainTabView.swift -primary-file /Users/sergiorodriguez/Documents/test\ apps/Embrace\ Ecommerce/Embrace\ Ecommerce/Services/EmbraceService.swift -primary-file /Users/sergiorodriguez/Documents/test\ apps/Embrace\ Ecommerce/Embrace\ Ecommerce/Views/AddressValidationResultView.swift /Users/sergiorodriguez/Documents/test\ apps/Embrace\ Ecommerce/Embrace\ Ecommerce/Views/EnhancedShippingMethodView.swift /Users/sergiorodriguez/Documents/test\ apps/Embrace\ Ecommerce/Embrace\ Ecommerce/Models/ShippingMethod.swift /Users/sergiorodriguez/Documents/test\ apps/Embrace\ Ecommerce/Embrace\ Ecommerce/Views/ProductListView.swift /Users/sergiorodriguez/Documents/test\ apps/Embrace\ Ecommerce/Embrace\ Ecommerce/Services/BiometricAuthenticationManager.swift /Users/sergiorodriguez/Documents/test\ apps/Embrace\ Ecommerce/Embrace\ Ecommerce/Services/NetworkService.swift /Users/sergiorodriguez/Documents/test\ apps/Embrace\ Ecommerce/Embrace\ Ecommerce/UIKit/QuantitySelectorView.swift /Users/sergiorodriguez/Documents/test\ apps/Embrace\ Ecommerce/Embrace\ Ecommerce/Views/EditProfileView.swift /Users/sergiorodriguez/Documents/test\ apps/Embrace\ Ecommerce/Embrace\ Ecommerce/Models/Order.swift /Users/sergiorodriguez/Documents/test\ apps/Embrace\ Ecommerce/Embrace\ Ecommerce/Views/PaymentMethodsView.swift /Users/sergiorodriguez/Documents/test\ apps/Embrace\ Ecommerce/Embrace\ Ecommerce/Services/AddressValidationService.swift /Users/sergiorodriguez/Documents/test\ apps/Embrace\ Ecommerce/Embrace\ Ecommerce/Services/NetworkError.swift /Users/sergiorodriguez/Documents/test\ apps/Embrace\ Ecommerce/Embrace\ Ecommerce/UIKit/OrderConfirmationViewController.swift /Users/sergiorodriguez/Documents/test\ apps/Embrace\ Ecommerce/Embrace\ Ecommerce/Views/Components/EnhancedCategoryCard.swift /Users/sergiorodriguez/Documents/test\ apps/Embrace\ Ecommerce/Embrace\ Ecommerce/Views/CartView.swift /Users/sergiorodriguez/Library/Developer/Xcode/DerivedData/Embrace_Ecommerce-bluiupfvipvoshftpieasgwapago/Build/Intermediates.noindex/Embrace\ Ecommerce.build/Debug-iphonesimulator/Embrace\ Ecommerce.build/DerivedSources/GeneratedAssetSymbols.swift -supplementary-output-file-map /Users/sergiorodriguez/Library/Developer/Xcode/DerivedData/Embrace_Ecommerce-bluiupfvipvoshftpieasgwapago/Build/Intermediates.noindex/Embrace\ Ecommerce.build/Debug-iphonesimulator/Embrace\ Ecommerce.build/Objects-normal/x86_64/supplementaryOutputs-6 -emit-localized-strings -emit-localized-strings-path /Users/sergiorodriguez/Library/Developer/Xcode/DerivedData/Embrace_Ecommerce-bluiupfvipvoshftpieasgwapago/Build/Intermediates.noindex/Embrace\ Ecommerce.build/Debug-iphonesimulator/Embrace\ Ecommerce.build/Objects-normal/x86_64 -target x86_64-apple-ios18.5-simulator -enable-objc-interop -sdk /Applications/Xcode.app/Contents/Developer/Platforms/iPhoneSimulator.platform/Developer/SDKs/iPhoneSimulator18.5.sdk -I /Users/sergiorodriguez/Library/Developer/Xcode/DerivedData/Embrace_Ecommerce-bluiupfvipvoshftpieasgwapago/Build/Products/Debug-iphonesimulator -F /Users/sergiorodriguez/Library/Developer/Xcode/DerivedData/Embrace_Ecommerce-bluiupfvipvoshftpieasgwapago/Build/Products/Debug-iphonesimulator/PackageFrameworks -F /Users/sergiorodriguez/Library/Developer/Xcode/DerivedData/Embrace_Ecommerce-bluiupfvipvoshftpieasgwapago/Build/Products/Debug-iphonesimulator/PackageFrameworks -F /Users/sergiorodriguez/Library/Developer/Xcode/DerivedData/Embrace_Ecommerce-bluiupfvipvoshftpieasgwapago/Build/Products/Debug-iphonesimulator/PackageFrameworks -F /Users/sergiorodriguez/Library/Developer/Xcode/DerivedData/Embrace_Ecommerce-bluiupfvipvoshftpieasgwapago/Build/Products/Debug-iphonesimulator/PackageFrameworks -F /Users/sergiorodriguez/Library/Developer/Xcode/DerivedData/Embrace_Ecommerce-bluiupfvipvoshftpieasgwapago/Build/Products/Debug-iphonesimulator/PackageFrameworks -F /Users/sergiorodriguez/Library/Developer/Xcode/DerivedData/Embrace_Ecommerce-bluiupfvipvoshftpieasgwapago/Build/Products/Debug-iphonesimulator/PackageFrameworks -F /Users/sergiorodriguez/Library/Developer/Xcode/DerivedData/Embrace_Ecommerce-bluiupfvipvoshftpieasgwapago/Build/Products/Debug-iphonesimulator/PackageFrameworks -F /Users/sergiorodriguez/Library/Developer/Xcode/DerivedData/Embrace_Ecommerce-bluiupfvipvoshftpieasgwapago/Build/Products/Debug-iphonesimulator/PackageFrameworks -F /Users/sergiorodriguez/Library/Developer/Xcode/DerivedData/Embrace_Ecommerce-bluiupfvipvoshftpieasgwapago/Build/Products/Debug-iphonesimulator/PackageFrameworks -F /Users/sergiorodriguez/Library/Developer/Xcode/DerivedData/Embrace_Ecommerce-bluiupfvipvoshftpieasgwapago/Build/Products/Debug-iphonesimulator/PackageFrameworks -F /Users/sergiorodriguez/Library/Developer/Xcode/DerivedData/Embrace_Ecommerce-bluiupfvipvoshftpieasgwapago/Build/Products/Debug-iphonesimulator/PackageFrameworks -F /Users/sergiorodriguez/Library/Developer/Xcode/DerivedData/Embrace_Ecommerce-bluiupfvipvoshftpieasgwapago/Build/Products/Debug-iphonesimulator/PackageFrameworks -F /Users/sergiorodriguez/Library/Developer/Xcode/DerivedData/Embrace_Ecommerce-bluiupfvipvoshftpieasgwapago/Build/Products/Debug-iphonesimulator/PackageFrameworks -F /Users/sergiorodriguez/Library/Developer/Xcode/DerivedData/Embrace_Ecommerce-bluiupfvipvoshftpieasgwapago/Build/Products/Debug-iphonesimulator/PackageFrameworks -F /Users/sergiorodriguez/Library/Developer/Xcode/DerivedData/Embrace_Ecommerce-bluiupfvipvoshftpieasgwapago/Build/Products/Debug-iphonesimulator/PackageFrameworks -F /Users/sergiorodriguez/Library/Developer/Xcode/DerivedData/Embrace_Ecommerce-bluiupfvipvoshftpieasgwapago/Build/Products/Debug-iphonesimulator/PackageFrameworks -F /Users/sergiorodriguez/Library/Developer/Xcode/DerivedData/Embrace_Ecommerce-bluiupfvipvoshftpieasgwapago/Build/Products/Debug-iphonesimulator/PackageFrameworks -F /Users/sergiorodriguez/Library/Developer/Xcode/DerivedData/Embrace_Ecommerce-bluiupfvipvoshftpieasgwapago/Build/Products/Debug-iphonesimulator/PackageFrameworks -F /Users/sergiorodriguez/Library/Developer/Xcode/DerivedData/Embrace_Ecommerce-bluiupfvipvoshftpieasgwapago/Build/Products/Debug-iphonesimulator/PackageFrameworks -F /Users/sergiorodriguez/Library/Developer/Xcode/DerivedData/Embrace_Ecommerce-bluiupfvipvoshftpieasgwapago/Build/Products/Debug-iphonesimulator/PackageFrameworks -F /Users/sergiorodriguez/Library/Developer/Xcode/DerivedData/Embrace_Ecommerce-bluiupfvipvoshftpieasgwapago/Build/Products/Debug-iphonesimulator/PackageFrameworks -F /Users/sergiorodriguez/Library/Developer/Xcode/DerivedData/Embrace_Ecommerce-bluiupfvipvoshftpieasgwapago/Build/Products/Debug-iphonesimulator/PackageFrameworks -F /Users/sergiorodriguez/Library/Developer/Xcode/DerivedData/Embrace_Ecommerce-bluiupfvipvoshftpieasgwapago/Build/Products/Debug-iphonesimulator/PackageFrameworks -F /Users/sergiorodriguez/Library/Developer/Xcode/DerivedData/Embrace_Ecommerce-bluiupfvipvoshftpieasgwapago/Build/Products/Debug-iphonesimulator/PackageFrameworks -F /Users/sergiorodriguez/Library/Developer/Xcode/DerivedData/Embrace_Ecommerce-bluiupfvipvoshftpieasgwapago/Build/Products/Debug-iphonesimulator/PackageFrameworks -F /Users/sergiorodriguez/Library/Developer/Xcode/DerivedData/Embrace_Ecommerce-bluiupfvipvoshftpieasgwapago/Build/Products/Debug-iphonesimulator/PackageFrameworks -F /Users/sergiorodriguez/Library/Developer/Xcode/DerivedData/Embrace_Ecommerce-bluiupfvipvoshftpieasgwapago/Build/Products/Debug-iphonesimulator/PackageFrameworks -F /Users/sergiorodriguez/Library/Developer/Xcode/DerivedData/Embrace_Ecommerce-bluiupfvipvoshftpieasgwapago/Build/Products/Debug-iphonesimulator/PackageFrameworks -F /Users/sergiorodriguez/Library/Developer/Xcode/DerivedData/Embrace_Ecommerce-bluiupfvipvoshftpieasgwapago/Build/Products/Debug-iphonesimulator/PackageFrameworks -F /Users/sergiorodriguez/Library/Developer/Xcode/DerivedData/Embrace_Ecommerce-bluiupfvipvoshftpieasgwapago/Build/Products/Debug-iphonesimulator/PackageFrameworks -F /Users/sergiorodriguez/Library/Developer/Xcode/DerivedData/Embrace_Ecommerce-bluiupfvipvoshftpieasgwapago/Build/Products/Debug-iphonesimulator/PackageFrameworks -F /Users/sergiorodriguez/Library/Developer/Xcode/DerivedData/Embrace_Ecommerce-bluiupfvipvoshftpieasgwapago/Build/Products/Debug-iphonesimulator/PackageFrameworks -F /Users/sergiorodriguez/Library/Developer/Xcode/DerivedData/Embrace_Ecommerce-bluiupfvipvoshftpieasgwapago/Build/Products/Debug-iphonesimulator/PackageFrameworks -F /Users/sergiorodriguez/Library/Developer/Xcode/DerivedData/Embrace_Ecommerce-bluiupfvipvoshftpieasgwapago/Build/Products/Debug-iphonesimulator/PackageFrameworks -F /Users/sergiorodriguez/Library/Developer/Xcode/DerivedData/Embrace_Ecommerce-bluiupfvipvoshftpieasgwapago/Build/Products/Debug-iphonesimulator/PackageFrameworks -F /Users/sergiorodriguez/Library/Developer/Xcode/DerivedData/Embrace_Ecommerce-bluiupfvipvoshftpieasgwapago/Build/Products/Debug-iphonesimulator/PackageFrameworks -F /Users/sergiorodriguez/Library/Developer/Xcode/DerivedData/Embrace_Ecommerce-bluiupfvipvoshftpieasgwapago/Build/Products/Debug-iphonesimulator/PackageFrameworks -F /Users/sergiorodriguez/Library/Developer/Xcode/DerivedData/Embrace_Ecommerce-bluiupfvipvoshftpieasgwapago/Build/Products/Debug-iphonesimulator/PackageFrameworks -F /Users/sergiorodriguez/Library/Developer/Xcode/DerivedData/Embrace_Ecommerce-bluiupfvipvoshftpieasgwapago/Build/Products/Debug-iphonesimulator/PackageFrameworks -F /Users/sergiorodriguez/Library/Developer/Xcode/DerivedData/Embrace_Ecommerce-bluiupfvipvoshftpieasgwapago/Build/Products/Debug-iphonesimulator/PackageFrameworks -F /Users/sergiorodriguez/Library/Developer/Xcode/DerivedData/Embrace_Ecommerce-bluiupfvipvoshftpieasgwapago/Build/Products/Debug-iphonesimulator/PackageFrameworks -F /Users/sergiorodriguez/Library/Developer/Xcode/DerivedData/Embrace_Ecommerce-bluiupfvipvoshftpieasgwapago/Build/Products/Debug-iphonesimulator/PackageFrameworks -F /Users/sergiorodriguez/Library/Developer/Xcode/DerivedData/Embrace_Ecommerce-bluiupfvipvoshftpieasgwapago/Build/Products/Debug-iphonesimulator/PackageFrameworks -F /Users/sergiorodriguez/Library/Developer/Xcode/DerivedData/Embrace_Ecommerce-bluiupfvipvoshftpieasgwapago/Build/Products/Debug-iphonesimulator/PackageFrameworks -F /Users/sergiorodriguez/Library/Developer/Xcode/DerivedData/Embrace_Ecommerce-bluiupfvipvoshftpieasgwapago/Build/Products/Debug-iphonesimulator/PackageFrameworks -F /Users/sergiorodriguez/Library/Developer/Xcode/DerivedData/Embrace_Ecommerce-bluiupfvipvoshftpieasgwapago/Build/Products/Debug-iphonesimulator/PackageFrameworks -F /Users/sergiorodriguez/Library/Developer/Xcode/DerivedData/Embrace_Ecommerce-bluiupfvipvoshftpieasgwapago/Build/Products/Debug-iphonesimulator/PackageFrameworks -F /Users/sergiorodriguez/Library/Developer/Xcode/DerivedData/Embrace_Ecommerce-bluiupfvipvoshftpieasgwapago/Build/Products/Debug-iphonesimulator/PackageFrameworks -F /Users/sergiorodriguez/Library/Developer/Xcode/DerivedData/Embrace_Ecommerce-bluiupfvipvoshftpieasgwapago/Build/Products/Debug-iphonesimulator/PackageFrameworks -F /Users/sergiorodriguez/Library/Developer/Xcode/DerivedData/Embrace_Ecommerce-bluiupfvipvoshftpieasgwapago/Build/Products/Debug-iphonesimulator/PackageFrameworks -F /Users/sergiorodriguez/Library/Developer/Xcode/DerivedData/Embrace_Ecommerce-bluiupfvipvoshftpieasgwapago/Build/Products/Debug-iphonesimulator/PackageFrameworks -F /Users/sergiorodriguez/Library/Developer/Xcode/DerivedData/Embrace_Ecommerce-bluiupfvipvoshftpieasgwapago/Build/Products/Debug-iphonesimulator/PackageFrameworks -F /Users/sergiorodriguez/Library/Developer/Xcode/DerivedData/Embrace_Ecommerce-bluiupfvipvoshftpieasgwapago/Build/Products/Debug-iphonesimulator/PackageFrameworks -F /Users/sergiorodriguez/Library/Developer/Xcode/DerivedData/Embrace_Ecommerce-bluiupfvipvoshftpieasgwapago/Build/Products/Debug-iphonesimulator/PackageFrameworks -F /Users/sergiorodriguez/Library/Developer/Xcode/DerivedData/Embrace_Ecommerce-bluiupfvipvoshftpieasgwapago/Build/Products/Debug-iphonesimulator/PackageFrameworks -F /Users/sergiorodriguez/Library/Developer/Xcode/DerivedData/Embrace_Ecommerce-bluiupfvipvoshftpieasgwapago/Build/Products/Debug-iphonesimulator/PackageFrameworks -F /Users/sergiorodriguez/Library/Developer/Xcode/DerivedData/Embrace_Ecommerce-bluiupfvipvoshftpieasgwapago/Build/Products/Debug-iphonesimulator/PackageFrameworks -F /Users/sergiorodriguez/Library/Developer/Xcode/DerivedData/Embrace_Ecommerce-bluiupfvipvoshftpieasgwapago/Build/Products/Debug-iphonesimulator/PackageFrameworks -F /Users/sergiorodriguez/Library/Developer/Xcode/DerivedData/Embrace_Ecommerce-bluiupfvipvoshftpieasgwapago/Build/Products/Debug-iphonesimulator/PackageFrameworks -F /Users/sergiorodriguez/Library/Developer/Xcode/DerivedData/Embrace_Ecommerce-bluiupfvipvoshftpieasgwapago/Build/Products/Debug-iphonesimulator/PackageFrameworks -F /Users/sergiorodriguez/Library/Developer/Xcode/DerivedData/Embrace_Ecommerce-bluiupfvipvoshftpieasgwapago/Build/Products/Debug-iphonesimulator/PackageFrameworks -F /Users/sergiorodriguez/Library/Developer/Xcode/DerivedData/Embrace_Ecommerce-bluiupfvipvoshftpieasgwapago/Build/Products/Debug-iphonesimulator/PackageFrameworks -F /Users/sergiorodriguez/Library/Developer/Xcode/DerivedData/Embrace_Ecommerce-bluiupfvipvoshftpieasgwapago/Build/Products/Debug-iphonesimulator/PackageFrameworks -F /Users/sergiorodriguez/Library/Developer/Xcode/DerivedData/Embrace_Ecommerce-bluiupfvipvoshftpieasgwapago/Build/Products/Debug-iphonesimulator/PackageFrameworks -F /Users/sergiorodriguez/Library/Developer/Xcode/DerivedData/Embrace_Ecommerce-bluiupfvipvoshftpieasgwapago/Build/Products/Debug-iphonesimulator -no-color-diagnostics -enable-testing -g -debug-info-format\=dwarf -dwarf-version\=5 -module-cache-path /Users/sergiorodriguez/Library/Developer/Xcode/DerivedData/ModuleCache.noindex -swift-version 5 -enforce-exclusivity\=checked -Onone -D DEBUG -serialize-debugging-options -load-plugin-executable /Users/sergiorodriguez/Library/Developer/Xcode/DerivedData/Embrace_Ecommerce-bluiupfvipvoshftpieasgwapago/Build/Products/Debug/EmbraceMacroPlugin\#EmbraceMacroPlugin -const-gather-protocols-file /Users/sergiorodriguez/Library/Developer/Xcode/DerivedData/Embrace_Ecommerce-bluiupfvipvoshftpieasgwapago/Build/Intermediates.noindex/Embrace\ Ecommerce.build/Debug-iphonesimulator/Embrace\ Ecommerce.build/Objects-normal/x86_64/Embrace\ Ecommerce_const_extract_protocols.json -enable-experimental-feature DebugDescriptionMacro -enable-bare-slash-regex -empty-abi-descriptor -validate-clang-modules-once -clang-build-session-file /Users/sergiorodriguez/Library/Developer/Xcode/DerivedData/ModuleCache.noindex/Session.modulevalidation -Xcc -working-directory -Xcc /Users/sergiorodriguez/Documents/test\ apps/Embrace\ Ecommerce -resource-dir /Applications/Xcode.app/Contents/Developer/Toolchains/XcodeDefault.xctoolchain/usr/lib/swift -enable-anonymous-context-mangled-names -file-compilation-dir /Users/sergiorodriguez/Documents/test\ apps/Embrace\ Ecommerce -Xcc -fmodule-map-file\=/Users/sergiorodriguez/Library/Developer/Xcode/DerivedData/Embrace_Ecommerce-bluiupfvipvoshftpieasgwapago/Build/Intermediates.noindex/GeneratedModuleMaps-iphonesimulator/GoogleAdsOnDeviceConversionTarget.modulemap -Xcc -fmodule-map-file\=/Users/sergiorodriguez/Library/Developer/Xcode/DerivedData/Embrace_Ecommerce-bluiupfvipvoshftpieasgwapago/Build/Intermediates.noindex/GeneratedModuleMaps-iphonesimulator/GoogleAppMeasurementTarget.modulemap -Xcc -fmodule-map-file\=/Users/sergiorodriguez/Library/Developer/Xcode/DerivedData/Embrace_Ecommerce-bluiupfvipvoshftpieasgwapago/Build/Intermediates.noindex/GeneratedModuleMaps-iphonesimulator/FirebaseAnalyticsWrapper.modulemap -Xcc -fmodule-map-file\=/Users/sergiorodriguez/Library/Developer/Xcode/DerivedData/Embrace_Ecommerce-bluiupfvipvoshftpieasgwapago/Build/Intermediates.noindex/GeneratedModuleMaps-iphonesimulator/FirebaseAnalyticsTarget.modulemap -Xcc -fmodule-map-file\=/Users/sergiorodriguez/Library/Developer/Xcode/DerivedData/Embrace_Ecommerce-bluiupfvipvoshftpieasgwapago/Build/Intermediates.noindex/GeneratedModuleMaps-iphonesimulator/GoogleAppMeasurementIdentitySupportTarget.modulemap -Xcc -fmodule-map-file\=/Users/sergiorodriguez/Library/Developer/Xcode/DerivedData/Embrace_Ecommerce-bluiupfvipvoshftpieasgwapago/Build/Intermediates.noindex/GeneratedModuleMaps-iphonesimulator/FirebaseAnalyticsIdentitySupportTarget.modulemap -Xcc -fmodule-map-file\=/Users/sergiorodriguez/Library/Developer/Xcode/DerivedData/Embrace_Ecommerce-bluiupfvipvoshftpieasgwapago/Build/Intermediates.noindex/GeneratedModuleMaps-iphonesimulator/KSCrashRecordingCore.modulemap -Xcc -fmodule-map-file\=/Users/sergiorodriguez/Library/Developer/Xcode/DerivedData/Embrace_Ecommerce-bluiupfvipvoshftpieasgwapago/Build/Intermediates.noindex/GeneratedModuleMaps-iphonesimulator/KSCrashCore.modulemap -Xcc -fmodule-map-file\=/Users/sergiorodriguez/Library/Developer/Xcode/DerivedData/Embrace_Ecommerce-bluiupfvipvoshftpieasgwapago/Build/Intermediates.noindex/GeneratedModuleMaps-iphonesimulator/KSCrashRecording.modulemap -Xcc -fmodule-map-file\=/Users/sergiorodriguez/Library/Developer/Xcode/DerivedData/Embrace_Ecommerce-bluiupfvipvoshftpieasgwapago/Build/Intermediates.noindex/GeneratedModuleMaps-iphonesimulator/Stripe3DS2.modulemap -Xcc -fmodule-map-file\=/Users/sergiorodriguez/Library/Developer/Xcode/DerivedData/Embrace_Ecommerce-bluiupfvipvoshftpieasgwapago/Build/Intermediates.noindex/GeneratedModuleMaps-iphonesimulator/AppAuth.modulemap -Xcc -fmodule-map-file\=/Users/sergiorodriguez/Library/Developer/Xcode/DerivedData/Embrace_Ecommerce-bluiupfvipvoshftpieasgwapago/Build/Intermediates.noindex/GeneratedModuleMaps-iphonesimulator/AppAuthCore.modulemap -Xcc -fmodule-map-file\=/Users/sergiorodriguez/Library/Developer/Xcode/DerivedData/Embrace_Ecommerce-bluiupfvipvoshftpieasgwapago/Build/Intermediates.noindex/GeneratedModuleMaps-iphonesimulator/GTMSessionFetcherCore.modulemap -Xcc -fmodule-map-file\=/Users/sergiorodriguez/Library/Developer/Xcode/DerivedData/Embrace_Ecommerce-bluiupfvipvoshftpieasgwapago/Build/Intermediates.noindex/GeneratedModuleMaps-iphonesimulator/GoogleSignIn.modulemap -Xcc -fmodule-map-file\=/Users/sergiorodriguez/Library/Developer/Xcode/DerivedData/Embrace_Ecommerce-bluiupfvipvoshftpieasgwapago/Build/Intermediates.noindex/GeneratedModuleMaps-iphonesimulator/FirebaseCoreExtension.modulemap -Xcc -fmodule-map-file\=/Users/sergiorodriguez/Library/Developer/Xcode/DerivedData/Embrace_Ecommerce-bluiupfvipvoshftpieasgwapago/Build/Intermediates.noindex/GeneratedModuleMaps-iphonesimulator/FirebaseAuthInterop.modulemap -Xcc -fmodule-map-file\=/Users/sergiorodriguez/Library/Developer/Xcode/DerivedData/Embrace_Ecommerce-bluiupfvipvoshftpieasgwapago/Build/Intermediates.noindex/GeneratedModuleMaps-iphonesimulator/AppCheckCore.modulemap -Xcc -fmodule-map-file\=/Users/sergiorodriguez/Library/Developer/Xcode/DerivedData/Embrace_Ecommerce-bluiupfvipvoshftpieasgwapago/Build/Intermediates.noindex/GeneratedModuleMaps-iphonesimulator/FirebaseAppCheckInterop.modulemap -Xcc -fmodule-map-file\=/Users/sergiorodriguez/Library/Developer/Xcode/DerivedData/Embrace_Ecommerce-bluiupfvipvoshftpieasgwapago/Build/Intermediates.noindex/GeneratedModuleMaps-iphonesimulator/FirebaseAppCheck.modulemap -Xcc -fmodule-map-file\=/Users/sergiorodriguez/Library/Developer/Xcode/DerivedData/Embrace_Ecommerce-bluiupfvipvoshftpieasgwapago/Build/Intermediates.noindex/GeneratedModuleMaps-iphonesimulator/GoogleUtilities-UserDefaults.modulemap -Xcc -fmodule-map-file\=/Users/sergiorodriguez/Library/Developer/Xcode/DerivedData/Embrace_Ecommerce-bluiupfvipvoshftpieasgwapago/Build/Intermediates.noindex/GeneratedModuleMaps-iphonesimulator/GoogleAppMeasurementCoreTarget.modulemap -Xcc -fmodule-map-file\=/Users/sergiorodriguez/Library/Developer/Xcode/DerivedData/Embrace_Ecommerce-bluiupfvipvoshftpieasgwapago/Build/Intermediates.noindex/GeneratedModuleMaps-iphonesimulator/GoogleUtilities-AppDelegateSwizzler.modulemap -Xcc -fmodule-map-file\=/Users/sergiorodriguez/Library/Developer/Xcode/DerivedData/Embrace_Ecommerce-bluiupfvipvoshftpieasgwapago/Build/Intermediates.noindex/GeneratedModuleMaps-iphonesimulator/GoogleUtilities-MethodSwizzler.modulemap -Xcc -fmodule-map-file\=/Users/sergiorodriguez/Library/Developer/Xcode/DerivedData/Embrace_Ecommerce-bluiupfvipvoshftpieasgwapago/Build/Intermediates.noindex/GeneratedModuleMaps-iphonesimulator/GoogleUtilities-Reachability.modulemap -Xcc -fmodule-map-file\=/Users/sergiorodriguez/Library/Developer/Xcode/DerivedData/Embrace_Ecommerce-bluiupfvipvoshftpieasgwapago/Build/Intermediates.noindex/GeneratedModuleMaps-iphonesimulator/GoogleUtilities-NSData.modulemap -Xcc -fmodule-map-file\=/Users/sergiorodriguez/Library/Developer/Xcode/DerivedData/Embrace_Ecommerce-bluiupfvipvoshftpieasgwapago/Build/Intermediates.noindex/GeneratedModuleMaps-iphonesimulator/GoogleUtilities-Logger.modulemap -Xcc -fmodule-map-file\=/Users/sergiorodriguez/Library/Developer/Xcode/DerivedData/Embrace_Ecommerce-bluiupfvipvoshftpieasgwapago/Build/Intermediates.noindex/GeneratedModuleMaps-iphonesimulator/GoogleUtilities-Environment.modulemap -Xcc -fmodule-map-file\=/Users/sergiorodriguez/Library/Developer/Xcode/DerivedData/Embrace_Ecommerce-bluiupfvipvoshftpieasgwapago/Build/Intermediates.noindex/GeneratedModuleMaps-iphonesimulator/third-party-IsAppEncrypted.modulemap -Xcc -fmodule-map-file\=/Users/sergiorodriguez/Library/Developer/Xcode/DerivedData/Embrace_Ecommerce-bluiupfvipvoshftpieasgwapago/Build/Intermediates.noindex/GeneratedModuleMaps-iphonesimulator/GoogleUtilities-Network.modulemap -Xcc -fmodule-map-file\=/Users/sergiorodriguez/Library/Developer/Xcode/DerivedData/Embrace_Ecommerce-bluiupfvipvoshftpieasgwapago/Build/Intermediates.noindex/GeneratedModuleMaps-iphonesimulator/nanopb.modulemap -Xcc -fmodule-map-file\=/Users/sergiorodriguez/Library/Developer/Xcode/DerivedData/Embrace_Ecommerce-bluiupfvipvoshftpieasgwapago/Build/Intermediates.noindex/GeneratedModuleMaps-iphonesimulator/FirebaseAnalyticsCoreWrapper.modulemap -Xcc -fmodule-map-file\=/Users/sergiorodriguez/Library/Developer/Xcode/DerivedData/Embrace_Ecommerce-bluiupfvipvoshftpieasgwapago/Build/Intermediates.noindex/GeneratedModuleMaps-iphonesimulator/FirebaseInstallations.modulemap -Xcc -fmodule-map-file\=/Users/sergiorodriguez/Library/Developer/Xcode/DerivedData/Embrace_Ecommerce-bluiupfvipvoshftpieasgwapago/Build/Intermediates.noindex/GeneratedModuleMaps-iphonesimulator/FirebaseCore.modulemap -Xcc -fmodule-map-file\=/Users/sergiorodriguez/Library/Developer/Xcode/DerivedData/Embrace_Ecommerce-bluiupfvipvoshftpieasgwapago/Build/Intermediates.noindex/GeneratedModuleMaps-iphonesimulator/FirebaseAnalyticsCoreTarget.modulemap -Xcc -ivfsstatcache -Xcc /Users/sergiorodriguez/Library/Developer/Xcode/DerivedData/SDKStatCaches.noindex/iphonesimulator18.5-22F76-d5fc8ad4295d2ef488fb7d0f804ce0c4.sdkstatcache -Xcc -I/Users/sergiorodriguez/Library/Developer/Xcode/DerivedData/Embrace_Ecommerce-bluiupfvipvoshftpieasgwapago/Build/Intermediates.noindex/Embrace\ Ecommerce.build/Debug-iphonesimulator/Embrace\ Ecommerce.build/swift-overrides.hmap -Xcc -iquote -Xcc /Users/sergiorodriguez/Library/Developer/Xcode/DerivedData/Embrace_Ecommerce-bluiupfvipvoshftpieasgwapago/Build/Intermediates.noindex/Embrace\ Ecommerce.build/Debug-iphonesimulator/Embrace\ Ecommerce.build/Embrace\ Ecommerce-generated-files.hmap -Xcc -I/Users/sergiorodriguez/Library/Developer/Xcode/DerivedData/Embrace_Ecommerce-bluiupfvipvoshftpieasgwapago/Build/Intermediates.noindex/Embrace\ Ecommerce.build/Debug-iphonesimulator/Embrace\ Ecommerce.build/Embrace\ Ecommerce-own-target-headers.hmap -Xcc -I/Users/sergiorodriguez/Library/Developer/Xcode/DerivedData/Embrace_Ecommerce-bluiupfvipvoshftpieasgwapago/Build/Intermediates.noindex/Embrace\ Ecommerce.build/Debug-iphonesimulator/Embrace\ Ecommerce.build/Embrace\ Ecommerce-all-non-framework-target-headers.hmap -Xcc -ivfsoverlay -Xcc /Users/sergiorodriguez/Library/Developer/Xcode/DerivedData/Embrace_Ecommerce-bluiupfvipvoshftpieasgwapago/Build/Intermediates.noindex/Embrace\ Ecommerce.build/Debug-iphonesimulator/Embrace\ Ecommerce-34bc634bdafa12035215f29503d468df-VFS-iphonesimulator/all-product-headers.yaml -Xcc -iquote -Xcc /Users/sergiorodriguez/Library/Developer/Xcode/DerivedData/Embrace_Ecommerce-bluiupfvipvoshftpieasgwapago/Build/Intermediates.noindex/Embrace\ Ecommerce.build/Debug-iphonesimulator/Embrace\ Ecommerce.build/Embrace\ Ecommerce-project-headers.hmap -Xcc -I/Users/sergiorodriguez/Library/Developer/Xcode/DerivedData/Embrace_Ecommerce-bluiupfvipvoshftpieasgwapago/SourcePackages/checkouts/google-ads-on-device-conversion-ios-sdk/GoogleAdsOnDeviceConversionWrapper/include -Xcc -I/Users/sergiorodriguez/Library/Developer/Xcode/DerivedData/Embrace_Ecommerce-bluiupfvipvoshftpieasgwapago/SourcePackages/checkouts/GoogleAppMeasurement/GoogleAppMeasurementWrapper/include -Xcc -I/Users/sergiorodriguez/Library/Developer/Xcode/DerivedData/Embrace_Ecommerce-bluiupfvipvoshftpieasgwapago/SourcePackages/checkouts/firebase-ios-sdk/FirebaseAnalyticsWrapper/include -Xcc -I/Users/sergiorodriguez/Library/Developer/Xcode/DerivedData/Embrace_Ecommerce-bluiupfvipvoshftpieasgwapago/SourcePackages/checkouts/firebase-ios-sdk/SwiftPM-PlatformExclude/FirebaseAnalyticsWrap/include -Xcc -I/Users/sergiorodriguez/Library/Developer/Xcode/DerivedData/Embrace_Ecommerce-bluiupfvipvoshftpieasgwapago/SourcePackages/checkouts/GoogleAppMeasurement/GoogleAppMeasurementIdentitySupportWrapper/include -Xcc -I/Users/sergiorodriguez/Library/Developer/Xcode/DerivedData/Embrace_Ecommerce-bluiupfvipvoshftpieasgwapago/SourcePackages/checkouts/firebase-ios-sdk/FirebaseAnalyticsIdentitySupportWrapper/include -Xcc -I/Users/sergiorodriguez/Library/Developer/Xcode/DerivedData/Embrace_Ecommerce-bluiupfvipvoshftpieasgwapago/SourcePackages/checkouts/KSCrash/Sources/KSCrashRecordingCore/include -Xcc -I/Users/sergiorodriguez/Library/Developer/Xcode/DerivedData/Embrace_Ecommerce-bluiupfvipvoshftpieasgwapago/SourcePackages/checkouts/KSCrash/Sources/KSCrashCore/include -Xcc -I/Users/sergiorodriguez/Library/Developer/Xcode/DerivedData/Embrace_Ecommerce-bluiupfvipvoshftpieasgwapago/SourcePackages/checkouts/KSCrash/Sources/KSCrashRecording/include -Xcc -I/Users/sergiorodriguez/Library/Developer/Xcode/DerivedData/Embrace_Ecommerce-bluiupfvipvoshftpieasgwapago/SourcePackages/checkouts/stripe-ios/Stripe3DS2/Stripe3DS2/include -Xcc -I/Users/sergiorodriguez/Library/Developer/Xcode/DerivedData/Embrace_Ecommerce-bluiupfvipvoshftpieasgwapago/SourcePackages/checkouts/embrace-apple-sdk/Sources/EmbraceObjCUtilsInternal/include -Xcc -I/Users/sergiorodriguez/Library/Developer/Xcode/DerivedData/Embrace_Ecommerce-bluiupfvipvoshftpieasgwapago/SourcePackages/checkouts/AppAuth-iOS/Sources/AppAuth -Xcc -I/Users/sergiorodriguez/Library/Developer/Xcode/DerivedData/Embrace_Ecommerce-bluiupfvipvoshftpieasgwapago/SourcePackages/checkouts/AppAuth-iOS/Sources/AppAuthCore -Xcc -I/Users/sergiorodriguez/Library/Developer/Xcode/DerivedData/Embrace_Ecommerce-bluiupfvipvoshftpieasgwapago/SourcePackages/checkouts/gtm-session-fetcher/Sources/Core/Public -Xcc -I/Users/sergiorodriguez/Library/Developer/Xcode/DerivedData/Embrace_Ecommerce-bluiupfvipvoshftpieasgwapago/SourcePackages/checkouts/GoogleSignIn-iOS/GoogleSignIn/Sources/Public -Xcc -I/Users/sergiorodriguez/Library/Developer/Xcode/DerivedData/Embrace_Ecommerce-bluiupfvipvoshftpieasgwapago/SourcePackages/checkouts/firebase-ios-sdk/FirebaseCore/Extension -Xcc -I/Users/sergiorodriguez/Library/Developer/Xcode/DerivedData/Embrace_Ecommerce-bluiupfvipvoshftpieasgwapago/SourcePackages/checkouts/firebase-ios-sdk/FirebaseAuth/Interop/Public -Xcc -I/Users/sergiorodriguez/Library/Developer/Xcode/DerivedData/Embrace_Ecommerce-bluiupfvipvoshftpieasgwapago/SourcePackages/checkouts/app-check/AppCheckCore/Sources/Public -Xcc -I/Users/sergiorodriguez/Library/Developer/Xcode/DerivedData/Embrace_Ecommerce-bluiupfvipvoshftpieasgwapago/SourcePackages/checkouts/firebase-ios-sdk/FirebaseAppCheck/Interop/Public -Xcc -I/Users/sergiorodriguez/Library/Developer/Xcode/DerivedData/Embrace_Ecommerce-bluiupfvipvoshftpieasgwapago/SourcePackages/checkouts/firebase-ios-sdk/FirebaseAppCheck/Sources/Public -Xcc -I/Users/sergiorodriguez/Library/Developer/Xcode/DerivedData/Embrace_Ecommerce-bluiupfvipvoshftpieasgwapago/SourcePackages/checkouts/promises/Sources/FBLPromises/include -Xcc -I/Users/sergiorodriguez/Library/Developer/Xcode/DerivedData/Embrace_Ecommerce-bluiupfvipvoshftpieasgwapago/SourcePackages/checkouts/GoogleUtilities/GoogleUtilities/UserDefaults/Public -Xcc -I/Users/sergiorodriguez/Library/Developer/Xcode/DerivedData/Embrace_Ecommerce-bluiupfvipvoshftpieasgwapago/SourcePackages/checkouts/GoogleAppMeasurement/GoogleAppMeasurementCoreWrapper/include -Xcc -I/Users/sergiorodriguez/Library/Developer/Xcode/DerivedData/Embrace_Ecommerce-bluiupfvipvoshftpieasgwapago/SourcePackages/checkouts/GoogleUtilities/GoogleUtilities/AppDelegateSwizzler/Public -Xcc -I/Users/sergiorodriguez/Library/Developer/Xcode/DerivedData/Embrace_Ecommerce-bluiupfvipvoshftpieasgwapago/SourcePackages/checkouts/GoogleUtilities/GoogleUtilities/MethodSwizzler/Public -Xcc -I/Users/sergiorodriguez/Library/Developer/Xcode/DerivedData/Embrace_Ecommerce-bluiupfvipvoshftpieasgwapago/SourcePackages/checkouts/GoogleUtilities/GoogleUtilities/Reachability/Public -Xcc -I/Users/sergiorodriguez/Library/Developer/Xcode/DerivedData/Embrace_Ecommerce-bluiupfvipvoshftpieasgwapago/SourcePackages/checkouts/GoogleUtilities/GoogleUtilities/NSData+zlib/Public -Xcc -I/Users/sergiorodriguez/Library/Developer/Xcode/DerivedData/Embrace_Ecommerce-bluiupfvipvoshftpieasgwapago/SourcePackages/checkouts/GoogleUtilities/GoogleUtilities/Logger/Public -Xcc -I/Users/sergiorodriguez/Library/Developer/Xcode/DerivedData/Embrace_Ecommerce-bluiupfvipvoshftpieasgwapago/SourcePackages/checkouts/GoogleUtilities/GoogleUtilities/Environment/Public -Xcc -I/Users/sergiorodriguez/Library/Developer/Xcode/DerivedData/Embrace_Ecommerce-bluiupfvipvoshftpieasgwapago/SourcePackages/checkouts/GoogleUtilities/third_party/IsAppEncrypted/Public -Xcc -I/Users/sergiorodriguez/Library/Developer/Xcode/DerivedData/Embrace_Ecommerce-bluiupfvipvoshftpieasgwapago/SourcePackages/checkouts/GoogleUtilities/GoogleUtilities/Network/Public -Xcc -I/Users/sergiorodriguez/Library/Developer/Xcode/DerivedData/Embrace_Ecommerce-bluiupfvipvoshftpieasgwapago/SourcePackages/checkouts/nanopb/spm_headers -Xcc -I/Users/sergiorodriguez/Library/Developer/Xcode/DerivedData/Embrace_Ecommerce-bluiupfvipvoshftpieasgwapago/SourcePackages/checkouts/firebase-ios-sdk/FirebaseAnalyticsCoreWrapper/include -Xcc -I/Users/sergiorodriguez/Library/Developer/Xcode/DerivedData/Embrace_Ecommerce-bluiupfvipvoshftpieasgwapago/SourcePackages/checkouts/firebase-ios-sdk/FirebaseInstallations/Source/Library/Public -Xcc -I/Users/sergiorodriguez/Library/Developer/Xcode/DerivedData/Embrace_Ecommerce-bluiupfvipvoshftpieasgwapago/SourcePackages/checkouts/firebase-ios-sdk/FirebaseCore/Sources/Public -Xcc -I/Users/sergiorodriguez/Library/Developer/Xcode/DerivedData/Embrace_Ecommerce-bluiupfvipvoshftpieasgwapago/SourcePackages/checkouts/firebase-ios-sdk/CoreOnly/Sources -Xcc -I/Users/sergiorodriguez/Library/Developer/Xcode/DerivedData/Embrace_Ecommerce-bluiupfvipvoshftpieasgwapago/SourcePackages/checkouts/firebase-ios-sdk/SwiftPM-PlatformExclude/FirebaseAnalyticsCoreWrap/include -Xcc -I/Users/sergiorodriguez/Library/Developer/Xcode/DerivedData/Embrace_Ecommerce-bluiupfvipvoshftpieasgwapago/Build/Products/Debug-iphonesimulator/include -Xcc -I/Users/sergiorodriguez/Library/Developer/Xcode/DerivedData/Embrace_Ecommerce-bluiupfvipvoshftpieasgwapago/Build/Intermediates.noindex/Embrace\ Ecommerce.build/Debug-iphonesimulator/Embrace\ Ecommerce.build/DerivedSources-normal/x86_64 -Xcc -I/Users/sergiorodriguez/Library/Developer/Xcode/DerivedData/Embrace_Ecommerce-bluiupfvipvoshftpieasgwapago/Build/Intermediates.noindex/Embrace\ Ecommerce.build/Debug-iphonesimulator/Embrace\ Ecommerce.build/DerivedSources/x86_64 -Xcc -I/Users/sergiorodriguez/Library/Developer/Xcode/DerivedData/Embrace_Ecommerce-bluiupfvipvoshftpieasgwapago/Build/Intermediates.noindex/Embrace\ Ecommerce.build/Debug-iphonesimulator/Embrace\ Ecommerce.build/DerivedSources -Xcc -DDEBUG\=1 -module-name Embrace_Ecommerce -frontend-parseable-output -disable-clang-spi -target-sdk-version 18.5 -target-sdk-name iphonesimulator18.5 -external-plugin-path /Applications/Xcode.app/Contents/Developer/Platforms/iPhoneOS.platform/Developer/usr/lib/swift/host/plugins\#/Applications/Xcode.app/Contents/Developer/Platforms/iPhoneOS.platform/Developer/usr/bin/swift-plugin-server -external-plugin-path /Applications/Xcode.app/Contents/Developer/Platforms/iPhoneOS.platform/Developer/usr/local/lib/swift/host/plugins\#/Applications/Xcode.app/Contents/Developer/Platforms/iPhoneOS.platform/Developer/usr/bin/swift-plugin-server -in-process-plugin-server-path /Applications/Xcode.app/Contents/Developer/Toolchains/XcodeDefault.xctoolchain/usr/lib/swift/host/libSwiftInProcPluginServer.dylib -plugin-path /Applications/Xcode.app/Contents/Developer/Toolchains/XcodeDefault.xctoolchain/usr/lib/swift/host/plugins -plugin-path /Applications/Xcode.app/Contents/Developer/Toolchains/XcodeDefault.xctoolchain/usr/local/lib/swift/host/plugins -o /Users/sergiorodriguez/Library/Developer/Xcode/DerivedData/Embrace_Ecommerce-bluiupfvipvoshftpieasgwapago/Build/Intermediates.noindex/Embrace\ Ecommerce.build/Debug-iphonesimulator/Embrace\ Ecommerce.build/Objects-normal/x86_64/AuthenticationModels.o -o /Users/sergiorodriguez/Library/Developer/Xcode/DerivedData/Embrace_Ecommerce-bluiupfvipvoshftpieasgwapago/Build/Intermediates.noindex/Embrace\ Ecommerce.build/Debug-iphonesimulator/Embrace\ Ecommerce.build/Objects-normal/x86_64/NetworkSettingsView.o -o /Users/sergiorodriguez/Library/Developer/Xcode/DerivedData/Embrace_Ecommerce-bluiupfvipvoshftpieasgwapago/Build/Intermediates.noindex/Embrace\ Ecommerce.build/Debug-iphonesimulator/Embrace\ Ecommerce.build/Objects-normal/x86_64/MockNetworkService.o -o /Users/sergiorodriguez/Library/Developer/Xcode/DerivedData/Embrace_Ecommerce-bluiupfvipvoshftpieasgwapago/Build/Intermediates.noindex/Embrace\ Ecommerce.build/Debug-iphonesimulator/Embrace\ Ecommerce.build/Objects-normal/x86_64/StripePaymentService.o -o /Users/sergiorodriguez/Library/Developer/Xcode/DerivedData/Embrace_Ecommerce-bluiupfvipvoshftpieasgwapago/Build/Intermediates.noindex/Embrace\ Ecommerce.build/Debug-iphonesimulator/Embrace\ Ecommerce.build/Objects-normal/x86_64/BiometricSettingsView.o -o /Users/sergiorodriguez/Library/Developer/Xcode/DerivedData/Embrace_Ecommerce-bluiupfvipvoshftpieasgwapago/Build/Intermediates.noindex/Embrace\ Ecommerce.build/Debug-iphonesimulator/Embrace\ Ecommerce.build/Objects-normal/x86_64/MainTabView.o -o /Users/sergiorodriguez/Library/Developer/Xcode/DerivedData/Embrace_Ecommerce-bluiupfvipvoshftpieasgwapago/Build/Intermediates.noindex/Embrace\ Ecommerce.build/Debug-iphonesimulator/Embrace\ Ecommerce.build/Objects-normal/x86_64/EmbraceService.o -o /Users/sergiorodriguez/Library/Developer/Xcode/DerivedData/Embrace_Ecommerce-bluiupfvipvoshftpieasgwapago/Build/Intermediates.noindex/Embrace\ Ecommerce.build/Debug-iphonesimulator/Embrace\ Ecommerce.build/Objects-normal/x86_64/AddressValidationResultView.o -index-unit-output-path /Embrace\ Ecommerce.build/Debug-iphonesimulator/Embrace\ Ecommerce.build/Objects-normal/x86_64/AuthenticationModels.o -index-unit-output-path /Embrace\ Ecommerce.build/Debug-iphonesimulator/Embrace\ Ecommerce.build/Objects-normal/x86_64/NetworkSettingsView.o -index-unit-output-path /Embrace\ Ecommerce.build/Debug-iphonesimulator/Embrace\ Ecommerce.build/Objects-normal/x86_64/MockNetworkService.o -index-unit-output-path /Embrace\ Ecommerce.build/Debug-iphonesimulator/Embrace\ Ecommerce.build/Objects-normal/x86_64/StripePaymentService.o -index-unit-output-path /Embrace\ Ecommerce.build/Debug-iphonesimulator/Embrace\ Ecommerce.build/Objects-normal/x86_64/BiometricSettingsView.o -index-unit-output-path /Embrace\ Ecommerce.build/Debug-iphonesimulator/Embrace\ Ecommerce.build/Objects-normal/x86_64/MainTabView.o -index-unit-output-path /Embrace\ Ecommerce.build/Debug-iphonesimulator/Embrace\ Ecommerce.build/Objects-normal/x86_64/EmbraceService.o -index-unit-output-path /Embrace\ Ecommerce.build/Debug-iphonesimulator/Embrace\ Ecommerce.build/Objects-normal/x86_64/AddressValidationResultView.o -index-store-path /Users/sergiorodriguez/Library/Developer/Xcode/DerivedData/Embrace_Ecommerce-bluiupfvipvoshftpieasgwapago/Index.noindex/DataStore -index-system-modules

SwiftCompile normal x86_64 /Users/sergiorodriguez/Documents/test\ apps/Embrace\ Ecommerce/Embrace\ Ecommerce/Models/AuthenticationModels.swift (in target 'Embrace Ecommerce' from project 'Embrace Ecommerce')
    cd /Users/sergiorodriguez/Documents/test\ apps/Embrace\ Ecommerce
    

SwiftCompile normal x86_64 /Users/sergiorodriguez/Documents/test\ apps/Embrace\ Ecommerce/Embrace\ Ecommerce/Views/NetworkSettingsView.swift (in target 'Embrace Ecommerce' from project 'Embrace Ecommerce')
    cd /Users/sergiorodriguez/Documents/test\ apps/Embrace\ Ecommerce
    

SwiftCompile normal x86_64 /Users/sergiorodriguez/Documents/test\ apps/Embrace\ Ecommerce/Embrace\ Ecommerce/Services/MockNetworkService.swift (in target 'Embrace Ecommerce' from project 'Embrace Ecommerce')
    cd /Users/sergiorodriguez/Documents/test\ apps/Embrace\ Ecommerce
    

SwiftCompile normal x86_64 /Users/sergiorodriguez/Documents/test\ apps/Embrace\ Ecommerce/Embrace\ Ecommerce/Services/StripePaymentService.swift (in target 'Embrace Ecommerce' from project 'Embrace Ecommerce')
    cd /Users/sergiorodriguez/Documents/test\ apps/Embrace\ Ecommerce
    

SwiftCompile normal x86_64 /Users/sergiorodriguez/Documents/test\ apps/Embrace\ Ecommerce/Embrace\ Ecommerce/Views/BiometricSettingsView.swift (in target 'Embrace Ecommerce' from project 'Embrace Ecommerce')
    cd /Users/sergiorodriguez/Documents/test\ apps/Embrace\ Ecommerce
    

SwiftCompile normal x86_64 /Users/sergiorodriguez/Documents/test\ apps/Embrace\ Ecommerce/Embrace\ Ecommerce/Views/MainTabView.swift (in target 'Embrace Ecommerce' from project 'Embrace Ecommerce')
    cd /Users/sergiorodriguez/Documents/test\ apps/Embrace\ Ecommerce
    

SwiftCompile normal x86_64 /Users/sergiorodriguez/Documents/test\ apps/Embrace\ Ecommerce/Embrace\ Ecommerce/Services/EmbraceService.swift (in target 'Embrace Ecommerce' from project 'Embrace Ecommerce')
    cd /Users/sergiorodriguez/Documents/test\ apps/Embrace\ Ecommerce
    
/Users/sergiorodriguez/Documents/test apps/Embrace Ecommerce/Embrace Ecommerce/Services/EmbraceService.swift:91:25: error: value of type 'Embrace' has no member 'addBreadcrumb'
        Embrace.client?.addBreadcrumb(message)
        ~~~~~~~~~~~~~~~ ^~~~~~~~~~~~~
/Users/sergiorodriguez/Documents/test apps/Embrace Ecommerce/Embrace Ecommerce/Services/EmbraceService.swift:97:25: error: value of type 'Embrace' has no member 'addSessionProperty'
        Embrace.client?.addSessionProperty(key, value: value, permanent: permanent)
        ~~~~~~~~~~~~~~~ ^~~~~~~~~~~~~~~~~~
/Users/sergiorodriguez/Documents/test apps/Embrace Ecommerce/Embrace Ecommerce/Services/EmbraceService.swift:101:25: error: value of type 'Embrace' has no member 'removeSessionProperty'
        Embrace.client?.removeSessionProperty(key)
        ~~~~~~~~~~~~~~~ ^~~~~~~~~~~~~~~~~~~~~
/Users/sergiorodriguez/Documents/test apps/Embrace Ecommerce/Embrace Ecommerce/Services/EmbraceService.swift:121:19: error: value of type 'any Span' has no member 'setStatus'
            span?.setStatus(.error, description: errorMessage)
            ~~~~~ ^~~~~~~~~
/Users/sergiorodriguez/Documents/test apps/Embrace Ecommerce/Embrace Ecommerce/Services/EmbraceService.swift:121:30: error: cannot infer contextual base in reference to member 'error'
            span?.setStatus(.error, description: errorMessage)
                            ~^~~~~
/Users/sergiorodriguez/Documents/test apps/Embrace Ecommerce/Embrace Ecommerce/Services/EmbraceService.swift:140:59: error: cannot convert value of type '[String : String?]' to expected argument type '[String : String]'
        logInfo("Push notification received", properties: attributes)
                                                          ^
/Users/sergiorodriguez/Documents/test apps/Embrace Ecommerce/Embrace Ecommerce/Services/EmbraceService.swift:140:59: note: arguments to generic parameter 'Value' ('String?' and 'String') are expected to be equal
        logInfo("Push notification received", properties: attributes)
                                                          ^

SwiftCompile normal x86_64 /Users/sergiorodriguez/Documents/test\ apps/Embrace\ Ecommerce/Embrace\ Ecommerce/Views/AddressValidationResultView.swift (in target 'Embrace Ecommerce' from project 'Embrace Ecommerce')
    cd /Users/sergiorodriguez/Documents/test\ apps/Embrace\ Ecommerce
    

SwiftCompile normal x86_64 Compiling\ EnhancedShippingMethodView.swift,\ ShippingMethod.swift,\ ProductListView.swift,\ BiometricAuthenticationManager.swift,\ NetworkService.swift,\ QuantitySelectorView.swift,\ EditProfileView.swift,\ Order.swift /Users/sergiorodriguez/Documents/test\ apps/Embrace\ Ecommerce/Embrace\ Ecommerce/Views/EnhancedShippingMethodView.swift /Users/sergiorodriguez/Documents/test\ apps/Embrace\ Ecommerce/Embrace\ Ecommerce/Models/ShippingMethod.swift /Users/sergiorodriguez/Documents/test\ apps/Embrace\ Ecommerce/Embrace\ Ecommerce/Views/ProductListView.swift /Users/sergiorodriguez/Documents/test\ apps/Embrace\ Ecommerce/Embrace\ Ecommerce/Services/BiometricAuthenticationManager.swift /Users/sergiorodriguez/Documents/test\ apps/Embrace\ Ecommerce/Embrace\ Ecommerce/Services/NetworkService.swift /Users/sergiorodriguez/Documents/test\ apps/Embrace\ Ecommerce/Embrace\ Ecommerce/UIKit/QuantitySelectorView.swift /Users/sergiorodriguez/Documents/test\ apps/Embrace\ Ecommerce/Embrace\ Ecommerce/Views/EditProfileView.swift /Users/sergiorodriguez/Documents/test\ apps/Embrace\ Ecommerce/Embrace\ Ecommerce/Models/Order.swift (in target 'Embrace Ecommerce' from project 'Embrace Ecommerce')

SwiftCompile normal x86_64 /Users/sergiorodriguez/Documents/test\ apps/Embrace\ Ecommerce/Embrace\ Ecommerce/Views/EnhancedShippingMethodView.swift (in target 'Embrace Ecommerce' from project 'Embrace Ecommerce')
    cd /Users/sergiorodriguez/Documents/test\ apps/Embrace\ Ecommerce
    

SwiftCompile normal x86_64 /Users/sergiorodriguez/Documents/test\ apps/Embrace\ Ecommerce/Embrace\ Ecommerce/Models/ShippingMethod.swift (in target 'Embrace Ecommerce' from project 'Embrace Ecommerce')
    cd /Users/sergiorodriguez/Documents/test\ apps/Embrace\ Ecommerce
    

SwiftCompile normal x86_64 /Users/sergiorodriguez/Documents/test\ apps/Embrace\ Ecommerce/Embrace\ Ecommerce/Views/ProductListView.swift (in target 'Embrace Ecommerce' from project 'Embrace Ecommerce')
    cd /Users/sergiorodriguez/Documents/test\ apps/Embrace\ Ecommerce
    

SwiftCompile normal x86_64 /Users/sergiorodriguez/Documents/test\ apps/Embrace\ Ecommerce/Embrace\ Ecommerce/Services/BiometricAuthenticationManager.swift (in target 'Embrace Ecommerce' from project 'Embrace Ecommerce')
    cd /Users/sergiorodriguez/Documents/test\ apps/Embrace\ Ecommerce
    

SwiftCompile normal x86_64 /Users/sergiorodriguez/Documents/test\ apps/Embrace\ Ecommerce/Embrace\ Ecommerce/Services/NetworkService.swift (in target 'Embrace Ecommerce' from project 'Embrace Ecommerce')
    cd /Users/sergiorodriguez/Documents/test\ apps/Embrace\ Ecommerce
    

SwiftCompile normal x86_64 /Users/sergiorodriguez/Documents/test\ apps/Embrace\ Ecommerce/Embrace\ Ecommerce/UIKit/QuantitySelectorView.swift (in target 'Embrace Ecommerce' from project 'Embrace Ecommerce')
    cd /Users/sergiorodriguez/Documents/test\ apps/Embrace\ Ecommerce
    

SwiftCompile normal x86_64 /Users/sergiorodriguez/Documents/test\ apps/Embrace\ Ecommerce/Embrace\ Ecommerce/Views/EditProfileView.swift (in target 'Embrace Ecommerce' from project 'Embrace Ecommerce')
    cd /Users/sergiorodriguez/Documents/test\ apps/Embrace\ Ecommerce
    

SwiftCompile normal x86_64 /Users/sergiorodriguez/Documents/test\ apps/Embrace\ Ecommerce/Embrace\ Ecommerce/Models/Order.swift (in target 'Embrace Ecommerce' from project 'Embrace Ecommerce')
    cd /Users/sergiorodriguez/Documents/test\ apps/Embrace\ Ecommerce
    

SwiftEmitModule normal arm64 Emitting\ module\ for\ Embrace_Ecommerce (in target 'Embrace Ecommerce' from project 'Embrace Ecommerce')

EmitSwiftModule normal arm64 (in target 'Embrace Ecommerce' from project 'Embrace Ecommerce')
    cd /Users/sergiorodriguez/Documents/test\ apps/Embrace\ Ecommerce
    

SwiftDriverJobDiscovery normal x86_64 Emitting module for Embrace_Ecommerce (in target 'Embrace Ecommerce' from project 'Embrace Ecommerce')

SwiftDriver\ Compilation\ Requirements Embrace\ Ecommerce normal x86_64 com.apple.xcode.tools.swift.compiler (in target 'Embrace Ecommerce' from project 'Embrace Ecommerce')
    cd /Users/sergiorodriguez/Documents/test\ apps/Embrace\ Ecommerce
    builtin-Swift-Compilation-Requirements -- /Applications/Xcode.app/Contents/Developer/Toolchains/XcodeDefault.xctoolchain/usr/bin/swiftc -module-name Embrace_Ecommerce -Onone -enforce-exclusivity\=checked @/Users/sergiorodriguez/Library/Developer/Xcode/DerivedData/Embrace_Ecommerce-bluiupfvipvoshftpieasgwapago/Build/Intermediates.noindex/Embrace\ Ecommerce.build/Debug-iphonesimulator/Embrace\ Ecommerce.build/Objects-normal/x86_64/Embrace\ Ecommerce.SwiftFileList -DDEBUG -Xcc -fmodule-map-file\=/Users/sergiorodriguez/Library/Developer/Xcode/DerivedData/Embrace_Ecommerce-bluiupfvipvoshftpieasgwapago/Build/Intermediates.noindex/GeneratedModuleMaps-iphonesimulator/GoogleAdsOnDeviceConversionTarget.modulemap -Xcc -fmodule-map-file\=/Users/sergiorodriguez/Library/Developer/Xcode/DerivedData/Embrace_Ecommerce-bluiupfvipvoshftpieasgwapago/Build/Intermediates.noindex/GeneratedModuleMaps-iphonesimulator/GoogleAppMeasurementTarget.modulemap -Xcc -fmodule-map-file\=/Users/sergiorodriguez/Library/Developer/Xcode/DerivedData/Embrace_Ecommerce-bluiupfvipvoshftpieasgwapago/Build/Intermediates.noindex/GeneratedModuleMaps-iphonesimulator/FirebaseAnalyticsWrapper.modulemap -Xcc -fmodule-map-file\=/Users/sergiorodriguez/Library/Developer/Xcode/DerivedData/Embrace_Ecommerce-bluiupfvipvoshftpieasgwapago/Build/Intermediates.noindex/GeneratedModuleMaps-iphonesimulator/FirebaseAnalyticsTarget.modulemap -Xcc -fmodule-map-file\=/Users/sergiorodriguez/Library/Developer/Xcode/DerivedData/Embrace_Ecommerce-bluiupfvipvoshftpieasgwapago/Build/Intermediates.noindex/GeneratedModuleMaps-iphonesimulator/GoogleAppMeasurementIdentitySupportTarget.modulemap -Xcc -fmodule-map-file\=/Users/sergiorodriguez/Library/Developer/Xcode/DerivedData/Embrace_Ecommerce-bluiupfvipvoshftpieasgwapago/Build/Intermediates.noindex/GeneratedModuleMaps-iphonesimulator/FirebaseAnalyticsIdentitySupportTarget.modulemap -Xcc -fmodule-map-file\=/Users/sergiorodriguez/Library/Developer/Xcode/DerivedData/Embrace_Ecommerce-bluiupfvipvoshftpieasgwapago/Build/Intermediates.noindex/GeneratedModuleMaps-iphonesimulator/KSCrashRecordingCore.modulemap -Xcc -fmodule-map-file\=/Users/sergiorodriguez/Library/Developer/Xcode/DerivedData/Embrace_Ecommerce-bluiupfvipvoshftpieasgwapago/Build/Intermediates.noindex/GeneratedModuleMaps-iphonesimulator/KSCrashCore.modulemap -Xcc -fmodule-map-file\=/Users/sergiorodriguez/Library/Developer/Xcode/DerivedData/Embrace_Ecommerce-bluiupfvipvoshftpieasgwapago/Build/Intermediates.noindex/GeneratedModuleMaps-iphonesimulator/KSCrashRecording.modulemap -Xcc -fmodule-map-file\=/Users/sergiorodriguez/Library/Developer/Xcode/DerivedData/Embrace_Ecommerce-bluiupfvipvoshftpieasgwapago/Build/Intermediates.noindex/GeneratedModuleMaps-iphonesimulator/Stripe3DS2.modulemap -Xcc -fmodule-map-file\=/Users/sergiorodriguez/Library/Developer/Xcode/DerivedData/Embrace_Ecommerce-bluiupfvipvoshftpieasgwapago/Build/Intermediates.noindex/GeneratedModuleMaps-iphonesimulator/AppAuth.modulemap -Xcc -fmodule-map-file\=/Users/sergiorodriguez/Library/Developer/Xcode/DerivedData/Embrace_Ecommerce-bluiupfvipvoshftpieasgwapago/Build/Intermediates.noindex/GeneratedModuleMaps-iphonesimulator/AppAuthCore.modulemap -Xcc -fmodule-map-file\=/Users/sergiorodriguez/Library/Developer/Xcode/DerivedData/Embrace_Ecommerce-bluiupfvipvoshftpieasgwapago/Build/Intermediates.noindex/GeneratedModuleMaps-iphonesimulator/GTMSessionFetcherCore.modulemap -Xcc -fmodule-map-file\=/Users/sergiorodriguez/Library/Developer/Xcode/DerivedData/Embrace_Ecommerce-bluiupfvipvoshftpieasgwapago/Build/Intermediates.noindex/GeneratedModuleMaps-iphonesimulator/GoogleSignIn.modulemap -Xcc -fmodule-map-file\=/Users/sergiorodriguez/Library/Developer/Xcode/DerivedData/Embrace_Ecommerce-bluiupfvipvoshftpieasgwapago/Build/Intermediates.noindex/GeneratedModuleMaps-iphonesimulator/FirebaseCoreExtension.modulemap -Xcc -fmodule-map-file\=/Users/sergiorodriguez/Library/Developer/Xcode/DerivedData/Embrace_Ecommerce-bluiupfvipvoshftpieasgwapago/Build/Intermediates.noindex/GeneratedModuleMaps-iphonesimulator/FirebaseAuthInterop.modulemap -Xcc -fmodule-map-file\=/Users/sergiorodriguez/Library/Developer/Xcode/DerivedData/Embrace_Ecommerce-bluiupfvipvoshftpieasgwapago/Build/Intermediates.noindex/GeneratedModuleMaps-iphonesimulator/AppCheckCore.modulemap -Xcc -fmodule-map-file\=/Users/sergiorodriguez/Library/Developer/Xcode/DerivedData/Embrace_Ecommerce-bluiupfvipvoshftpieasgwapago/Build/Intermediates.noindex/GeneratedModuleMaps-iphonesimulator/FirebaseAppCheckInterop.modulemap -Xcc -fmodule-map-file\=/Users/sergiorodriguez/Library/Developer/Xcode/DerivedData/Embrace_Ecommerce-bluiupfvipvoshftpieasgwapago/Build/Intermediates.noindex/GeneratedModuleMaps-iphonesimulator/FirebaseAppCheck.modulemap -Xcc -fmodule-map-file\=/Users/sergiorodriguez/Library/Developer/Xcode/DerivedData/Embrace_Ecommerce-bluiupfvipvoshftpieasgwapago/Build/Intermediates.noindex/GeneratedModuleMaps-iphonesimulator/GoogleUtilities-UserDefaults.modulemap -Xcc -fmodule-map-file\=/Users/sergiorodriguez/Library/Developer/Xcode/DerivedData/Embrace_Ecommerce-bluiupfvipvoshftpieasgwapago/Build/Intermediates.noindex/GeneratedModuleMaps-iphonesimulator/GoogleAppMeasurementCoreTarget.modulemap -Xcc -fmodule-map-file\=/Users/sergiorodriguez/Library/Developer/Xcode/DerivedData/Embrace_Ecommerce-bluiupfvipvoshftpieasgwapago/Build/Intermediates.noindex/GeneratedModuleMaps-iphonesimulator/GoogleUtilities-AppDelegateSwizzler.modulemap -Xcc -fmodule-map-file\=/Users/sergiorodriguez/Library/Developer/Xcode/DerivedData/Embrace_Ecommerce-bluiupfvipvoshftpieasgwapago/Build/Intermediates.noindex/GeneratedModuleMaps-iphonesimulator/GoogleUtilities-MethodSwizzler.modulemap -Xcc -fmodule-map-file\=/Users/sergiorodriguez/Library/Developer/Xcode/DerivedData/Embrace_Ecommerce-bluiupfvipvoshftpieasgwapago/Build/Intermediates.noindex/GeneratedModuleMaps-iphonesimulator/GoogleUtilities-Reachability.modulemap -Xcc -fmodule-map-file\=/Users/sergiorodriguez/Library/Developer/Xcode/DerivedData/Embrace_Ecommerce-bluiupfvipvoshftpieasgwapago/Build/Intermediates.noindex/GeneratedModuleMaps-iphonesimulator/GoogleUtilities-NSData.modulemap -Xcc -fmodule-map-file\=/Users/sergiorodriguez/Library/Developer/Xcode/DerivedData/Embrace_Ecommerce-bluiupfvipvoshftpieasgwapago/Build/Intermediates.noindex/GeneratedModuleMaps-iphonesimulator/GoogleUtilities-Logger.modulemap -Xcc -fmodule-map-file\=/Users/sergiorodriguez/Library/Developer/Xcode/DerivedData/Embrace_Ecommerce-bluiupfvipvoshftpieasgwapago/Build/Intermediates.noindex/GeneratedModuleMaps-iphonesimulator/GoogleUtilities-Environment.modulemap -Xcc -fmodule-map-file\=/Users/sergiorodriguez/Library/Developer/Xcode/DerivedData/Embrace_Ecommerce-bluiupfvipvoshftpieasgwapago/Build/Intermediates.noindex/GeneratedModuleMaps-iphonesimulator/third-party-IsAppEncrypted.modulemap -Xcc -fmodule-map-file\=/Users/sergiorodriguez/Library/Developer/Xcode/DerivedData/Embrace_Ecommerce-bluiupfvipvoshftpieasgwapago/Build/Intermediates.noindex/GeneratedModuleMaps-iphonesimulator/GoogleUtilities-Network.modulemap -Xcc -fmodule-map-file\=/Users/sergiorodriguez/Library/Developer/Xcode/DerivedData/Embrace_Ecommerce-bluiupfvipvoshftpieasgwapago/Build/Intermediates.noindex/GeneratedModuleMaps-iphonesimulator/nanopb.modulemap -Xcc -fmodule-map-file\=/Users/sergiorodriguez/Library/Developer/Xcode/DerivedData/Embrace_Ecommerce-bluiupfvipvoshftpieasgwapago/Build/Intermediates.noindex/GeneratedModuleMaps-iphonesimulator/FirebaseAnalyticsCoreWrapper.modulemap -Xcc -fmodule-map-file\=/Users/sergiorodriguez/Library/Developer/Xcode/DerivedData/Embrace_Ecommerce-bluiupfvipvoshftpieasgwapago/Build/Intermediates.noindex/GeneratedModuleMaps-iphonesimulator/FirebaseInstallations.modulemap -Xcc -fmodule-map-file\=/Users/sergiorodriguez/Library/Developer/Xcode/DerivedData/Embrace_Ecommerce-bluiupfvipvoshftpieasgwapago/Build/Intermediates.noindex/GeneratedModuleMaps-iphonesimulator/FirebaseCore.modulemap -Xcc -fmodule-map-file\=/Users/sergiorodriguez/Library/Developer/Xcode/DerivedData/Embrace_Ecommerce-bluiupfvipvoshftpieasgwapago/Build/Intermediates.noindex/GeneratedModuleMaps-iphonesimulator/FirebaseAnalyticsCoreTarget.modulemap -enable-bare-slash-regex -enable-experimental-feature DebugDescriptionMacro -sdk /Applications/Xcode.app/Contents/Developer/Platforms/iPhoneSimulator.platform/Developer/SDKs/iPhoneSimulator18.5.sdk -target x86_64-apple-ios18.5-simulator -g -module-cache-path /Users/sergiorodriguez/Library/Developer/Xcode/DerivedData/ModuleCache.noindex -Xfrontend -serialize-debugging-options -enable-testing -index-store-path /Users/sergiorodriguez/Library/Developer/Xcode/DerivedData/Embrace_Ecommerce-bluiupfvipvoshftpieasgwapago/Index.noindex/DataStore -swift-version 5 -I /Users/sergiorodriguez/Library/Developer/Xcode/DerivedData/Embrace_Ecommerce-bluiupfvipvoshftpieasgwapago/Build/Products/Debug-iphonesimulator -F /Users/sergiorodriguez/Library/Developer/Xcode/DerivedData/Embrace_Ecommerce-bluiupfvipvoshftpieasgwapago/Build/Products/Debug-iphonesimulator/PackageFrameworks -F /Users/sergiorodriguez/Library/Developer/Xcode/DerivedData/Embrace_Ecommerce-bluiupfvipvoshftpieasgwapago/Build/Products/Debug-iphonesimulator/PackageFrameworks -F /Users/sergiorodriguez/Library/Developer/Xcode/DerivedData/Embrace_Ecommerce-bluiupfvipvoshftpieasgwapago/Build/Products/Debug-iphonesimulator/PackageFrameworks -F /Users/sergiorodriguez/Library/Developer/Xcode/DerivedData/Embrace_Ecommerce-bluiupfvipvoshftpieasgwapago/Build/Products/Debug-iphonesimulator/PackageFrameworks -F /Users/sergiorodriguez/Library/Developer/Xcode/DerivedData/Embrace_Ecommerce-bluiupfvipvoshftpieasgwapago/Build/Products/Debug-iphonesimulator/PackageFrameworks -F /Users/sergiorodriguez/Library/Developer/Xcode/DerivedData/Embrace_Ecommerce-bluiupfvipvoshftpieasgwapago/Build/Products/Debug-iphonesimulator/PackageFrameworks -F /Users/sergiorodriguez/Library/Developer/Xcode/DerivedData/Embrace_Ecommerce-bluiupfvipvoshftpieasgwapago/Build/Products/Debug-iphonesimulator/PackageFrameworks -F /Users/sergiorodriguez/Library/Developer/Xcode/DerivedData/Embrace_Ecommerce-bluiupfvipvoshftpieasgwapago/Build/Products/Debug-iphonesimulator/PackageFrameworks -F /Users/sergiorodriguez/Library/Developer/Xcode/DerivedData/Embrace_Ecommerce-bluiupfvipvoshftpieasgwapago/Build/Products/Debug-iphonesimulator/PackageFrameworks -F /Users/sergiorodriguez/Library/Developer/Xcode/DerivedData/Embrace_Ecommerce-bluiupfvipvoshftpieasgwapago/Build/Products/Debug-iphonesimulator/PackageFrameworks -F /Users/sergiorodriguez/Library/Developer/Xcode/DerivedData/Embrace_Ecommerce-bluiupfvipvoshftpieasgwapago/Build/Products/Debug-iphonesimulator/PackageFrameworks -F /Users/sergiorodriguez/Library/Developer/Xcode/DerivedData/Embrace_Ecommerce-bluiupfvipvoshftpieasgwapago/Build/Products/Debug-iphonesimulator/PackageFrameworks -F /Users/sergiorodriguez/Library/Developer/Xcode/DerivedData/Embrace_Ecommerce-bluiupfvipvoshftpieasgwapago/Build/Products/Debug-iphonesimulator/PackageFrameworks -F /Users/sergiorodriguez/Library/Developer/Xcode/DerivedData/Embrace_Ecommerce-bluiupfvipvoshftpieasgwapago/Build/Products/Debug-iphonesimulator/PackageFrameworks -F /Users/sergiorodriguez/Library/Developer/Xcode/DerivedData/Embrace_Ecommerce-bluiupfvipvoshftpieasgwapago/Build/Products/Debug-iphonesimulator/PackageFrameworks -F /Users/sergiorodriguez/Library/Developer/Xcode/DerivedData/Embrace_Ecommerce-bluiupfvipvoshftpieasgwapago/Build/Products/Debug-iphonesimulator/PackageFrameworks -F /Users/sergiorodriguez/Library/Developer/Xcode/DerivedData/Embrace_Ecommerce-bluiupfvipvoshftpieasgwapago/Build/Products/Debug-iphonesimulator/PackageFrameworks -F /Users/sergiorodriguez/Library/Developer/Xcode/DerivedData/Embrace_Ecommerce-bluiupfvipvoshftpieasgwapago/Build/Products/Debug-iphonesimulator/PackageFrameworks -F /Users/sergiorodriguez/Library/Developer/Xcode/DerivedData/Embrace_Ecommerce-bluiupfvipvoshftpieasgwapago/Build/Products/Debug-iphonesimulator/PackageFrameworks -F /Users/sergiorodriguez/Library/Developer/Xcode/DerivedData/Embrace_Ecommerce-bluiupfvipvoshftpieasgwapago/Build/Products/Debug-iphonesimulator/PackageFrameworks -F /Users/sergiorodriguez/Library/Developer/Xcode/DerivedData/Embrace_Ecommerce-bluiupfvipvoshftpieasgwapago/Build/Products/Debug-iphonesimulator/PackageFrameworks -F /Users/sergiorodriguez/Library/Developer/Xcode/DerivedData/Embrace_Ecommerce-bluiupfvipvoshftpieasgwapago/Build/Products/Debug-iphonesimulator/PackageFrameworks -F /Users/sergiorodriguez/Library/Developer/Xcode/DerivedData/Embrace_Ecommerce-bluiupfvipvoshftpieasgwapago/Build/Products/Debug-iphonesimulator/PackageFrameworks -F /Users/sergiorodriguez/Library/Developer/Xcode/DerivedData/Embrace_Ecommerce-bluiupfvipvoshftpieasgwapago/Build/Products/Debug-iphonesimulator/PackageFrameworks -F /Users/sergiorodriguez/Library/Developer/Xcode/DerivedData/Embrace_Ecommerce-bluiupfvipvoshftpieasgwapago/Build/Products/Debug-iphonesimulator/PackageFrameworks -F /Users/sergiorodriguez/Library/Developer/Xcode/DerivedData/Embrace_Ecommerce-bluiupfvipvoshftpieasgwapago/Build/Products/Debug-iphonesimulator/PackageFrameworks -F /Users/sergiorodriguez/Library/Developer/Xcode/DerivedData/Embrace_Ecommerce-bluiupfvipvoshftpieasgwapago/Build/Products/Debug-iphonesimulator/PackageFrameworks -F /Users/sergiorodriguez/Library/Developer/Xcode/DerivedData/Embrace_Ecommerce-bluiupfvipvoshftpieasgwapago/Build/Products/Debug-iphonesimulator/PackageFrameworks -F /Users/sergiorodriguez/Library/Developer/Xcode/DerivedData/Embrace_Ecommerce-bluiupfvipvoshftpieasgwapago/Build/Products/Debug-iphonesimulator/PackageFrameworks -F /Users/sergiorodriguez/Library/Developer/Xcode/DerivedData/Embrace_Ecommerce-bluiupfvipvoshftpieasgwapago/Build/Products/Debug-iphonesimulator/PackageFrameworks -F /Users/sergiorodriguez/Library/Developer/Xcode/DerivedData/Embrace_Ecommerce-bluiupfvipvoshftpieasgwapago/Build/Products/Debug-iphonesimulator/PackageFrameworks -F /Users/sergiorodriguez/Library/Developer/Xcode/DerivedData/Embrace_Ecommerce-bluiupfvipvoshftpieasgwapago/Build/Products/Debug-iphonesimulator/PackageFrameworks -F /Users/sergiorodriguez/Library/Developer/Xcode/DerivedData/Embrace_Ecommerce-bluiupfvipvoshftpieasgwapago/Build/Products/Debug-iphonesimulator/PackageFrameworks -F /Users/sergiorodriguez/Library/Developer/Xcode/DerivedData/Embrace_Ecommerce-bluiupfvipvoshftpieasgwapago/Build/Products/Debug-iphonesimulator/PackageFrameworks -F /Users/sergiorodriguez/Library/Developer/Xcode/DerivedData/Embrace_Ecommerce-bluiupfvipvoshftpieasgwapago/Build/Products/Debug-iphonesimulator/PackageFrameworks -F /Users/sergiorodriguez/Library/Developer/Xcode/DerivedData/Embrace_Ecommerce-bluiupfvipvoshftpieasgwapago/Build/Products/Debug-iphonesimulator/PackageFrameworks -F /Users/sergiorodriguez/Library/Developer/Xcode/DerivedData/Embrace_Ecommerce-bluiupfvipvoshftpieasgwapago/Build/Products/Debug-iphonesimulator/PackageFrameworks -F /Users/sergiorodriguez/Library/Developer/Xcode/DerivedData/Embrace_Ecommerce-bluiupfvipvoshftpieasgwapago/Build/Products/Debug-iphonesimulator/PackageFrameworks -F /Users/sergiorodriguez/Library/Developer/Xcode/DerivedData/Embrace_Ecommerce-bluiupfvipvoshftpieasgwapago/Build/Products/Debug-iphonesimulator/PackageFrameworks -F /Users/sergiorodriguez/Library/Developer/Xcode/DerivedData/Embrace_Ecommerce-bluiupfvipvoshftpieasgwapago/Build/Products/Debug-iphonesimulator/PackageFrameworks -F /Users/sergiorodriguez/Library/Developer/Xcode/DerivedData/Embrace_Ecommerce-bluiupfvipvoshftpieasgwapago/Build/Products/Debug-iphonesimulator/PackageFrameworks -F /Users/sergiorodriguez/Library/Developer/Xcode/DerivedData/Embrace_Ecommerce-bluiupfvipvoshftpieasgwapago/Build/Products/Debug-iphonesimulator/PackageFrameworks -F /Users/sergiorodriguez/Library/Developer/Xcode/DerivedData/Embrace_Ecommerce-bluiupfvipvoshftpieasgwapago/Build/Products/Debug-iphonesimulator/PackageFrameworks -F /Users/sergiorodriguez/Library/Developer/Xcode/DerivedData/Embrace_Ecommerce-bluiupfvipvoshftpieasgwapago/Build/Products/Debug-iphonesimulator/PackageFrameworks -F /Users/sergiorodriguez/Library/Developer/Xcode/DerivedData/Embrace_Ecommerce-bluiupfvipvoshftpieasgwapago/Build/Products/Debug-iphonesimulator/PackageFrameworks -F /Users/sergiorodriguez/Library/Developer/Xcode/DerivedData/Embrace_Ecommerce-bluiupfvipvoshftpieasgwapago/Build/Products/Debug-iphonesimulator/PackageFrameworks -F /Users/sergiorodriguez/Library/Developer/Xcode/DerivedData/Embrace_Ecommerce-bluiupfvipvoshftpieasgwapago/Build/Products/Debug-iphonesimulator/PackageFrameworks -F /Users/sergiorodriguez/Library/Developer/Xcode/DerivedData/Embrace_Ecommerce-bluiupfvipvoshftpieasgwapago/Build/Products/Debug-iphonesimulator/PackageFrameworks -F /Users/sergiorodriguez/Library/Developer/Xcode/DerivedData/Embrace_Ecommerce-bluiupfvipvoshftpieasgwapago/Build/Products/Debug-iphonesimulator/PackageFrameworks -F /Users/sergiorodriguez/Library/Developer/Xcode/DerivedData/Embrace_Ecommerce-bluiupfvipvoshftpieasgwapago/Build/Products/Debug-iphonesimulator/PackageFrameworks -F /Users/sergiorodriguez/Library/Developer/Xcode/DerivedData/Embrace_Ecommerce-bluiupfvipvoshftpieasgwapago/Build/Products/Debug-iphonesimulator/PackageFrameworks -F /Users/sergiorodriguez/Library/Developer/Xcode/DerivedData/Embrace_Ecommerce-bluiupfvipvoshftpieasgwapago/Build/Products/Debug-iphonesimulator/PackageFrameworks -F /Users/sergiorodriguez/Library/Developer/Xcode/DerivedData/Embrace_Ecommerce-bluiupfvipvoshftpieasgwapago/Build/Products/Debug-iphonesimulator/PackageFrameworks -F /Users/sergiorodriguez/Library/Developer/Xcode/DerivedData/Embrace_Ecommerce-bluiupfvipvoshftpieasgwapago/Build/Products/Debug-iphonesimulator/PackageFrameworks -F /Users/sergiorodriguez/Library/Developer/Xcode/DerivedData/Embrace_Ecommerce-bluiupfvipvoshftpieasgwapago/Build/Products/Debug-iphonesimulator/PackageFrameworks -F /Users/sergiorodriguez/Library/Developer/Xcode/DerivedData/Embrace_Ecommerce-bluiupfvipvoshftpieasgwapago/Build/Products/Debug-iphonesimulator/PackageFrameworks -F /Users/sergiorodriguez/Library/Developer/Xcode/DerivedData/Embrace_Ecommerce-bluiupfvipvoshftpieasgwapago/Build/Products/Debug-iphonesimulator/PackageFrameworks -F /Users/sergiorodriguez/Library/Developer/Xcode/DerivedData/Embrace_Ecommerce-bluiupfvipvoshftpieasgwapago/Build/Products/Debug-iphonesimulator/PackageFrameworks -F /Users/sergiorodriguez/Library/Developer/Xcode/DerivedData/Embrace_Ecommerce-bluiupfvipvoshftpieasgwapago/Build/Products/Debug-iphonesimulator/PackageFrameworks -F /Users/sergiorodriguez/Library/Developer/Xcode/DerivedData/Embrace_Ecommerce-bluiupfvipvoshftpieasgwapago/Build/Products/Debug-iphonesimulator/PackageFrameworks -F /Users/sergiorodriguez/Library/Developer/Xcode/DerivedData/Embrace_Ecommerce-bluiupfvipvoshftpieasgwapago/Build/Products/Debug-iphonesimulator/PackageFrameworks -F /Users/sergiorodriguez/Library/Developer/Xcode/DerivedData/Embrace_Ecommerce-bluiupfvipvoshftpieasgwapago/Build/Products/Debug-iphonesimulator/PackageFrameworks -F /Users/sergiorodriguez/Library/Developer/Xcode/DerivedData/Embrace_Ecommerce-bluiupfvipvoshftpieasgwapago/Build/Products/Debug-iphonesimulator/PackageFrameworks -F /Users/sergiorodriguez/Library/Developer/Xcode/DerivedData/Embrace_Ecommerce-bluiupfvipvoshftpieasgwapago/Build/Products/Debug-iphonesimulator/PackageFrameworks -F /Users/sergiorodriguez/Library/Developer/Xcode/DerivedData/Embrace_Ecommerce-bluiupfvipvoshftpieasgwapago/Build/Products/Debug-iphonesimulator -Xfrontend -load-plugin-executable -Xfrontend /Users/sergiorodriguez/Library/Developer/Xcode/DerivedData/Embrace_Ecommerce-bluiupfvipvoshftpieasgwapago/Build/Products/Debug/EmbraceMacroPlugin\#EmbraceMacroPlugin -emit-localized-strings -emit-localized-strings-path /Users/sergiorodriguez/Library/Developer/Xcode/DerivedData/Embrace_Ecommerce-bluiupfvipvoshftpieasgwapago/Build/Intermediates.noindex/Embrace\ Ecommerce.build/Debug-iphonesimulator/Embrace\ Ecommerce.build/Objects-normal/x86_64 -c -j8 -enable-batch-mode -incremental -Xcc -ivfsstatcache -Xcc /Users/sergiorodriguez/Library/Developer/Xcode/DerivedData/SDKStatCaches.noindex/iphonesimulator18.5-22F76-d5fc8ad4295d2ef488fb7d0f804ce0c4.sdkstatcache -output-file-map /Users/sergiorodriguez/Library/Developer/Xcode/DerivedData/Embrace_Ecommerce-bluiupfvipvoshftpieasgwapago/Build/Intermediates.noindex/Embrace\ Ecommerce.build/Debug-iphonesimulator/Embrace\ Ecommerce.build/Objects-normal/x86_64/Embrace\ Ecommerce-OutputFileMap.json -use-frontend-parseable-output -save-temps -no-color-diagnostics -serialize-diagnostics -emit-dependencies -emit-module -emit-module-path /Users/sergiorodriguez/Library/Developer/Xcode/DerivedData/Embrace_Ecommerce-bluiupfvipvoshftpieasgwapago/Build/Intermediates.noindex/Embrace\ Ecommerce.build/Debug-iphonesimulator/Embrace\ Ecommerce.build/Objects-normal/x86_64/Embrace_Ecommerce.swiftmodule -validate-clang-modules-once -clang-build-session-file /Users/sergiorodriguez/Library/Developer/Xcode/DerivedData/ModuleCache.noindex/Session.modulevalidation -Xcc -I/Users/sergiorodriguez/Library/Developer/Xcode/DerivedData/Embrace_Ecommerce-bluiupfvipvoshftpieasgwapago/Build/Intermediates.noindex/Embrace\ Ecommerce.build/Debug-iphonesimulator/Embrace\ Ecommerce.build/swift-overrides.hmap -emit-const-values -Xfrontend -const-gather-protocols-file -Xfrontend /Users/sergiorodriguez/Library/Developer/Xcode/DerivedData/Embrace_Ecommerce-bluiupfvipvoshftpieasgwapago/Build/Intermediates.noindex/Embrace\ Ecommerce.build/Debug-iphonesimulator/Embrace\ Ecommerce.build/Objects-normal/x86_64/Embrace\ Ecommerce_const_extract_protocols.json -Xcc -iquote -Xcc /Users/sergiorodriguez/Library/Developer/Xcode/DerivedData/Embrace_Ecommerce-bluiupfvipvoshftpieasgwapago/Build/Intermediates.noindex/Embrace\ Ecommerce.build/Debug-iphonesimulator/Embrace\ Ecommerce.build/Embrace\ Ecommerce-generated-files.hmap -Xcc -I/Users/sergiorodriguez/Library/Developer/Xcode/DerivedData/Embrace_Ecommerce-bluiupfvipvoshftpieasgwapago/Build/Intermediates.noindex/Embrace\ Ecommerce.build/Debug-iphonesimulator/Embrace\ Ecommerce.build/Embrace\ Ecommerce-own-target-headers.hmap -Xcc -I/Users/sergiorodriguez/Library/Developer/Xcode/DerivedData/Embrace_Ecommerce-bluiupfvipvoshftpieasgwapago/Build/Intermediates.noindex/Embrace\ Ecommerce.build/Debug-iphonesimulator/Embrace\ Ecommerce.build/Embrace\ Ecommerce-all-non-framework-target-headers.hmap -Xcc -ivfsoverlay -Xcc /Users/sergiorodriguez/Library/Developer/Xcode/DerivedData/Embrace_Ecommerce-bluiupfvipvoshftpieasgwapago/Build/Intermediates.noindex/Embrace\ Ecommerce.build/Debug-iphonesimulator/Embrace\ Ecommerce-34bc634bdafa12035215f29503d468df-VFS-iphonesimulator/all-product-headers.yaml -Xcc -iquote -Xcc /Users/sergiorodriguez/Library/Developer/Xcode/DerivedData/Embrace_Ecommerce-bluiupfvipvoshftpieasgwapago/Build/Intermediates.noindex/Embrace\ Ecommerce.build/Debug-iphonesimulator/Embrace\ Ecommerce.build/Embrace\ Ecommerce-project-headers.hmap -Xcc -I/Users/sergiorodriguez/Library/Developer/Xcode/DerivedData/Embrace_Ecommerce-bluiupfvipvoshftpieasgwapago/SourcePackages/checkouts/google-ads-on-device-conversion-ios-sdk/GoogleAdsOnDeviceConversionWrapper/include -Xcc -I/Users/sergiorodriguez/Library/Developer/Xcode/DerivedData/Embrace_Ecommerce-bluiupfvipvoshftpieasgwapago/SourcePackages/checkouts/GoogleAppMeasurement/GoogleAppMeasurementWrapper/include -Xcc -I/Users/sergiorodriguez/Library/Developer/Xcode/DerivedData/Embrace_Ecommerce-bluiupfvipvoshftpieasgwapago/SourcePackages/checkouts/firebase-ios-sdk/FirebaseAnalyticsWrapper/include -Xcc -I/Users/sergiorodriguez/Library/Developer/Xcode/DerivedData/Embrace_Ecommerce-bluiupfvipvoshftpieasgwapago/SourcePackages/checkouts/firebase-ios-sdk/SwiftPM-PlatformExclude/FirebaseAnalyticsWrap/include -Xcc -I/Users/sergiorodriguez/Library/Developer/Xcode/DerivedData/Embrace_Ecommerce-bluiupfvipvoshftpieasgwapago/SourcePackages/checkouts/GoogleAppMeasurement/GoogleAppMeasurementIdentitySupportWrapper/include -Xcc -I/Users/sergiorodriguez/Library/Developer/Xcode/DerivedData/Embrace_Ecommerce-bluiupfvipvoshftpieasgwapago/SourcePackages/checkouts/firebase-ios-sdk/FirebaseAnalyticsIdentitySupportWrapper/include -Xcc -I/Users/sergiorodriguez/Library/Developer/Xcode/DerivedData/Embrace_Ecommerce-bluiupfvipvoshftpieasgwapago/SourcePackages/checkouts/KSCrash/Sources/KSCrashRecordingCore/include -Xcc -I/Users/sergiorodriguez/Library/Developer/Xcode/DerivedData/Embrace_Ecommerce-bluiupfvipvoshftpieasgwapago/SourcePackages/checkouts/KSCrash/Sources/KSCrashCore/include -Xcc -I/Users/sergiorodriguez/Library/Developer/Xcode/DerivedData/Embrace_Ecommerce-bluiupfvipvoshftpieasgwapago/SourcePackages/checkouts/KSCrash/Sources/KSCrashRecording/include -Xcc -I/Users/sergiorodriguez/Library/Developer/Xcode/DerivedData/Embrace_Ecommerce-bluiupfvipvoshftpieasgwapago/SourcePackages/checkouts/stripe-ios/Stripe3DS2/Stripe3DS2/include -Xcc -I/Users/sergiorodriguez/Library/Developer/Xcode/DerivedData/Embrace_Ecommerce-bluiupfvipvoshftpieasgwapago/SourcePackages/checkouts/embrace-apple-sdk/Sources/EmbraceObjCUtilsInternal/include -Xcc -I/Users/sergiorodriguez/Library/Developer/Xcode/DerivedData/Embrace_Ecommerce-bluiupfvipvoshftpieasgwapago/SourcePackages/checkouts/AppAuth-iOS/Sources/AppAuth -Xcc -I/Users/sergiorodriguez/Library/Developer/Xcode/DerivedData/Embrace_Ecommerce-bluiupfvipvoshftpieasgwapago/SourcePackages/checkouts/AppAuth-iOS/Sources/AppAuthCore -Xcc -I/Users/sergiorodriguez/Library/Developer/Xcode/DerivedData/Embrace_Ecommerce-bluiupfvipvoshftpieasgwapago/SourcePackages/checkouts/gtm-session-fetcher/Sources/Core/Public -Xcc -I/Users/sergiorodriguez/Library/Developer/Xcode/DerivedData/Embrace_Ecommerce-bluiupfvipvoshftpieasgwapago/SourcePackages/checkouts/GoogleSignIn-iOS/GoogleSignIn/Sources/Public -Xcc -I/Users/sergiorodriguez/Library/Developer/Xcode/DerivedData/Embrace_Ecommerce-bluiupfvipvoshftpieasgwapago/SourcePackages/checkouts/firebase-ios-sdk/FirebaseCore/Extension -Xcc -I/Users/sergiorodriguez/Library/Developer/Xcode/DerivedData/Embrace_Ecommerce-bluiupfvipvoshftpieasgwapago/SourcePackages/checkouts/firebase-ios-sdk/FirebaseAuth/Interop/Public -Xcc -I/Users/sergiorodriguez/Library/Developer/Xcode/DerivedData/Embrace_Ecommerce-bluiupfvipvoshftpieasgwapago/SourcePackages/checkouts/app-check/AppCheckCore/Sources/Public -Xcc -I/Users/sergiorodriguez/Library/Developer/Xcode/DerivedData/Embrace_Ecommerce-bluiupfvipvoshftpieasgwapago/SourcePackages/checkouts/firebase-ios-sdk/FirebaseAppCheck/Interop/Public -Xcc -I/Users/sergiorodriguez/Library/Developer/Xcode/DerivedData/Embrace_Ecommerce-bluiupfvipvoshftpieasgwapago/SourcePackages/checkouts/firebase-ios-sdk/FirebaseAppCheck/Sources/Public -Xcc -I/Users/sergiorodriguez/Library/Developer/Xcode/DerivedData/Embrace_Ecommerce-bluiupfvipvoshftpieasgwapago/SourcePackages/checkouts/promises/Sources/FBLPromises/include -Xcc -I/Users/sergiorodriguez/Library/Developer/Xcode/DerivedData/Embrace_Ecommerce-bluiupfvipvoshftpieasgwapago/SourcePackages/checkouts/GoogleUtilities/GoogleUtilities/UserDefaults/Public -Xcc -I/Users/sergiorodriguez/Library/Developer/Xcode/DerivedData/Embrace_Ecommerce-bluiupfvipvoshftpieasgwapago/SourcePackages/checkouts/GoogleAppMeasurement/GoogleAppMeasurementCoreWrapper/include -Xcc -I/Users/sergiorodriguez/Library/Developer/Xcode/DerivedData/Embrace_Ecommerce-bluiupfvipvoshftpieasgwapago/SourcePackages/checkouts/GoogleUtilities/GoogleUtilities/AppDelegateSwizzler/Public -Xcc -I/Users/sergiorodriguez/Library/Developer/Xcode/DerivedData/Embrace_Ecommerce-bluiupfvipvoshftpieasgwapago/SourcePackages/checkouts/GoogleUtilities/GoogleUtilities/MethodSwizzler/Public -Xcc -I/Users/sergiorodriguez/Library/Developer/Xcode/DerivedData/Embrace_Ecommerce-bluiupfvipvoshftpieasgwapago/SourcePackages/checkouts/GoogleUtilities/GoogleUtilities/Reachability/Public -Xcc -I/Users/sergiorodriguez/Library/Developer/Xcode/DerivedData/Embrace_Ecommerce-bluiupfvipvoshftpieasgwapago/SourcePackages/checkouts/GoogleUtilities/GoogleUtilities/NSData+zlib/Public -Xcc -I/Users/sergiorodriguez/Library/Developer/Xcode/DerivedData/Embrace_Ecommerce-bluiupfvipvoshftpieasgwapago/SourcePackages/checkouts/GoogleUtilities/GoogleUtilities/Logger/Public -Xcc -I/Users/sergiorodriguez/Library/Developer/Xcode/DerivedData/Embrace_Ecommerce-bluiupfvipvoshftpieasgwapago/SourcePackages/checkouts/GoogleUtilities/GoogleUtilities/Environment/Public -Xcc -I/Users/sergiorodriguez/Library/Developer/Xcode/DerivedData/Embrace_Ecommerce-bluiupfvipvoshftpieasgwapago/SourcePackages/checkouts/GoogleUtilities/third_party/IsAppEncrypted/Public -Xcc -I/Users/sergiorodriguez/Library/Developer/Xcode/DerivedData/Embrace_Ecommerce-bluiupfvipvoshftpieasgwapago/SourcePackages/checkouts/GoogleUtilities/GoogleUtilities/Network/Public -Xcc -I/Users/sergiorodriguez/Library/Developer/Xcode/DerivedData/Embrace_Ecommerce-bluiupfvipvoshftpieasgwapago/SourcePackages/checkouts/nanopb/spm_headers -Xcc -I/Users/sergiorodriguez/Library/Developer/Xcode/DerivedData/Embrace_Ecommerce-bluiupfvipvoshftpieasgwapago/SourcePackages/checkouts/firebase-ios-sdk/FirebaseAnalyticsCoreWrapper/include -Xcc -I/Users/sergiorodriguez/Library/Developer/Xcode/DerivedData/Embrace_Ecommerce-bluiupfvipvoshftpieasgwapago/SourcePackages/checkouts/firebase-ios-sdk/FirebaseInstallations/Source/Library/Public -Xcc -I/Users/sergiorodriguez/Library/Developer/Xcode/DerivedData/Embrace_Ecommerce-bluiupfvipvoshftpieasgwapago/SourcePackages/checkouts/firebase-ios-sdk/FirebaseCore/Sources/Public -Xcc -I/Users/sergiorodriguez/Library/Developer/Xcode/DerivedData/Embrace_Ecommerce-bluiupfvipvoshftpieasgwapago/SourcePackages/checkouts/firebase-ios-sdk/CoreOnly/Sources -Xcc -I/Users/sergiorodriguez/Library/Developer/Xcode/DerivedData/Embrace_Ecommerce-bluiupfvipvoshftpieasgwapago/SourcePackages/checkouts/firebase-ios-sdk/SwiftPM-PlatformExclude/FirebaseAnalyticsCoreWrap/include -Xcc -I/Users/sergiorodriguez/Library/Developer/Xcode/DerivedData/Embrace_Ecommerce-bluiupfvipvoshftpieasgwapago/Build/Products/Debug-iphonesimulator/include -Xcc -I/Users/sergiorodriguez/Library/Developer/Xcode/DerivedData/Embrace_Ecommerce-bluiupfvipvoshftpieasgwapago/Build/Intermediates.noindex/Embrace\ Ecommerce.build/Debug-iphonesimulator/Embrace\ Ecommerce.build/DerivedSources-normal/x86_64 -Xcc -I/Users/sergiorodriguez/Library/Developer/Xcode/DerivedData/Embrace_Ecommerce-bluiupfvipvoshftpieasgwapago/Build/Intermediates.noindex/Embrace\ Ecommerce.build/Debug-iphonesimulator/Embrace\ Ecommerce.build/DerivedSources/x86_64 -Xcc -I/Users/sergiorodriguez/Library/Developer/Xcode/DerivedData/Embrace_Ecommerce-bluiupfvipvoshftpieasgwapago/Build/Intermediates.noindex/Embrace\ Ecommerce.build/Debug-iphonesimulator/Embrace\ Ecommerce.build/DerivedSources -Xcc -DDEBUG\=1 -emit-objc-header -emit-objc-header-path /Users/sergiorodriguez/Library/Developer/Xcode/DerivedData/Embrace_Ecommerce-bluiupfvipvoshftpieasgwapago/Build/Intermediates.noindex/Embrace\ Ecommerce.build/Debug-iphonesimulator/Embrace\ Ecommerce.build/Objects-normal/x86_64/Embrace_Ecommerce-Swift.h -working-directory /Users/sergiorodriguez/Documents/test\ apps/Embrace\ Ecommerce -experimental-emit-module-separately -disable-cmo

** BUILD FAILED **


The following build commands failed:
	SwiftCompile normal x86_64 Compiling\ AuthenticationModels.swift,\ NetworkSettingsView.swift,\ MockNetworkService.swift,\ StripePaymentService.swift,\ BiometricSettingsView.swift,\ MainTabView.swift,\ EmbraceService.swift,\ AddressValidationResultView.swift /Users/sergiorodriguez/Documents/test\ apps/Embrace\ Ecommerce/Embrace\ Ecommerce/Models/AuthenticationModels.swift /Users/sergiorodriguez/Documents/test\ apps/Embrace\ Ecommerce/Embrace\ Ecommerce/Views/NetworkSettingsView.swift /Users/sergiorodriguez/Documents/test\ apps/Embrace\ Ecommerce/Embrace\ Ecommerce/Services/MockNetworkService.swift /Users/sergiorodriguez/Documents/test\ apps/Embrace\ Ecommerce/Embrace\ Ecommerce/Services/StripePaymentService.swift /Users/sergiorodriguez/Documents/test\ apps/Embrace\ Ecommerce/Embrace\ Ecommerce/Views/BiometricSettingsView.swift /Users/sergiorodriguez/Documents/test\ apps/Embrace\ Ecommerce/Embrace\ Ecommerce/Views/MainTabView.swift /Users/sergiorodriguez/Documents/test\ apps/Embrace\ Ecommerce/Embrace\ Ecommerce/Services/EmbraceService.swift /Users/sergiorodriguez/Documents/test\ apps/Embrace\ Ecommerce/Embrace\ Ecommerce/Views/AddressValidationResultView.swift (in target 'Embrace Ecommerce' from project 'Embrace Ecommerce')
	SwiftCompile normal x86_64 /Users/sergiorodriguez/Documents/test\ apps/Embrace\ Ecommerce/Embrace\ Ecommerce/Services/EmbraceService.swift (in target 'Embrace Ecommerce' from project 'Embrace Ecommerce')
	Building project Embrace Ecommerce with scheme Embrace Ecommerce
(3 failures)
